[2024-12-17T12:43:48.085+0330][0.062s][info][gc] Using G1
[2024-12-17T12:43:48.101+0330][0.068s][info][gc,init] Version: 17.0.2+8-LTS-86 (release)
[2024-12-17T12:43:48.101+0330][0.068s][info][gc,init] CPUs: 4 total, 4 available
[2024-12-17T12:43:48.101+0330][0.068s][info][gc,init] Memory: 12177M
[2024-12-17T12:43:48.101+0330][0.068s][info][gc,init] Large Page Support: Disabled
[2024-12-17T12:43:48.101+0330][0.068s][info][gc,init] NUMA Support: Disabled
[2024-12-17T12:43:48.101+0330][0.068s][info][gc,init] Compressed Oops: Enabled (Zero based)
[2024-12-17T12:43:48.101+0330][0.068s][info][gc,init] Heap Region Size: 2M
[2024-12-17T12:43:48.101+0330][0.068s][info][gc,init] Heap Min Capacity: 8M
[2024-12-17T12:43:48.101+0330][0.068s][info][gc,init] Heap Initial Capacity: 192M
[2024-12-17T12:43:48.101+0330][0.069s][info][gc,init] Heap Max Capacity: 3046M
[2024-12-17T12:43:48.101+0330][0.069s][info][gc,init] Pre-touch: Disabled
[2024-12-17T12:43:48.101+0330][0.069s][info][gc,init] Parallel Workers: 4
[2024-12-17T12:43:48.101+0330][0.069s][info][gc,init] Concurrent Workers: 1
[2024-12-17T12:43:48.101+0330][0.069s][info][gc,init] Concurrent Refinement Workers: 4
[2024-12-17T12:43:48.101+0330][0.069s][info][gc,init] Periodic GC: Disabled
[2024-12-17T12:43:48.101+0330][0.071s][info][gc,metaspace] CDS archive(s) mapped at: [0x0000000800000000-0x0000000800bc0000-0x0000000800bc0000), size 12320768, SharedBaseAddress: 0x0000000800000000, ArchiveRelocationMode: 0.
[2024-12-17T12:43:48.101+0330][0.071s][info][gc,metaspace] Compressed class space mapped at: 0x0000000800c00000-0x0000000840c00000, reserved size: 1073741824
[2024-12-17T12:43:48.101+0330][0.071s][info][gc,metaspace] Narrow klass base: 0x0000000800000000, Narrow klass shift: 0, Narrow klass range: 0x100000000
[2024-12-17T12:43:50.499+0330][2.464s][info][gc,start    ] GC(0) Pause Young (Normal) (G1 Evacuation Pause)
[2024-12-17T12:43:50.500+0330][2.465s][info][gc,task     ] GC(0) Using 4 workers of 4 for evacuation
[2024-12-17T12:43:50.516+0330][2.481s][info][gc,phases   ] GC(0)   Pre Evacuate Collection Set: 0.1ms
[2024-12-17T12:43:50.516+0330][2.481s][info][gc,phases   ] GC(0)   Merge Heap Roots: 0.1ms
[2024-12-17T12:43:50.516+0330][2.481s][info][gc,phases   ] GC(0)   Evacuate Collection Set: 15.4ms
[2024-12-17T12:43:50.516+0330][2.481s][info][gc,phases   ] GC(0)   Post Evacuate Collection Set: 0.6ms
[2024-12-17T12:43:50.516+0330][2.481s][info][gc,phases   ] GC(0)   Other: 0.7ms
[2024-12-17T12:43:50.516+0330][2.481s][info][gc,heap     ] GC(0) Eden regions: 6->0(4)
[2024-12-17T12:43:50.516+0330][2.481s][info][gc,heap     ] GC(0) Survivor regions: 0->1(1)
[2024-12-17T12:43:50.517+0330][2.481s][info][gc,heap     ] GC(0) Old regions: 0->2
[2024-12-17T12:43:50.517+0330][2.482s][info][gc,heap     ] GC(0) Archive regions: 0->0
[2024-12-17T12:43:50.517+0330][2.482s][info][gc,heap     ] GC(0) Humongous regions: 0->0
[2024-12-17T12:43:50.517+0330][2.482s][info][gc,metaspace] GC(0) Metaspace: 4089K(4224K)->4089K(4224K) NonClass: 3705K(3776K)->3705K(3776K) Class: 384K(448K)->384K(448K)
[2024-12-17T12:43:50.517+0330][2.482s][info][gc          ] GC(0) Pause Young (Normal) (G1 Evacuation Pause) 12M->5M(192M) 17.633ms
[2024-12-17T12:43:50.517+0330][2.482s][info][gc,cpu      ] GC(0) User=0.02s Sys=0.03s Real=0.02s
[2024-12-17T12:43:51.312+0330][3.277s][info][gc,start    ] GC(1) Pause Young (Normal) (G1 Evacuation Pause)
[2024-12-17T12:43:51.313+0330][3.277s][info][gc,task     ] GC(1) Using 4 workers of 4 for evacuation
[2024-12-17T12:43:51.316+0330][3.281s][info][gc,phases   ] GC(1)   Pre Evacuate Collection Set: 0.1ms
[2024-12-17T12:43:51.317+0330][3.281s][info][gc,phases   ] GC(1)   Merge Heap Roots: 0.1ms
[2024-12-17T12:43:51.317+0330][3.281s][info][gc,phases   ] GC(1)   Evacuate Collection Set: 3.2ms
[2024-12-17T12:43:51.317+0330][3.281s][info][gc,phases   ] GC(1)   Post Evacuate Collection Set: 0.4ms
[2024-12-17T12:43:51.317+0330][3.282s][info][gc,phases   ] GC(1)   Other: 0.4ms
[2024-12-17T12:43:51.317+0330][3.282s][info][gc,heap     ] GC(1) Eden regions: 3->0(13)
[2024-12-17T12:43:51.317+0330][3.282s][info][gc,heap     ] GC(1) Survivor regions: 1->1(1)
[2024-12-17T12:43:51.317+0330][3.282s][info][gc,heap     ] GC(1) Old regions: 2->4
[2024-12-17T12:43:51.317+0330][3.282s][info][gc,heap     ] GC(1) Archive regions: 0->0
[2024-12-17T12:43:51.317+0330][3.282s][info][gc,heap     ] GC(1) Humongous regions: 0->0
[2024-12-17T12:43:51.317+0330][3.282s][info][gc,metaspace] GC(1) Metaspace: 7464K(7680K)->7464K(7680K) NonClass: 6668K(6784K)->6668K(6784K) Class: 796K(896K)->796K(896K)
[2024-12-17T12:43:51.317+0330][3.282s][info][gc          ] GC(1) Pause Young (Normal) (G1 Evacuation Pause) 11M->6M(192M) 5.034ms
[2024-12-17T12:43:51.318+0330][3.282s][info][gc,cpu      ] GC(1) User=0.00s Sys=0.00s Real=0.01s
[2024-12-17T12:43:52.730+0330][4.702s][info][gc,start    ] GC(2) Pause Young (Normal) (G1 Evacuation Pause)
[2024-12-17T12:43:52.730+0330][4.702s][info][gc,task     ] GC(2) Using 4 workers of 4 for evacuation
[2024-12-17T12:43:52.730+0330][4.708s][info][gc,phases   ] GC(2)   Pre Evacuate Collection Set: 0.1ms
[2024-12-17T12:43:52.730+0330][4.708s][info][gc,phases   ] GC(2)   Merge Heap Roots: 0.1ms
[2024-12-17T12:43:52.730+0330][4.708s][info][gc,phases   ] GC(2)   Evacuate Collection Set: 4.7ms
[2024-12-17T12:43:52.730+0330][4.708s][info][gc,phases   ] GC(2)   Post Evacuate Collection Set: 0.5ms
[2024-12-17T12:43:52.730+0330][4.708s][info][gc,phases   ] GC(2)   Other: 0.2ms
[2024-12-17T12:43:52.730+0330][4.708s][info][gc,heap     ] GC(2) Eden regions: 13->0(55)
[2024-12-17T12:43:52.730+0330][4.708s][info][gc,heap     ] GC(2) Survivor regions: 1->2(2)
[2024-12-17T12:43:52.730+0330][4.708s][info][gc,heap     ] GC(2) Old regions: 4->4
[2024-12-17T12:43:52.730+0330][4.708s][info][gc,heap     ] GC(2) Archive regions: 0->0
[2024-12-17T12:43:52.730+0330][4.708s][info][gc,heap     ] GC(2) Humongous regions: 0->0
[2024-12-17T12:43:52.730+0330][4.708s][info][gc,metaspace] GC(2) Metaspace: 13668K(13952K)->13668K(13952K) NonClass: 12088K(12224K)->12088K(12224K) Class: 1579K(1728K)->1579K(1728K)
[2024-12-17T12:43:52.730+0330][4.708s][info][gc          ] GC(2) Pause Young (Normal) (G1 Evacuation Pause) 32M->8M(192M) 6.351ms
[2024-12-17T12:43:52.730+0330][4.708s][info][gc,cpu      ] GC(2) User=0.00s Sys=0.02s Real=0.00s
[2024-12-17T12:43:54.153+0330][6.118s][info][gc,start    ] GC(3) Pause Young (Concurrent Start) (Metadata GC Threshold)
[2024-12-17T12:43:54.153+0330][6.118s][info][gc,task     ] GC(3) Using 4 workers of 4 for evacuation
[2024-12-17T12:43:54.164+0330][6.129s][info][gc,phases   ] GC(3)   Pre Evacuate Collection Set: 0.1ms
[2024-12-17T12:43:54.164+0330][6.129s][info][gc,phases   ] GC(3)   Merge Heap Roots: 0.1ms
[2024-12-17T12:43:54.164+0330][6.129s][info][gc,phases   ] GC(3)   Evacuate Collection Set: 9.4ms
[2024-12-17T12:43:54.164+0330][6.129s][info][gc,phases   ] GC(3)   Post Evacuate Collection Set: 0.8ms
[2024-12-17T12:43:54.164+0330][6.129s][info][gc,phases   ] GC(3)   Other: 0.5ms
[2024-12-17T12:43:54.164+0330][6.129s][info][gc,heap     ] GC(3) Eden regions: 20->0(54)
[2024-12-17T12:43:54.164+0330][6.129s][info][gc,heap     ] GC(3) Survivor regions: 2->3(8)
[2024-12-17T12:43:54.165+0330][6.129s][info][gc,heap     ] GC(3) Old regions: 4->4
[2024-12-17T12:43:54.165+0330][6.129s][info][gc,heap     ] GC(3) Archive regions: 0->0
[2024-12-17T12:43:54.165+0330][6.129s][info][gc,heap     ] GC(3) Humongous regions: 0->0
[2024-12-17T12:43:54.165+0330][6.129s][info][gc,metaspace] GC(3) Metaspace: 21197K(21504K)->21197K(21504K) NonClass: 18608K(18752K)->18608K(18752K) Class: 2588K(2752K)->2588K(2752K)
[2024-12-17T12:43:54.165+0330][6.129s][info][gc          ] GC(3) Pause Young (Concurrent Start) (Metadata GC Threshold) 46M->10M(192M) 11.579ms
[2024-12-17T12:43:54.165+0330][6.129s][info][gc,cpu      ] GC(3) User=0.03s Sys=0.00s Real=0.01s
[2024-12-17T12:43:54.165+0330][6.130s][info][gc          ] GC(4) Concurrent Mark Cycle
[2024-12-17T12:43:54.165+0330][6.130s][info][gc,marking  ] GC(4) Concurrent Clear Claimed Marks
[2024-12-17T12:43:54.165+0330][6.130s][info][gc,marking  ] GC(4) Concurrent Clear Claimed Marks 0.083ms
[2024-12-17T12:43:54.165+0330][6.130s][info][gc,marking  ] GC(4) Concurrent Scan Root Regions
[2024-12-17T12:43:54.172+0330][6.137s][info][gc,marking  ] GC(4) Concurrent Scan Root Regions 6.912ms
[2024-12-17T12:43:54.172+0330][6.137s][info][gc,marking  ] GC(4) Concurrent Mark
[2024-12-17T12:43:54.172+0330][6.137s][info][gc,marking  ] GC(4) Concurrent Mark From Roots
[2024-12-17T12:43:54.173+0330][6.137s][info][gc,task     ] GC(4) Using 1 workers of 1 for marking
[2024-12-17T12:43:54.180+0330][6.144s][info][gc,marking  ] GC(4) Concurrent Mark From Roots 7.470ms
[2024-12-17T12:43:54.180+0330][6.145s][info][gc,marking  ] GC(4) Concurrent Preclean
[2024-12-17T12:43:54.181+0330][6.145s][info][gc,marking  ] GC(4) Concurrent Preclean 0.557ms
[2024-12-17T12:43:54.181+0330][6.145s][info][gc,start    ] GC(4) Pause Remark
[2024-12-17T12:43:54.184+0330][6.148s][info][gc          ] GC(4) Pause Remark 12M->12M(54M) 3.119ms
[2024-12-17T12:43:54.184+0330][6.149s][info][gc,cpu      ] GC(4) User=0.00s Sys=0.00s Real=0.00s
[2024-12-17T12:43:54.184+0330][6.149s][info][gc,marking  ] GC(4) Concurrent Mark 11.964ms
[2024-12-17T12:43:54.184+0330][6.149s][info][gc,marking  ] GC(4) Concurrent Rebuild Remembered Sets
[2024-12-17T12:43:54.187+0330][6.151s][info][gc,marking  ] GC(4) Concurrent Rebuild Remembered Sets 2.416ms
[2024-12-17T12:43:54.189+0330][6.153s][info][gc,start    ] GC(4) Pause Cleanup
[2024-12-17T12:43:54.189+0330][6.153s][info][gc          ] GC(4) Pause Cleanup 12M->12M(54M) 0.152ms
[2024-12-17T12:43:54.189+0330][6.154s][info][gc,cpu      ] GC(4) User=0.00s Sys=0.00s Real=0.00s
[2024-12-17T12:43:54.189+0330][6.154s][info][gc,marking  ] GC(4) Concurrent Cleanup for Next Mark
[2024-12-17T12:43:54.191+0330][6.156s][info][gc,marking  ] GC(4) Concurrent Cleanup for Next Mark 1.887ms
[2024-12-17T12:43:54.191+0330][6.156s][info][gc          ] GC(4) Concurrent Mark Cycle 26.169ms
[2024-12-17T12:43:54.984+0330][6.950s][info][gc,start    ] GC(5) Pause Young (Prepare Mixed) (G1 Evacuation Pause)
[2024-12-17T12:43:54.984+0330][6.950s][info][gc,task     ] GC(5) Using 4 workers of 4 for evacuation
[2024-12-17T12:43:54.999+0330][6.964s][info][gc,phases   ] GC(5)   Pre Evacuate Collection Set: 0.1ms
[2024-12-17T12:43:54.999+0330][6.964s][info][gc,phases   ] GC(5)   Merge Heap Roots: 0.1ms
[2024-12-17T12:43:54.999+0330][6.964s][info][gc,phases   ] GC(5)   Evacuate Collection Set: 12.7ms
[2024-12-17T12:43:54.999+0330][6.964s][info][gc,phases   ] GC(5)   Post Evacuate Collection Set: 0.6ms
[2024-12-17T12:43:54.999+0330][6.964s][info][gc,phases   ] GC(5)   Other: 0.3ms
[2024-12-17T12:43:54.999+0330][6.964s][info][gc,heap     ] GC(5) Eden regions: 13->0(1)
[2024-12-17T12:43:54.999+0330][6.964s][info][gc,heap     ] GC(5) Survivor regions: 3->2(2)
[2024-12-17T12:43:54.999+0330][6.964s][info][gc,heap     ] GC(5) Old regions: 4->7
[2024-12-17T12:43:54.999+0330][6.964s][info][gc,heap     ] GC(5) Archive regions: 0->0
[2024-12-17T12:43:54.999+0330][6.964s][info][gc,heap     ] GC(5) Humongous regions: 0->0
[2024-12-17T12:43:54.999+0330][6.964s][info][gc,metaspace] GC(5) Metaspace: 24810K(25152K)->24810K(25152K) NonClass: 21705K(21888K)->21705K(21888K) Class: 3105K(3264K)->3105K(3264K)
[2024-12-17T12:43:54.999+0330][6.964s][info][gc          ] GC(5) Pause Young (Prepare Mixed) (G1 Evacuation Pause) 36M->12M(54M) 14.260ms
[2024-12-17T12:43:54.999+0330][6.964s][info][gc,cpu      ] GC(5) User=0.03s Sys=0.00s Real=0.02s
[2024-12-17T12:43:55.081+0330][7.046s][info][gc,start    ] GC(6) Pause Young (Mixed) (G1 Evacuation Pause)
[2024-12-17T12:43:55.081+0330][7.046s][info][gc,task     ] GC(6) Using 4 workers of 4 for evacuation
[2024-12-17T12:43:55.085+0330][7.050s][info][gc,phases   ] GC(6)   Pre Evacuate Collection Set: 0.1ms
[2024-12-17T12:43:55.085+0330][7.051s][info][gc,phases   ] GC(6)   Merge Heap Roots: 0.1ms
[2024-12-17T12:43:55.086+0330][7.051s][info][gc,phases   ] GC(6)   Evacuate Collection Set: 3.4ms
[2024-12-17T12:43:55.086+0330][7.051s][info][gc,phases   ] GC(6)   Post Evacuate Collection Set: 0.5ms
[2024-12-17T12:43:55.086+0330][7.051s][info][gc,phases   ] GC(6)   Other: 0.2ms
[2024-12-17T12:43:55.086+0330][7.051s][info][gc,heap     ] GC(6) Eden regions: 1->0(11)
[2024-12-17T12:43:55.086+0330][7.051s][info][gc,heap     ] GC(6) Survivor regions: 2->1(1)
[2024-12-17T12:43:55.086+0330][7.051s][info][gc,heap     ] GC(6) Old regions: 7->7
[2024-12-17T12:43:55.086+0330][7.051s][info][gc,heap     ] GC(6) Archive regions: 0->0
[2024-12-17T12:43:55.086+0330][7.051s][info][gc,heap     ] GC(6) Humongous regions: 0->0
[2024-12-17T12:43:55.086+0330][7.051s][info][gc,metaspace] GC(6) Metaspace: 24943K(25280K)->24943K(25280K) NonClass: 21819K(22016K)->21819K(22016K) Class: 3124K(3264K)->3124K(3264K)
[2024-12-17T12:43:55.086+0330][7.051s][info][gc          ] GC(6) Pause Young (Mixed) (G1 Evacuation Pause) 14M->13M(54M) 5.034ms
[2024-12-17T12:43:55.086+0330][7.051s][info][gc,cpu      ] GC(6) User=0.03s Sys=0.00s Real=0.00s
[2024-12-17T12:43:56.014+0330][7.979s][info][gc,start    ] GC(7) Pause Young (Normal) (G1 Evacuation Pause)
[2024-12-17T12:43:56.014+0330][7.979s][info][gc,task     ] GC(7) Using 4 workers of 4 for evacuation
[2024-12-17T12:43:56.017+0330][7.982s][info][gc,phases   ] GC(7)   Pre Evacuate Collection Set: 0.1ms
[2024-12-17T12:43:56.017+0330][7.983s][info][gc,phases   ] GC(7)   Merge Heap Roots: 0.1ms
[2024-12-17T12:43:56.017+0330][7.983s][info][gc,phases   ] GC(7)   Evacuate Collection Set: 2.8ms
[2024-12-17T12:43:56.017+0330][7.983s][info][gc,phases   ] GC(7)   Post Evacuate Collection Set: 0.6ms
[2024-12-17T12:43:56.018+0330][7.983s][info][gc,phases   ] GC(7)   Other: 0.3ms
[2024-12-17T12:43:56.018+0330][7.983s][info][gc,heap     ] GC(7) Eden regions: 11->0(12)
[2024-12-17T12:43:56.018+0330][7.983s][info][gc,heap     ] GC(7) Survivor regions: 1->1(2)
[2024-12-17T12:43:56.018+0330][7.983s][info][gc,heap     ] GC(7) Old regions: 7->7
[2024-12-17T12:43:56.018+0330][7.983s][info][gc,heap     ] GC(7) Archive regions: 0->0
[2024-12-17T12:43:56.018+0330][7.983s][info][gc,heap     ] GC(7) Humongous regions: 0->0
[2024-12-17T12:43:56.018+0330][7.983s][info][gc,metaspace] GC(7) Metaspace: 26664K(26944K)->26664K(26944K) NonClass: 23287K(23424K)->23287K(23424K) Class: 3377K(3520K)->3377K(3520K)
[2024-12-17T12:43:56.018+0330][7.983s][info][gc          ] GC(7) Pause Young (Normal) (G1 Evacuation Pause) 35M->14M(54M) 4.417ms
[2024-12-17T12:43:56.018+0330][7.983s][info][gc,cpu      ] GC(7) User=0.02s Sys=0.00s Real=0.00s
[2024-12-17T12:43:57.006+0330][8.971s][info][gc,start    ] GC(8) Pause Young (Normal) (G1 Evacuation Pause)
[2024-12-17T12:43:57.006+0330][8.971s][info][gc,task     ] GC(8) Using 4 workers of 4 for evacuation
[2024-12-17T12:43:57.011+0330][8.976s][info][gc,phases   ] GC(8)   Pre Evacuate Collection Set: 0.1ms
[2024-12-17T12:43:57.012+0330][8.976s][info][gc,phases   ] GC(8)   Merge Heap Roots: 0.1ms
[2024-12-17T12:43:57.012+0330][8.976s][info][gc,phases   ] GC(8)   Evacuate Collection Set: 4.6ms
[2024-12-17T12:43:57.012+0330][8.976s][info][gc,phases   ] GC(8)   Post Evacuate Collection Set: 0.5ms
[2024-12-17T12:43:57.012+0330][8.976s][info][gc,phases   ] GC(8)   Other: 0.3ms
[2024-12-17T12:43:57.012+0330][8.976s][info][gc,heap     ] GC(8) Eden regions: 12->0(11)
[2024-12-17T12:43:57.012+0330][8.976s][info][gc,heap     ] GC(8) Survivor regions: 1->2(2)
[2024-12-17T12:43:57.012+0330][8.977s][info][gc,heap     ] GC(8) Old regions: 7->7
[2024-12-17T12:43:57.012+0330][8.977s][info][gc,heap     ] GC(8) Archive regions: 0->0
[2024-12-17T12:43:57.012+0330][8.977s][info][gc,heap     ] GC(8) Humongous regions: 0->0
[2024-12-17T12:43:57.012+0330][8.977s][info][gc,metaspace] GC(8) Metaspace: 29587K(30016K)->29587K(30016K) NonClass: 25750K(25984K)->25750K(25984K) Class: 3836K(4032K)->3836K(4032K)
[2024-12-17T12:43:57.012+0330][8.977s][info][gc          ] GC(8) Pause Young (Normal) (G1 Evacuation Pause) 38M->15M(54M) 6.310ms
[2024-12-17T12:43:57.012+0330][8.977s][info][gc,cpu      ] GC(8) User=0.03s Sys=0.00s Real=0.01s
[2024-12-17T12:43:57.974+0330][9.938s][info][gc,start    ] GC(9) Pause Young (Normal) (G1 Evacuation Pause)
[2024-12-17T12:43:57.974+0330][9.938s][info][gc,task     ] GC(9) Using 4 workers of 4 for evacuation
[2024-12-17T12:43:57.982+0330][9.947s][info][gc,phases   ] GC(9)   Pre Evacuate Collection Set: 0.1ms
[2024-12-17T12:43:57.982+0330][9.947s][info][gc,phases   ] GC(9)   Merge Heap Roots: 0.1ms
[2024-12-17T12:43:57.982+0330][9.947s][info][gc,phases   ] GC(9)   Evacuate Collection Set: 7.2ms
[2024-12-17T12:43:57.982+0330][9.947s][info][gc,phases   ] GC(9)   Post Evacuate Collection Set: 0.6ms
[2024-12-17T12:43:57.982+0330][9.947s][info][gc,phases   ] GC(9)   Other: 0.3ms
[2024-12-17T12:43:57.982+0330][9.947s][info][gc,heap     ] GC(9) Eden regions: 11->0(10)
[2024-12-17T12:43:57.982+0330][9.947s][info][gc,heap     ] GC(9) Survivor regions: 2->2(2)
[2024-12-17T12:43:57.982+0330][9.947s][info][gc,heap     ] GC(9) Old regions: 7->8
[2024-12-17T12:43:57.982+0330][9.947s][info][gc,heap     ] GC(9) Archive regions: 0->0
[2024-12-17T12:43:57.982+0330][9.947s][info][gc,heap     ] GC(9) Humongous regions: 0->0
[2024-12-17T12:43:57.983+0330][9.947s][info][gc,metaspace] GC(9) Metaspace: 32678K(33088K)->32678K(33088K) NonClass: 28388K(28608K)->28388K(28608K) Class: 4289K(4480K)->4289K(4480K)
[2024-12-17T12:43:57.983+0330][9.947s][info][gc          ] GC(9) Pause Young (Normal) (G1 Evacuation Pause) 37M->17M(54M) 8.998ms
[2024-12-17T12:43:57.983+0330][9.947s][info][gc,cpu      ] GC(9) User=0.05s Sys=0.00s Real=0.01s
[2024-12-17T12:43:58.757+0330][10.723s][info][gc,start    ] GC(10) Pause Young (Normal) (G1 Evacuation Pause)
[2024-12-17T12:43:58.757+0330][10.723s][info][gc,task     ] GC(10) Using 4 workers of 4 for evacuation
[2024-12-17T12:43:58.766+0330][10.731s][info][gc,phases   ] GC(10)   Pre Evacuate Collection Set: 0.1ms
[2024-12-17T12:43:58.766+0330][10.731s][info][gc,phases   ] GC(10)   Merge Heap Roots: 0.1ms
[2024-12-17T12:43:58.766+0330][10.731s][info][gc,phases   ] GC(10)   Evacuate Collection Set: 7.5ms
[2024-12-17T12:43:58.766+0330][10.731s][info][gc,phases   ] GC(10)   Post Evacuate Collection Set: 0.5ms
[2024-12-17T12:43:58.766+0330][10.731s][info][gc,phases   ] GC(10)   Other: 0.3ms
[2024-12-17T12:43:58.766+0330][10.731s][info][gc,heap     ] GC(10) Eden regions: 10->0(11)
[2024-12-17T12:43:58.766+0330][10.731s][info][gc,heap     ] GC(10) Survivor regions: 2->2(2)
[2024-12-17T12:43:58.766+0330][10.731s][info][gc,heap     ] GC(10) Old regions: 8->8
[2024-12-17T12:43:58.766+0330][10.731s][info][gc,heap     ] GC(10) Archive regions: 0->0
[2024-12-17T12:43:58.766+0330][10.732s][info][gc,heap     ] GC(10) Humongous regions: 0->0
[2024-12-17T12:43:58.766+0330][10.732s][info][gc,metaspace] GC(10) Metaspace: 35474K(35968K)->35474K(35968K) NonClass: 30827K(31104K)->30827K(31104K) Class: 4646K(4864K)->4646K(4864K)
[2024-12-17T12:43:58.766+0330][10.732s][info][gc          ] GC(10) Pause Young (Normal) (G1 Evacuation Pause) 37M->18M(54M) 9.067ms
[2024-12-17T12:43:58.766+0330][10.732s][info][gc,cpu      ] GC(10) User=0.05s Sys=0.00s Real=0.01s
[2024-12-17T12:43:58.813+0330][10.779s][info][gc,start    ] GC(11) Pause Young (Concurrent Start) (Metadata GC Threshold)
[2024-12-17T12:43:58.813+0330][10.779s][info][gc,task     ] GC(11) Using 4 workers of 4 for evacuation
[2024-12-17T12:43:58.813+0330][10.785s][info][gc,phases   ] GC(11)   Pre Evacuate Collection Set: 0.1ms
[2024-12-17T12:43:58.813+0330][10.785s][info][gc,phases   ] GC(11)   Merge Heap Roots: 0.1ms
[2024-12-17T12:43:58.813+0330][10.785s][info][gc,phases   ] GC(11)   Evacuate Collection Set: 4.8ms
[2024-12-17T12:43:58.813+0330][10.785s][info][gc,phases   ] GC(11)   Post Evacuate Collection Set: 0.7ms
[2024-12-17T12:43:58.813+0330][10.785s][info][gc,phases   ] GC(11)   Other: 0.3ms
[2024-12-17T12:43:58.813+0330][10.785s][info][gc,heap     ] GC(11) Eden regions: 1->0(15)
[2024-12-17T12:43:58.813+0330][10.785s][info][gc,heap     ] GC(11) Survivor regions: 2->1(2)
[2024-12-17T12:43:58.813+0330][10.785s][info][gc,heap     ] GC(11) Old regions: 8->9
[2024-12-17T12:43:58.813+0330][10.786s][info][gc,heap     ] GC(11) Archive regions: 0->0
[2024-12-17T12:43:58.813+0330][10.786s][info][gc,heap     ] GC(11) Humongous regions: 0->0
[2024-12-17T12:43:58.813+0330][10.786s][info][gc,metaspace] GC(11) Metaspace: 35673K(36096K)->35673K(36096K) NonClass: 30998K(31232K)->30998K(31232K) Class: 4675K(4864K)->4675K(4864K)
[2024-12-17T12:43:58.813+0330][10.786s][info][gc          ] GC(11) Pause Young (Concurrent Start) (Metadata GC Threshold) 20M->18M(66M) 6.706ms
[2024-12-17T12:43:58.813+0330][10.786s][info][gc,cpu      ] GC(11) User=0.00s Sys=0.00s Real=0.00s
[2024-12-17T12:43:58.813+0330][10.786s][info][gc          ] GC(12) Concurrent Mark Cycle
[2024-12-17T12:43:58.813+0330][10.786s][info][gc,marking  ] GC(12) Concurrent Clear Claimed Marks
[2024-12-17T12:43:58.813+0330][10.786s][info][gc,marking  ] GC(12) Concurrent Clear Claimed Marks 0.078ms
[2024-12-17T12:43:58.813+0330][10.786s][info][gc,marking  ] GC(12) Concurrent Scan Root Regions
[2024-12-17T12:43:58.813+0330][10.791s][info][gc,marking  ] GC(12) Concurrent Scan Root Regions 4.933ms
[2024-12-17T12:43:58.813+0330][10.791s][info][gc,marking  ] GC(12) Concurrent Mark
[2024-12-17T12:43:58.813+0330][10.791s][info][gc,marking  ] GC(12) Concurrent Mark From Roots
[2024-12-17T12:43:58.813+0330][10.791s][info][gc,task     ] GC(12) Using 1 workers of 1 for marking
[2024-12-17T12:43:58.870+0330][10.840s][info][gc,marking  ] GC(12) Concurrent Mark From Roots 48.568ms
[2024-12-17T12:43:58.870+0330][10.840s][info][gc,marking  ] GC(12) Concurrent Preclean
[2024-12-17T12:43:58.876+0330][10.840s][info][gc,marking  ] GC(12) Concurrent Preclean 0.591ms
[2024-12-17T12:43:58.876+0330][10.841s][info][gc,start    ] GC(12) Pause Remark
[2024-12-17T12:43:58.881+0330][10.846s][info][gc          ] GC(12) Pause Remark 20M->20M(66M) 4.868ms
[2024-12-17T12:43:58.881+0330][10.846s][info][gc,cpu      ] GC(12) User=0.00s Sys=0.00s Real=0.01s
[2024-12-17T12:43:58.881+0330][10.846s][info][gc,marking  ] GC(12) Concurrent Mark 54.880ms
[2024-12-17T12:43:58.881+0330][10.846s][info][gc,marking  ] GC(12) Concurrent Rebuild Remembered Sets
[2024-12-17T12:43:58.904+0330][10.869s][info][gc,marking  ] GC(12) Concurrent Rebuild Remembered Sets 22.603ms
[2024-12-17T12:43:58.904+0330][10.869s][info][gc,start    ] GC(12) Pause Cleanup
[2024-12-17T12:43:58.904+0330][10.869s][info][gc          ] GC(12) Pause Cleanup 20M->20M(66M) 0.268ms
[2024-12-17T12:43:58.904+0330][10.869s][info][gc,cpu      ] GC(12) User=0.00s Sys=0.00s Real=0.00s
[2024-12-17T12:43:58.905+0330][10.870s][info][gc,marking  ] GC(12) Concurrent Cleanup for Next Mark
[2024-12-17T12:43:58.907+0330][10.872s][info][gc,marking  ] GC(12) Concurrent Cleanup for Next Mark 2.188ms
[2024-12-17T12:43:58.907+0330][10.872s][info][gc          ] GC(12) Concurrent Mark Cycle 86.120ms
[2024-12-17T12:44:00.036+0330][12.003s][info][gc,start    ] GC(13) Pause Young (Prepare Mixed) (G1 Evacuation Pause)
[2024-12-17T12:44:00.036+0330][12.003s][info][gc,task     ] GC(13) Using 4 workers of 4 for evacuation
[2024-12-17T12:44:00.036+0330][12.008s][info][gc,phases   ] GC(13)   Pre Evacuate Collection Set: 0.1ms
[2024-12-17T12:44:00.036+0330][12.008s][info][gc,phases   ] GC(13)   Merge Heap Roots: 0.1ms
[2024-12-17T12:44:00.036+0330][12.008s][info][gc,phases   ] GC(13)   Evacuate Collection Set: 3.7ms
[2024-12-17T12:44:00.036+0330][12.008s][info][gc,phases   ] GC(13)   Post Evacuate Collection Set: 0.6ms
[2024-12-17T12:44:00.036+0330][12.008s][info][gc,phases   ] GC(13)   Other: 0.2ms
[2024-12-17T12:44:00.036+0330][12.008s][info][gc,heap     ] GC(13) Eden regions: 15->0(1)
[2024-12-17T12:44:00.036+0330][12.008s][info][gc,heap     ] GC(13) Survivor regions: 1->2(2)
[2024-12-17T12:44:00.036+0330][12.008s][info][gc,heap     ] GC(13) Old regions: 9->9
[2024-12-17T12:44:00.036+0330][12.008s][info][gc,heap     ] GC(13) Archive regions: 0->0
[2024-12-17T12:44:00.036+0330][12.009s][info][gc,heap     ] GC(13) Humongous regions: 0->0
[2024-12-17T12:44:00.036+0330][12.009s][info][gc,metaspace] GC(13) Metaspace: 41756K(42176K)->41756K(42176K) NonClass: 36109K(36352K)->36109K(36352K) Class: 5647K(5824K)->5647K(5824K)
[2024-12-17T12:44:00.036+0330][12.009s][info][gc          ] GC(13) Pause Young (Prepare Mixed) (G1 Evacuation Pause) 48M->20M(66M) 5.370ms
[2024-12-17T12:44:00.036+0330][12.009s][info][gc,cpu      ] GC(13) User=0.00s Sys=0.00s Real=0.00s
[2024-12-17T12:44:00.114+0330][12.092s][info][gc,start    ] GC(14) Pause Young (Mixed) (G1 Evacuation Pause)
[2024-12-17T12:44:00.114+0330][12.093s][info][gc,task     ] GC(14) Using 4 workers of 4 for evacuation
[2024-12-17T12:44:00.129+0330][12.100s][info][gc,phases   ] GC(14)   Pre Evacuate Collection Set: 0.1ms
[2024-12-17T12:44:00.129+0330][12.100s][info][gc,phases   ] GC(14)   Merge Heap Roots: 0.1ms
[2024-12-17T12:44:00.129+0330][12.100s][info][gc,phases   ] GC(14)   Evacuate Collection Set: 6.4ms
[2024-12-17T12:44:00.129+0330][12.100s][info][gc,phases   ] GC(14)   Post Evacuate Collection Set: 0.5ms
[2024-12-17T12:44:00.129+0330][12.100s][info][gc,phases   ] GC(14)   Other: 0.2ms
[2024-12-17T12:44:00.129+0330][12.100s][info][gc,heap     ] GC(14) Eden regions: 1->0(15)
[2024-12-17T12:44:00.129+0330][12.100s][info][gc,heap     ] GC(14) Survivor regions: 2->1(1)
[2024-12-17T12:44:00.129+0330][12.100s][info][gc,heap     ] GC(14) Old regions: 9->10
[2024-12-17T12:44:00.129+0330][12.100s][info][gc,heap     ] GC(14) Archive regions: 0->0
[2024-12-17T12:44:00.129+0330][12.100s][info][gc,heap     ] GC(14) Humongous regions: 0->0
[2024-12-17T12:44:00.129+0330][12.100s][info][gc,metaspace] GC(14) Metaspace: 42151K(42624K)->42151K(42624K) NonClass: 36455K(36736K)->36455K(36736K) Class: 5696K(5888K)->5696K(5888K)
[2024-12-17T12:44:00.129+0330][12.100s][info][gc          ] GC(14) Pause Young (Mixed) (G1 Evacuation Pause) 22M->20M(66M) 8.000ms
[2024-12-17T12:44:00.129+0330][12.101s][info][gc,cpu      ] GC(14) User=0.02s Sys=0.02s Real=0.01s
[2024-12-17T12:44:01.660+0330][13.625s][info][gc,start    ] GC(15) Pause Young (Normal) (G1 Evacuation Pause)
[2024-12-17T12:44:01.661+0330][13.625s][info][gc,task     ] GC(15) Using 4 workers of 4 for evacuation
[2024-12-17T12:44:01.667+0330][13.632s][info][gc,phases   ] GC(15)   Pre Evacuate Collection Set: 0.1ms
[2024-12-17T12:44:01.667+0330][13.632s][info][gc,phases   ] GC(15)   Merge Heap Roots: 0.1ms
[2024-12-17T12:44:01.667+0330][13.632s][info][gc,phases   ] GC(15)   Evacuate Collection Set: 5.5ms
[2024-12-17T12:44:01.667+0330][13.632s][info][gc,phases   ] GC(15)   Post Evacuate Collection Set: 0.7ms
[2024-12-17T12:44:01.667+0330][13.632s][info][gc,phases   ] GC(15)   Other: 0.2ms
[2024-12-17T12:44:01.667+0330][13.632s][info][gc,heap     ] GC(15) Eden regions: 15->0(14)
[2024-12-17T12:44:01.667+0330][13.632s][info][gc,heap     ] GC(15) Survivor regions: 1->2(2)
[2024-12-17T12:44:01.668+0330][13.632s][info][gc,heap     ] GC(15) Old regions: 10->10
[2024-12-17T12:44:01.668+0330][13.632s][info][gc,heap     ] GC(15) Archive regions: 0->0
[2024-12-17T12:44:01.668+0330][13.632s][info][gc,heap     ] GC(15) Humongous regions: 0->0
[2024-12-17T12:44:01.668+0330][13.632s][info][gc,metaspace] GC(15) Metaspace: 50410K(51008K)->50410K(51008K) NonClass: 43658K(43968K)->43658K(43968K) Class: 6752K(7040K)->6752K(7040K)
[2024-12-17T12:44:01.668+0330][13.632s][info][gc          ] GC(15) Pause Young (Normal) (G1 Evacuation Pause) 50M->21M(66M) 7.442ms
[2024-12-17T12:44:01.668+0330][13.633s][info][gc,cpu      ] GC(15) User=0.03s Sys=0.00s Real=0.01s
[2024-12-17T12:44:02.545+0330][14.510s][info][gc,start    ] GC(16) Pause Young (Normal) (G1 Evacuation Pause)
[2024-12-17T12:44:02.545+0330][14.510s][info][gc,task     ] GC(16) Using 4 workers of 4 for evacuation
[2024-12-17T12:44:02.550+0330][14.515s][info][gc,phases   ] GC(16)   Pre Evacuate Collection Set: 0.1ms
[2024-12-17T12:44:02.550+0330][14.515s][info][gc,phases   ] GC(16)   Merge Heap Roots: 0.1ms
[2024-12-17T12:44:02.550+0330][14.515s][info][gc,phases   ] GC(16)   Evacuate Collection Set: 3.9ms
[2024-12-17T12:44:02.550+0330][14.515s][info][gc,phases   ] GC(16)   Post Evacuate Collection Set: 0.6ms
[2024-12-17T12:44:02.550+0330][14.515s][info][gc,phases   ] GC(16)   Other: 0.3ms
[2024-12-17T12:44:02.550+0330][14.515s][info][gc,heap     ] GC(16) Eden regions: 14->0(14)
[2024-12-17T12:44:02.550+0330][14.515s][info][gc,heap     ] GC(16) Survivor regions: 2->2(2)
[2024-12-17T12:44:02.550+0330][14.515s][info][gc,heap     ] GC(16) Old regions: 10->10
[2024-12-17T12:44:02.550+0330][14.515s][info][gc,heap     ] GC(16) Archive regions: 0->0
[2024-12-17T12:44:02.550+0330][14.516s][info][gc,heap     ] GC(16) Humongous regions: 0->0
[2024-12-17T12:44:02.550+0330][14.516s][info][gc,metaspace] GC(16) Metaspace: 55419K(55872K)->55419K(55872K) NonClass: 47979K(48192K)->47979K(48192K) Class: 7440K(7680K)->7440K(7680K)
[2024-12-17T12:44:02.551+0330][14.516s][info][gc          ] GC(16) Pause Young (Normal) (G1 Evacuation Pause) 49M->22M(66M) 5.671ms
[2024-12-17T12:44:02.551+0330][14.516s][info][gc,cpu      ] GC(16) User=0.02s Sys=0.00s Real=0.01s
[2024-12-17T12:44:03.659+0330][15.635s][info][gc,start    ] GC(17) Pause Young (Concurrent Start) (Metadata GC Threshold)
[2024-12-17T12:44:03.659+0330][15.636s][info][gc,task     ] GC(17) Using 4 workers of 4 for evacuation
[2024-12-17T12:44:03.675+0330][15.641s][info][gc,phases   ] GC(17)   Pre Evacuate Collection Set: 0.1ms
[2024-12-17T12:44:03.675+0330][15.642s][info][gc,phases   ] GC(17)   Merge Heap Roots: 0.1ms
[2024-12-17T12:44:03.675+0330][15.642s][info][gc,phases   ] GC(17)   Evacuate Collection Set: 4.9ms
[2024-12-17T12:44:03.675+0330][15.642s][info][gc,phases   ] GC(17)   Post Evacuate Collection Set: 0.8ms
[2024-12-17T12:44:03.675+0330][15.642s][info][gc,phases   ] GC(17)   Other: 0.3ms
[2024-12-17T12:44:03.675+0330][15.642s][info][gc,heap     ] GC(17) Eden regions: 13->0(14)
[2024-12-17T12:44:03.675+0330][15.642s][info][gc,heap     ] GC(17) Survivor regions: 2->1(2)
[2024-12-17T12:44:03.675+0330][15.642s][info][gc,heap     ] GC(17) Old regions: 10->11
[2024-12-17T12:44:03.675+0330][15.642s][info][gc,heap     ] GC(17) Archive regions: 0->0
[2024-12-17T12:44:03.675+0330][15.642s][info][gc,heap     ] GC(17) Humongous regions: 0->0
[2024-12-17T12:44:03.675+0330][15.642s][info][gc,metaspace] GC(17) Metaspace: 59928K(60480K)->59928K(60480K) NonClass: 51706K(51968K)->51706K(51968K) Class: 8222K(8512K)->8222K(8512K)
[2024-12-17T12:44:03.675+0330][15.642s][info][gc          ] GC(17) Pause Young (Concurrent Start) (Metadata GC Threshold) 48M->23M(66M) 6.790ms
[2024-12-17T12:44:03.675+0330][15.642s][info][gc,cpu      ] GC(17) User=0.03s Sys=0.00s Real=0.02s
[2024-12-17T12:44:03.675+0330][15.642s][info][gc          ] GC(18) Concurrent Mark Cycle
[2024-12-17T12:44:03.675+0330][15.642s][info][gc,marking  ] GC(18) Concurrent Clear Claimed Marks
[2024-12-17T12:44:03.675+0330][15.643s][info][gc,marking  ] GC(18) Concurrent Clear Claimed Marks 0.088ms
[2024-12-17T12:44:03.675+0330][15.643s][info][gc,marking  ] GC(18) Concurrent Scan Root Regions
[2024-12-17T12:44:03.675+0330][15.649s][info][gc,marking  ] GC(18) Concurrent Scan Root Regions 6.779ms
[2024-12-17T12:44:03.675+0330][15.649s][info][gc,marking  ] GC(18) Concurrent Mark
[2024-12-17T12:44:03.675+0330][15.650s][info][gc,marking  ] GC(18) Concurrent Mark From Roots
[2024-12-17T12:44:03.675+0330][15.650s][info][gc,task     ] GC(18) Using 1 workers of 1 for marking
[2024-12-17T12:44:03.738+0330][15.716s][info][gc,marking  ] GC(18) Concurrent Mark From Roots 66.792ms
[2024-12-17T12:44:03.738+0330][15.716s][info][gc,marking  ] GC(18) Concurrent Preclean
[2024-12-17T12:44:03.738+0330][15.717s][info][gc,marking  ] GC(18) Concurrent Preclean 0.645ms
[2024-12-17T12:44:03.738+0330][15.717s][info][gc,start    ] GC(18) Pause Remark
[2024-12-17T12:44:03.754+0330][15.723s][info][gc          ] GC(18) Pause Remark 24M->24M(66M) 6.095ms
[2024-12-17T12:44:03.754+0330][15.724s][info][gc,cpu      ] GC(18) User=0.02s Sys=0.00s Real=0.02s
[2024-12-17T12:44:03.754+0330][15.724s][info][gc,marking  ] GC(18) Concurrent Mark 74.213ms
[2024-12-17T12:44:03.754+0330][15.724s][info][gc,marking  ] GC(18) Concurrent Rebuild Remembered Sets
[2024-12-17T12:44:03.785+0330][15.752s][info][gc,marking  ] GC(18) Concurrent Rebuild Remembered Sets 28.016ms
[2024-12-17T12:44:03.785+0330][15.752s][info][gc,start    ] GC(18) Pause Cleanup
[2024-12-17T12:44:03.785+0330][15.753s][info][gc          ] GC(18) Pause Cleanup 25M->25M(66M) 0.165ms
[2024-12-17T12:44:03.785+0330][15.753s][info][gc,cpu      ] GC(18) User=0.00s Sys=0.00s Real=0.00s
[2024-12-17T12:44:03.785+0330][15.753s][info][gc,marking  ] GC(18) Concurrent Cleanup for Next Mark
[2024-12-17T12:44:03.785+0330][15.753s][info][gc,marking  ] GC(18) Concurrent Cleanup for Next Mark 0.665ms
[2024-12-17T12:44:03.785+0330][15.753s][info][gc          ] GC(18) Concurrent Mark Cycle 111.131ms
[2024-12-17T12:44:08.450+0330][20.422s][info][gc,start    ] GC(19) Pause Young (Normal) (G1 Evacuation Pause)
[2024-12-17T12:44:08.450+0330][20.422s][info][gc,task     ] GC(19) Using 4 workers of 4 for evacuation
[2024-12-17T12:44:08.468+0330][20.434s][info][gc,phases   ] GC(19)   Pre Evacuate Collection Set: 0.1ms
[2024-12-17T12:44:08.468+0330][20.434s][info][gc,phases   ] GC(19)   Merge Heap Roots: 0.2ms
[2024-12-17T12:44:08.468+0330][20.434s][info][gc,phases   ] GC(19)   Evacuate Collection Set: 10.6ms
[2024-12-17T12:44:08.468+0330][20.434s][info][gc,phases   ] GC(19)   Post Evacuate Collection Set: 1.1ms
[2024-12-17T12:44:08.468+0330][20.434s][info][gc,phases   ] GC(19)   Other: 0.3ms
[2024-12-17T12:44:08.468+0330][20.434s][info][gc,heap     ] GC(19) Eden regions: 14->0(13)
[2024-12-17T12:44:08.468+0330][20.434s][info][gc,heap     ] GC(19) Survivor regions: 1->2(2)
[2024-12-17T12:44:08.468+0330][20.434s][info][gc,heap     ] GC(19) Old regions: 11->11
[2024-12-17T12:44:08.468+0330][20.435s][info][gc,heap     ] GC(19) Archive regions: 0->0
[2024-12-17T12:44:08.468+0330][20.435s][info][gc,heap     ] GC(19) Humongous regions: 0->0
[2024-12-17T12:44:08.468+0330][20.435s][info][gc,metaspace] GC(19) Metaspace: 64916K(65536K)->64916K(65536K) NonClass: 55980K(56320K)->55980K(56320K) Class: 8936K(9216K)->8936K(9216K)
[2024-12-17T12:44:08.468+0330][20.435s][info][gc          ] GC(19) Pause Young (Normal) (G1 Evacuation Pause) 51M->25M(66M) 12.997ms
[2024-12-17T12:44:08.468+0330][20.435s][info][gc,cpu      ] GC(19) User=0.03s Sys=0.00s Real=0.02s
[2024-12-17T12:44:10.757+0330][22.721s][info][gc,start    ] GC(20) Pause Young (Normal) (G1 Evacuation Pause)
[2024-12-17T12:44:10.757+0330][22.721s][info][gc,task     ] GC(20) Using 4 workers of 4 for evacuation
[2024-12-17T12:44:10.765+0330][22.730s][info][gc,phases   ] GC(20)   Pre Evacuate Collection Set: 0.1ms
[2024-12-17T12:44:10.765+0330][22.730s][info][gc,phases   ] GC(20)   Merge Heap Roots: 0.1ms
[2024-12-17T12:44:10.765+0330][22.730s][info][gc,phases   ] GC(20)   Evacuate Collection Set: 7.5ms
[2024-12-17T12:44:10.766+0330][22.730s][info][gc,phases   ] GC(20)   Post Evacuate Collection Set: 0.8ms
[2024-12-17T12:44:10.766+0330][22.730s][info][gc,phases   ] GC(20)   Other: 0.3ms
[2024-12-17T12:44:10.766+0330][22.730s][info][gc,heap     ] GC(20) Eden regions: 13->0(12)
[2024-12-17T12:44:10.766+0330][22.730s][info][gc,heap     ] GC(20) Survivor regions: 2->2(2)
[2024-12-17T12:44:10.766+0330][22.730s][info][gc,heap     ] GC(20) Old regions: 11->12
[2024-12-17T12:44:10.766+0330][22.730s][info][gc,heap     ] GC(20) Archive regions: 0->0
[2024-12-17T12:44:10.766+0330][22.730s][info][gc,heap     ] GC(20) Humongous regions: 0->0
[2024-12-17T12:44:10.766+0330][22.730s][info][gc,metaspace] GC(20) Metaspace: 68163K(68736K)->68163K(68736K) NonClass: 58636K(58944K)->58636K(58944K) Class: 9527K(9792K)->9527K(9792K)
[2024-12-17T12:44:10.766+0330][22.731s][info][gc          ] GC(20) Pause Young (Normal) (G1 Evacuation Pause) 51M->27M(66M) 9.359ms
[2024-12-17T12:44:10.766+0330][22.731s][info][gc,cpu      ] GC(20) User=0.05s Sys=0.00s Real=0.01s
[2024-12-17T12:44:11.200+0330][23.166s][info][gc,start    ] GC(21) Pause Young (Normal) (G1 Evacuation Pause)
[2024-12-17T12:44:11.200+0330][23.166s][info][gc,task     ] GC(21) Using 4 workers of 4 for evacuation
[2024-12-17T12:44:11.213+0330][23.178s][info][gc,phases   ] GC(21)   Pre Evacuate Collection Set: 0.1ms
[2024-12-17T12:44:11.213+0330][23.178s][info][gc,phases   ] GC(21)   Merge Heap Roots: 0.1ms
[2024-12-17T12:44:11.213+0330][23.178s][info][gc,phases   ] GC(21)   Evacuate Collection Set: 11.1ms
[2024-12-17T12:44:11.213+0330][23.178s][info][gc,phases   ] GC(21)   Post Evacuate Collection Set: 0.6ms
[2024-12-17T12:44:11.213+0330][23.178s][info][gc,phases   ] GC(21)   Other: 0.3ms
[2024-12-17T12:44:11.213+0330][23.178s][info][gc,heap     ] GC(21) Eden regions: 12->0(9)
[2024-12-17T12:44:11.213+0330][23.178s][info][gc,heap     ] GC(21) Survivor regions: 2->2(2)
[2024-12-17T12:44:11.213+0330][23.178s][info][gc,heap     ] GC(21) Old regions: 12->14
[2024-12-17T12:44:11.213+0330][23.178s][info][gc,heap     ] GC(21) Archive regions: 0->0
[2024-12-17T12:44:11.213+0330][23.178s][info][gc,heap     ] GC(21) Humongous regions: 0->0
[2024-12-17T12:44:11.213+0330][23.178s][info][gc,metaspace] GC(21) Metaspace: 69808K(70400K)->69808K(70400K) NonClass: 59917K(60224K)->59917K(60224K) Class: 9891K(10176K)->9891K(10176K)
[2024-12-17T12:44:11.213+0330][23.179s][info][gc          ] GC(21) Pause Young (Normal) (G1 Evacuation Pause) 51M->31M(66M) 12.974ms
[2024-12-17T12:44:11.213+0330][23.179s][info][gc,cpu      ] GC(21) User=0.03s Sys=0.00s Real=0.01s
[2024-12-17T12:44:11.309+0330][23.274s][info][gc,start    ] GC(22) Pause Young (Normal) (G1 Evacuation Pause)
[2024-12-17T12:44:11.309+0330][23.274s][info][gc,task     ] GC(22) Using 4 workers of 4 for evacuation
[2024-12-17T12:44:11.322+0330][23.287s][info][gc,phases   ] GC(22)   Pre Evacuate Collection Set: 0.1ms
[2024-12-17T12:44:11.322+0330][23.287s][info][gc,phases   ] GC(22)   Merge Heap Roots: 0.1ms
[2024-12-17T12:44:11.323+0330][23.287s][info][gc,phases   ] GC(22)   Evacuate Collection Set: 12.2ms
[2024-12-17T12:44:11.323+0330][23.287s][info][gc,phases   ] GC(22)   Post Evacuate Collection Set: 0.6ms
[2024-12-17T12:44:11.323+0330][23.287s][info][gc,phases   ] GC(22)   Other: 0.3ms
[2024-12-17T12:44:11.323+0330][23.287s][info][gc,heap     ] GC(22) Eden regions: 9->0(6)
[2024-12-17T12:44:11.323+0330][23.287s][info][gc,heap     ] GC(22) Survivor regions: 2->2(2)
[2024-12-17T12:44:11.323+0330][23.287s][info][gc,heap     ] GC(22) Old regions: 14->17
[2024-12-17T12:44:11.323+0330][23.287s][info][gc,heap     ] GC(22) Archive regions: 0->0
[2024-12-17T12:44:11.323+0330][23.288s][info][gc,heap     ] GC(22) Humongous regions: 0->0
[2024-12-17T12:44:11.323+0330][23.288s][info][gc,metaspace] GC(22) Metaspace: 69811K(70464K)->69811K(70464K) NonClass: 59920K(60288K)->59920K(60288K) Class: 9891K(10176K)->9891K(10176K)
[2024-12-17T12:44:11.323+0330][23.288s][info][gc          ] GC(22) Pause Young (Normal) (G1 Evacuation Pause) 49M->36M(66M) 13.934ms
[2024-12-17T12:44:11.323+0330][23.288s][info][gc,cpu      ] GC(22) User=0.02s Sys=0.00s Real=0.01s
[2024-12-17T12:44:11.384+0330][23.349s][info][gc,start    ] GC(23) Pause Young (Concurrent Start) (G1 Evacuation Pause)
[2024-12-17T12:44:11.384+0330][23.349s][info][gc,task     ] GC(23) Using 4 workers of 4 for evacuation
[2024-12-17T12:44:11.399+0330][23.364s][info][gc,phases   ] GC(23)   Pre Evacuate Collection Set: 0.1ms
[2024-12-17T12:44:11.399+0330][23.364s][info][gc,phases   ] GC(23)   Merge Heap Roots: 0.1ms
[2024-12-17T12:44:11.399+0330][23.364s][info][gc,phases   ] GC(23)   Evacuate Collection Set: 13.9ms
[2024-12-17T12:44:11.399+0330][23.364s][info][gc,phases   ] GC(23)   Post Evacuate Collection Set: 0.5ms
[2024-12-17T12:44:11.399+0330][23.364s][info][gc,phases   ] GC(23)   Other: 0.3ms
[2024-12-17T12:44:11.400+0330][23.364s][info][gc,heap     ] GC(23) Eden regions: 6->0(4)
[2024-12-17T12:44:11.400+0330][23.364s][info][gc,heap     ] GC(23) Survivor regions: 2->1(1)
[2024-12-17T12:44:11.400+0330][23.364s][info][gc,heap     ] GC(23) Old regions: 17->20
[2024-12-17T12:44:11.400+0330][23.364s][info][gc,heap     ] GC(23) Archive regions: 0->0
[2024-12-17T12:44:11.400+0330][23.364s][info][gc,heap     ] GC(23) Humongous regions: 0->0
[2024-12-17T12:44:11.400+0330][23.365s][info][gc,metaspace] GC(23) Metaspace: 69812K(70464K)->69812K(70464K) NonClass: 59920K(60288K)->59920K(60288K) Class: 9891K(10176K)->9891K(10176K)
[2024-12-17T12:44:11.400+0330][23.365s][info][gc          ] GC(23) Pause Young (Concurrent Start) (G1 Evacuation Pause) 48M->40M(66M) 15.724ms
[2024-12-17T12:44:11.400+0330][23.365s][info][gc,cpu      ] GC(23) User=0.05s Sys=0.00s Real=0.02s
[2024-12-17T12:44:11.400+0330][23.365s][info][gc          ] GC(24) Concurrent Mark Cycle
[2024-12-17T12:44:11.400+0330][23.365s][info][gc,marking  ] GC(24) Concurrent Clear Claimed Marks
[2024-12-17T12:44:11.400+0330][23.365s][info][gc,marking  ] GC(24) Concurrent Clear Claimed Marks 0.090ms
[2024-12-17T12:44:11.400+0330][23.365s][info][gc,marking  ] GC(24) Concurrent Scan Root Regions
[2024-12-17T12:44:11.410+0330][23.374s][info][gc,marking  ] GC(24) Concurrent Scan Root Regions 9.195ms
[2024-12-17T12:44:11.410+0330][23.374s][info][gc,marking  ] GC(24) Concurrent Mark
[2024-12-17T12:44:11.410+0330][23.374s][info][gc,marking  ] GC(24) Concurrent Mark From Roots
[2024-12-17T12:44:11.410+0330][23.375s][info][gc,task     ] GC(24) Using 1 workers of 1 for marking
[2024-12-17T12:44:11.464+0330][23.431s][info][gc,start    ] GC(25) Pause Young (Normal) (G1 Evacuation Pause)
[2024-12-17T12:44:11.464+0330][23.431s][info][gc,task     ] GC(25) Using 4 workers of 4 for evacuation
[2024-12-17T12:44:11.473+0330][23.439s][info][gc,phases   ] GC(25)   Pre Evacuate Collection Set: 0.1ms
[2024-12-17T12:44:11.473+0330][23.439s][info][gc,phases   ] GC(25)   Merge Heap Roots: 0.1ms
[2024-12-17T12:44:11.473+0330][23.439s][info][gc,phases   ] GC(25)   Evacuate Collection Set: 6.7ms
[2024-12-17T12:44:11.473+0330][23.439s][info][gc,phases   ] GC(25)   Post Evacuate Collection Set: 1.4ms
[2024-12-17T12:44:11.473+0330][23.439s][info][gc,phases   ] GC(25)   Other: 0.2ms
[2024-12-17T12:44:11.473+0330][23.439s][info][gc,heap     ] GC(25) Eden regions: 4->0(25)
[2024-12-17T12:44:11.473+0330][23.440s][info][gc,heap     ] GC(25) Survivor regions: 1->1(1)
[2024-12-17T12:44:11.473+0330][23.440s][info][gc,heap     ] GC(25) Old regions: 20->21
[2024-12-17T12:44:11.473+0330][23.440s][info][gc,heap     ] GC(25) Archive regions: 0->0
[2024-12-17T12:44:11.473+0330][23.440s][info][gc,heap     ] GC(25) Humongous regions: 0->0
[2024-12-17T12:44:11.473+0330][23.440s][info][gc,metaspace] GC(25) Metaspace: 69812K(70464K)->69812K(70464K) NonClass: 59921K(60288K)->59921K(60288K) Class: 9891K(10176K)->9891K(10176K)
[2024-12-17T12:44:11.473+0330][23.440s][info][gc          ] GC(25) Pause Young (Normal) (G1 Evacuation Pause) 48M->41M(132M) 9.365ms
[2024-12-17T12:44:11.473+0330][23.440s][info][gc,cpu      ] GC(25) User=0.05s Sys=0.00s Real=0.01s
[2024-12-17T12:44:11.520+0330][23.499s][info][gc,marking  ] GC(24) Concurrent Mark From Roots 124.299ms
[2024-12-17T12:44:11.520+0330][23.499s][info][gc,marking  ] GC(24) Concurrent Preclean
[2024-12-17T12:44:11.520+0330][23.499s][info][gc,marking  ] GC(24) Concurrent Preclean 0.631ms
[2024-12-17T12:44:11.520+0330][23.500s][info][gc,start    ] GC(24) Pause Remark
[2024-12-17T12:44:11.536+0330][23.508s][info][gc          ] GC(24) Pause Remark 48M->48M(132M) 8.802ms
[2024-12-17T12:44:11.536+0330][23.509s][info][gc,cpu      ] GC(24) User=0.00s Sys=0.00s Real=0.02s
[2024-12-17T12:44:11.536+0330][23.509s][info][gc,marking  ] GC(24) Concurrent Mark 134.321ms
[2024-12-17T12:44:11.536+0330][23.509s][info][gc,marking  ] GC(24) Concurrent Rebuild Remembered Sets
[2024-12-17T12:44:11.598+0330][23.566s][info][gc,marking  ] GC(24) Concurrent Rebuild Remembered Sets 57.505ms
[2024-12-17T12:44:11.598+0330][23.567s][info][gc,start    ] GC(24) Pause Cleanup
[2024-12-17T12:44:11.598+0330][23.567s][info][gc          ] GC(24) Pause Cleanup 52M->52M(132M) 0.175ms
[2024-12-17T12:44:11.598+0330][23.567s][info][gc,cpu      ] GC(24) User=0.00s Sys=0.00s Real=0.00s
[2024-12-17T12:44:11.598+0330][23.567s][info][gc,marking  ] GC(24) Concurrent Cleanup for Next Mark
[2024-12-17T12:44:11.598+0330][23.569s][info][gc,marking  ] GC(24) Concurrent Cleanup for Next Mark 2.396ms
[2024-12-17T12:44:11.598+0330][23.569s][info][gc          ] GC(24) Concurrent Mark Cycle 204.595ms
[2024-12-17T12:44:12.184+0330][24.149s][info][gc,start    ] GC(26) Pause Young (Normal) (G1 Evacuation Pause)
[2024-12-17T12:44:12.184+0330][24.149s][info][gc,task     ] GC(26) Using 4 workers of 4 for evacuation
[2024-12-17T12:44:12.192+0330][24.157s][info][gc,phases   ] GC(26)   Pre Evacuate Collection Set: 0.1ms
[2024-12-17T12:44:12.192+0330][24.157s][info][gc,phases   ] GC(26)   Merge Heap Roots: 0.1ms
[2024-12-17T12:44:12.192+0330][24.157s][info][gc,phases   ] GC(26)   Evacuate Collection Set: 6.8ms
[2024-12-17T12:44:12.192+0330][24.157s][info][gc,phases   ] GC(26)   Post Evacuate Collection Set: 0.6ms
[2024-12-17T12:44:12.192+0330][24.157s][info][gc,phases   ] GC(26)   Other: 0.3ms
[2024-12-17T12:44:12.193+0330][24.158s][info][gc,heap     ] GC(26) Eden regions: 25->0(28)
[2024-12-17T12:44:12.193+0330][24.158s][info][gc,heap     ] GC(26) Survivor regions: 1->2(4)
[2024-12-17T12:44:12.193+0330][24.158s][info][gc,heap     ] GC(26) Old regions: 21->21
[2024-12-17T12:44:12.193+0330][24.158s][info][gc,heap     ] GC(26) Archive regions: 0->0
[2024-12-17T12:44:12.193+0330][24.158s][info][gc,heap     ] GC(26) Humongous regions: 0->0
[2024-12-17T12:44:12.193+0330][24.158s][info][gc,metaspace] GC(26) Metaspace: 70916K(71488K)->70916K(71488K) NonClass: 60868K(61184K)->60868K(61184K) Class: 10047K(10304K)->10047K(10304K)
[2024-12-17T12:44:12.193+0330][24.158s][info][gc          ] GC(26) Pause Young (Normal) (G1 Evacuation Pause) 91M->42M(132M) 8.564ms
[2024-12-17T12:44:12.193+0330][24.158s][info][gc,cpu      ] GC(26) User=0.00s Sys=0.00s Real=0.01s
[2024-12-17T12:49:03.024+0330][314.989s][info][gc,task     ] GC(27) Using 3 workers of 4 for full compaction
[2024-12-17T12:49:03.024+0330][314.989s][info][gc,start    ] GC(27) Pause Full (System.gc())
[2024-12-17T12:49:03.024+0330][314.989s][info][gc,phases,start] GC(27) Phase 1: Mark live objects
[2024-12-17T12:49:03.061+0330][315.027s][info][gc,phases      ] GC(27) Phase 1: Mark live objects 37.134ms
[2024-12-17T12:49:03.061+0330][315.027s][info][gc,phases,start] GC(27) Phase 2: Prepare for compaction
[2024-12-17T12:49:03.067+0330][315.032s][info][gc,phases      ] GC(27) Phase 2: Prepare for compaction 5.577ms
[2024-12-17T12:49:03.067+0330][315.032s][info][gc,phases,start] GC(27) Phase 3: Adjust pointers
[2024-12-17T12:49:03.081+0330][315.046s][info][gc,phases      ] GC(27) Phase 3: Adjust pointers 13.705ms
[2024-12-17T12:49:03.081+0330][315.046s][info][gc,phases,start] GC(27) Phase 4: Compact heap
[2024-12-17T12:49:03.087+0330][315.052s][info][gc,phases      ] GC(27) Phase 4: Compact heap 5.891ms
[2024-12-17T12:49:03.096+0330][315.061s][info][gc,heap        ] GC(27) Eden regions: 27->0(23)
[2024-12-17T12:49:03.096+0330][315.061s][info][gc,heap        ] GC(27) Survivor regions: 2->0(4)
[2024-12-17T12:49:03.096+0330][315.061s][info][gc,heap        ] GC(27) Old regions: 21->15
[2024-12-17T12:49:03.096+0330][315.061s][info][gc,heap        ] GC(27) Archive regions: 0->0
[2024-12-17T12:49:03.096+0330][315.061s][info][gc,heap        ] GC(27) Humongous regions: 0->0
[2024-12-17T12:49:03.096+0330][315.061s][info][gc,metaspace   ] GC(27) Metaspace: 74754K(75456K)->74750K(75456K) NonClass: 64141K(64512K)->64138K(64512K) Class: 10613K(10944K)->10612K(10944K)
[2024-12-17T12:49:03.096+0330][315.061s][info][gc             ] GC(27) Pause Full (System.gc()) 95M->26M(100M) 71.895ms
[2024-12-17T12:49:03.096+0330][315.061s][info][gc,cpu         ] GC(27) User=0.14s Sys=0.03s Real=0.07s
[2024-12-17T12:49:06.476+0330][318.440s][info][gc,start       ] GC(28) Pause Young (Normal) (G1 Evacuation Pause)
[2024-12-17T12:49:06.476+0330][318.440s][info][gc,task        ] GC(28) Using 4 workers of 4 for evacuation
[2024-12-17T12:49:06.483+0330][318.448s][info][gc,phases      ] GC(28)   Pre Evacuate Collection Set: 0.1ms
[2024-12-17T12:49:06.484+0330][318.448s][info][gc,phases      ] GC(28)   Merge Heap Roots: 0.1ms
[2024-12-17T12:49:06.484+0330][318.448s][info][gc,phases      ] GC(28)   Evacuate Collection Set: 6.8ms
[2024-12-17T12:49:06.484+0330][318.448s][info][gc,phases      ] GC(28)   Post Evacuate Collection Set: 0.8ms
[2024-12-17T12:49:06.484+0330][318.448s][info][gc,phases      ] GC(28)   Other: 0.2ms
[2024-12-17T12:49:06.484+0330][318.449s][info][gc,heap        ] GC(28) Eden regions: 23->0(21)
[2024-12-17T12:49:06.484+0330][318.449s][info][gc,heap        ] GC(28) Survivor regions: 0->2(3)
[2024-12-17T12:49:06.484+0330][318.449s][info][gc,heap        ] GC(28) Old regions: 15->15
[2024-12-17T12:49:06.484+0330][318.449s][info][gc,heap        ] GC(28) Archive regions: 0->0
[2024-12-17T12:49:06.484+0330][318.449s][info][gc,heap        ] GC(28) Humongous regions: 0->0
[2024-12-17T12:49:06.484+0330][318.449s][info][gc,metaspace   ] GC(28) Metaspace: 74998K(75648K)->74998K(75648K) NonClass: 64339K(64704K)->64339K(64704K) Class: 10659K(10944K)->10659K(10944K)
[2024-12-17T12:49:06.484+0330][318.449s][info][gc             ] GC(28) Pause Young (Normal) (G1 Evacuation Pause) 72M->30M(100M) 8.783ms
[2024-12-17T12:49:06.484+0330][318.449s][info][gc,cpu         ] GC(28) User=0.02s Sys=0.00s Real=0.01s
[2024-12-17T12:49:08.782+0330][320.747s][info][gc,start       ] GC(29) Pause Young (Normal) (G1 Evacuation Pause)
[2024-12-17T12:49:08.782+0330][320.747s][info][gc,task        ] GC(29) Using 4 workers of 4 for evacuation
[2024-12-17T12:49:08.790+0330][320.755s][info][gc,phases      ] GC(29)   Pre Evacuate Collection Set: 0.1ms
[2024-12-17T12:49:08.790+0330][320.755s][info][gc,phases      ] GC(29)   Merge Heap Roots: 0.1ms
[2024-12-17T12:49:08.790+0330][320.756s][info][gc,phases      ] GC(29)   Evacuate Collection Set: 7.6ms
[2024-12-17T12:49:08.790+0330][320.756s][info][gc,phases      ] GC(29)   Post Evacuate Collection Set: 0.7ms
[2024-12-17T12:49:08.790+0330][320.756s][info][gc,phases      ] GC(29)   Other: 0.3ms
[2024-12-17T12:49:08.790+0330][320.756s][info][gc,heap        ] GC(29) Eden regions: 21->0(20)
[2024-12-17T12:49:08.790+0330][320.756s][info][gc,heap        ] GC(29) Survivor regions: 2->2(3)
[2024-12-17T12:49:08.791+0330][320.756s][info][gc,heap        ] GC(29) Old regions: 15->17
[2024-12-17T12:49:08.791+0330][320.756s][info][gc,heap        ] GC(29) Archive regions: 0->0
[2024-12-17T12:49:08.791+0330][320.756s][info][gc,heap        ] GC(29) Humongous regions: 0->0
[2024-12-17T12:49:08.791+0330][320.756s][info][gc,metaspace   ] GC(29) Metaspace: 75147K(75840K)->75147K(75840K) NonClass: 64462K(64832K)->64462K(64832K) Class: 10684K(11008K)->10684K(11008K)
[2024-12-17T12:49:08.791+0330][320.756s][info][gc             ] GC(29) Pause Young (Normal) (G1 Evacuation Pause) 72M->33M(100M) 9.548ms
[2024-12-17T12:49:08.791+0330][320.756s][info][gc,cpu         ] GC(29) User=0.05s Sys=0.00s Real=0.01s
[2024-12-17T12:49:23.187+0330][335.152s][info][gc,start       ] GC(30) Pause Young (Normal) (G1 Evacuation Pause)
[2024-12-17T12:49:23.187+0330][335.152s][info][gc,task        ] GC(30) Using 4 workers of 4 for evacuation
[2024-12-17T12:49:23.194+0330][335.159s][info][gc,phases      ] GC(30)   Pre Evacuate Collection Set: 0.1ms
[2024-12-17T12:49:23.194+0330][335.159s][info][gc,phases      ] GC(30)   Merge Heap Roots: 0.1ms
[2024-12-17T12:49:23.194+0330][335.159s][info][gc,phases      ] GC(30)   Evacuate Collection Set: 5.8ms
[2024-12-17T12:49:23.194+0330][335.159s][info][gc,phases      ] GC(30)   Post Evacuate Collection Set: 0.8ms
[2024-12-17T12:49:23.194+0330][335.159s][info][gc,phases      ] GC(30)   Other: 0.3ms
[2024-12-17T12:49:23.194+0330][335.159s][info][gc,heap        ] GC(30) Eden regions: 20->0(19)
[2024-12-17T12:49:23.194+0330][335.159s][info][gc,heap        ] GC(30) Survivor regions: 2->3(3)
[2024-12-17T12:49:23.194+0330][335.159s][info][gc,heap        ] GC(30) Old regions: 17->17
[2024-12-17T12:49:23.194+0330][335.159s][info][gc,heap        ] GC(30) Archive regions: 0->0
[2024-12-17T12:49:23.194+0330][335.159s][info][gc,heap        ] GC(30) Humongous regions: 0->0
[2024-12-17T12:49:23.195+0330][335.159s][info][gc,metaspace   ] GC(30) Metaspace: 75483K(76096K)->75483K(76096K) NonClass: 64768K(65088K)->64768K(65088K) Class: 10714K(11008K)->10714K(11008K)
[2024-12-17T12:49:23.195+0330][335.160s][info][gc             ] GC(30) Pause Young (Normal) (G1 Evacuation Pause) 73M->34M(100M) 7.785ms
[2024-12-17T12:49:23.195+0330][335.160s][info][gc,cpu         ] GC(30) User=0.00s Sys=0.00s Real=0.01s
[2024-12-17T12:50:30.274+0330][402.239s][info][gc,task        ] GC(31) Using 3 workers of 4 for full compaction
[2024-12-17T12:50:30.274+0330][402.239s][info][gc,start       ] GC(31) Pause Full (System.gc())
[2024-12-17T12:50:30.275+0330][402.239s][info][gc,phases,start] GC(31) Phase 1: Mark live objects
[2024-12-17T12:50:30.310+0330][402.275s][info][gc,phases      ] GC(31) Phase 1: Mark live objects 35.669ms
[2024-12-17T12:50:30.310+0330][402.275s][info][gc,phases,start] GC(31) Phase 2: Prepare for compaction
[2024-12-17T12:50:30.316+0330][402.280s][info][gc,phases      ] GC(31) Phase 2: Prepare for compaction 5.304ms
[2024-12-17T12:50:30.316+0330][402.280s][info][gc,phases,start] GC(31) Phase 3: Adjust pointers
[2024-12-17T12:50:30.329+0330][402.294s][info][gc,phases      ] GC(31) Phase 3: Adjust pointers 13.389ms
[2024-12-17T12:50:30.329+0330][402.294s][info][gc,phases,start] GC(31) Phase 4: Compact heap
[2024-12-17T12:50:30.334+0330][402.299s][info][gc,phases      ] GC(31) Phase 4: Compact heap 5.208ms
[2024-12-17T12:50:30.342+0330][402.307s][info][gc,heap        ] GC(31) Eden regions: 9->0(24)
[2024-12-17T12:50:30.342+0330][402.307s][info][gc,heap        ] GC(31) Survivor regions: 3->0(3)
[2024-12-17T12:50:30.342+0330][402.307s][info][gc,heap        ] GC(31) Old regions: 17->15
[2024-12-17T12:50:30.342+0330][402.307s][info][gc,heap        ] GC(31) Archive regions: 0->0
[2024-12-17T12:50:30.342+0330][402.307s][info][gc,heap        ] GC(31) Humongous regions: 0->0
[2024-12-17T12:50:30.342+0330][402.307s][info][gc,metaspace   ] GC(31) Metaspace: 82720K(83456K)->82455K(83456K) NonClass: 71539K(71936K)->71335K(71936K) Class: 11181K(11520K)->11120K(11520K)
[2024-12-17T12:50:30.342+0330][402.307s][info][gc             ] GC(31) Pause Full (System.gc()) 50M->27M(100M) 68.045ms
[2024-12-17T12:50:30.343+0330][402.307s][info][gc,cpu         ] GC(31) User=0.19s Sys=0.00s Real=0.07s
[2024-12-17T12:50:38.339+0330][410.304s][info][gc,start       ] GC(32) Pause Young (Normal) (G1 Evacuation Pause)
[2024-12-17T12:50:38.339+0330][410.304s][info][gc,task        ] GC(32) Using 4 workers of 4 for evacuation
[2024-12-17T12:50:38.345+0330][410.311s][info][gc,phases      ] GC(32)   Pre Evacuate Collection Set: 0.1ms
[2024-12-17T12:50:38.345+0330][410.311s][info][gc,phases      ] GC(32)   Merge Heap Roots: 0.1ms
[2024-12-17T12:50:38.345+0330][410.311s][info][gc,phases      ] GC(32)   Evacuate Collection Set: 5.6ms
[2024-12-17T12:50:38.346+0330][410.311s][info][gc,phases      ] GC(32)   Post Evacuate Collection Set: 0.6ms
[2024-12-17T12:50:38.346+0330][410.311s][info][gc,phases      ] GC(32)   Other: 0.2ms
[2024-12-17T12:50:38.346+0330][410.311s][info][gc,heap        ] GC(32) Eden regions: 24->0(21)
[2024-12-17T12:50:38.346+0330][410.311s][info][gc,heap        ] GC(32) Survivor regions: 0->3(3)
[2024-12-17T12:50:38.346+0330][410.311s][info][gc,heap        ] GC(32) Old regions: 15->15
[2024-12-17T12:50:38.346+0330][410.311s][info][gc,heap        ] GC(32) Archive regions: 0->0
[2024-12-17T12:50:38.346+0330][410.311s][info][gc,heap        ] GC(32) Humongous regions: 0->0
[2024-12-17T12:50:38.346+0330][410.311s][info][gc,metaspace   ] GC(32) Metaspace: 82568K(83456K)->82568K(83456K) NonClass: 71429K(71936K)->71429K(71936K) Class: 11139K(11520K)->11139K(11520K)
[2024-12-17T12:50:38.346+0330][410.311s][info][gc             ] GC(32) Pause Young (Normal) (G1 Evacuation Pause) 75M->32M(100M) 7.301ms
[2024-12-17T12:50:38.346+0330][410.311s][info][gc,cpu         ] GC(32) User=0.03s Sys=0.00s Real=0.01s
[2024-12-17T12:54:28.091+0330][640.056s][info][gc,start       ] GC(33) Pause Young (Normal) (G1 Evacuation Pause)
[2024-12-17T12:54:28.091+0330][640.056s][info][gc,task        ] GC(33) Using 4 workers of 4 for evacuation
[2024-12-17T12:54:28.102+0330][640.067s][info][gc,phases      ] GC(33)   Pre Evacuate Collection Set: 0.1ms
[2024-12-17T12:54:28.102+0330][640.067s][info][gc,phases      ] GC(33)   Merge Heap Roots: 0.1ms
[2024-12-17T12:54:28.102+0330][640.067s][info][gc,phases      ] GC(33)   Evacuate Collection Set: 8.5ms
[2024-12-17T12:54:28.102+0330][640.067s][info][gc,phases      ] GC(33)   Post Evacuate Collection Set: 1.2ms
[2024-12-17T12:54:28.102+0330][640.067s][info][gc,phases      ] GC(33)   Other: 0.4ms
[2024-12-17T12:54:28.102+0330][640.067s][info][gc,heap        ] GC(33) Eden regions: 21->0(21)
[2024-12-17T12:54:28.102+0330][640.067s][info][gc,heap        ] GC(33) Survivor regions: 3->2(3)
[2024-12-17T12:54:28.102+0330][640.067s][info][gc,heap        ] GC(33) Old regions: 15->17
[2024-12-17T12:54:28.102+0330][640.067s][info][gc,heap        ] GC(33) Archive regions: 0->0
[2024-12-17T12:54:28.102+0330][640.067s][info][gc,heap        ] GC(33) Humongous regions: 0->0
[2024-12-17T12:54:28.102+0330][640.067s][info][gc,metaspace   ] GC(33) Metaspace: 82663K(83456K)->82663K(83456K) NonClass: 71520K(71936K)->71520K(71936K) Class: 11143K(11520K)->11143K(11520K)
[2024-12-17T12:54:28.102+0330][640.068s][info][gc             ] GC(33) Pause Young (Normal) (G1 Evacuation Pause) 74M->33M(100M) 11.208ms
[2024-12-17T12:54:28.102+0330][640.068s][info][gc,cpu         ] GC(33) User=0.03s Sys=0.00s Real=0.01s
[2024-12-17T13:03:28.346+0330][1180.311s][info][gc,start       ] GC(34) Pause Young (Normal) (G1 Evacuation Pause)
[2024-12-17T13:03:28.346+0330][1180.312s][info][gc,task        ] GC(34) Using 4 workers of 4 for evacuation
[2024-12-17T13:03:28.351+0330][1180.316s][info][gc,phases      ] GC(34)   Pre Evacuate Collection Set: 0.1ms
[2024-12-17T13:03:28.351+0330][1180.316s][info][gc,phases      ] GC(34)   Merge Heap Roots: 0.1ms
[2024-12-17T13:03:28.351+0330][1180.316s][info][gc,phases      ] GC(34)   Evacuate Collection Set: 2.8ms
[2024-12-17T13:03:28.351+0330][1180.316s][info][gc,phases      ] GC(34)   Post Evacuate Collection Set: 0.9ms
[2024-12-17T13:03:28.351+0330][1180.316s][info][gc,phases      ] GC(34)   Other: 0.2ms
[2024-12-17T13:03:28.351+0330][1180.316s][info][gc,heap        ] GC(34) Eden regions: 21->0(23)
[2024-12-17T13:03:28.351+0330][1180.316s][info][gc,heap        ] GC(34) Survivor regions: 2->1(3)
[2024-12-17T13:03:28.351+0330][1180.316s][info][gc,heap        ] GC(34) Old regions: 17->17
[2024-12-17T13:03:28.351+0330][1180.316s][info][gc,heap        ] GC(34) Archive regions: 0->0
[2024-12-17T13:03:28.352+0330][1180.316s][info][gc,heap        ] GC(34) Humongous regions: 0->0
[2024-12-17T13:03:28.352+0330][1180.316s][info][gc,metaspace   ] GC(34) Metaspace: 82663K(83456K)->82663K(83456K) NonClass: 71520K(71936K)->71520K(71936K) Class: 11143K(11520K)->11143K(11520K)
[2024-12-17T13:03:28.352+0330][1180.316s][info][gc             ] GC(34) Pause Young (Normal) (G1 Evacuation Pause) 75M->33M(100M) 4.655ms
[2024-12-17T13:03:28.352+0330][1180.316s][info][gc,cpu         ] GC(34) User=0.00s Sys=0.00s Real=0.01s
[2024-12-17T13:06:39.552+0330][1371.517s][info][gc,task        ] GC(35) Using 3 workers of 4 for full compaction
[2024-12-17T13:06:39.552+0330][1371.517s][info][gc,start       ] GC(35) Pause Full (System.gc())
[2024-12-17T13:06:39.552+0330][1371.517s][info][gc,phases,start] GC(35) Phase 1: Mark live objects
[2024-12-17T13:06:39.592+0330][1371.557s][info][gc,phases      ] GC(35) Phase 1: Mark live objects 40.201ms
[2024-12-17T13:06:39.592+0330][1371.557s][info][gc,phases,start] GC(35) Phase 2: Prepare for compaction
[2024-12-17T13:06:39.597+0330][1371.562s][info][gc,phases      ] GC(35) Phase 2: Prepare for compaction 4.651ms
[2024-12-17T13:06:39.597+0330][1371.562s][info][gc,phases,start] GC(35) Phase 3: Adjust pointers
[2024-12-17T13:06:39.611+0330][1371.576s][info][gc,phases      ] GC(35) Phase 3: Adjust pointers 13.424ms
[2024-12-17T13:06:39.611+0330][1371.576s][info][gc,phases,start] GC(35) Phase 4: Compact heap
[2024-12-17T13:06:39.616+0330][1371.580s][info][gc,phases      ] GC(35) Phase 4: Compact heap 4.695ms
[2024-12-17T13:06:39.626+0330][1371.590s][info][gc,heap        ] GC(35) Eden regions: 8->0(23)
[2024-12-17T13:06:39.626+0330][1371.591s][info][gc,heap        ] GC(35) Survivor regions: 1->0(3)
[2024-12-17T13:06:39.626+0330][1371.591s][info][gc,heap        ] GC(35) Old regions: 17->14
[2024-12-17T13:06:39.626+0330][1371.591s][info][gc,heap        ] GC(35) Archive regions: 0->0
[2024-12-17T13:06:39.626+0330][1371.591s][info][gc,heap        ] GC(35) Humongous regions: 0->0
[2024-12-17T13:06:39.626+0330][1371.591s][info][gc,metaspace   ] GC(35) Metaspace: 82666K(83456K)->82518K(83456K) NonClass: 71522K(71936K)->71405K(71936K) Class: 11144K(11520K)->11113K(11520K)
[2024-12-17T13:06:39.626+0330][1371.591s][info][gc             ] GC(35) Pause Full (System.gc()) 49M->24M(94M) 73.944ms
[2024-12-17T13:06:39.627+0330][1371.591s][info][gc,cpu         ] GC(35) User=0.19s Sys=0.00s Real=0.08s
[2024-12-17T13:06:43.758+0330][1375.723s][info][gc,start       ] GC(36) Pause Young (Normal) (G1 Evacuation Pause)
[2024-12-17T13:06:43.758+0330][1375.723s][info][gc,task        ] GC(36) Using 4 workers of 4 for evacuation
[2024-12-17T13:06:43.765+0330][1375.730s][info][gc,phases      ] GC(36)   Pre Evacuate Collection Set: 0.1ms
[2024-12-17T13:06:43.765+0330][1375.730s][info][gc,phases      ] GC(36)   Merge Heap Roots: 0.1ms
[2024-12-17T13:06:43.765+0330][1375.730s][info][gc,phases      ] GC(36)   Evacuate Collection Set: 5.7ms
[2024-12-17T13:06:43.765+0330][1375.730s][info][gc,phases      ] GC(36)   Post Evacuate Collection Set: 0.8ms
[2024-12-17T13:06:43.765+0330][1375.730s][info][gc,phases      ] GC(36)   Other: 0.3ms
[2024-12-17T13:06:43.765+0330][1375.730s][info][gc,heap        ] GC(36) Eden regions: 23->0(20)
[2024-12-17T13:06:43.766+0330][1375.730s][info][gc,heap        ] GC(36) Survivor regions: 0->3(3)
[2024-12-17T13:06:43.766+0330][1375.730s][info][gc,heap        ] GC(36) Old regions: 14->14
[2024-12-17T13:06:43.766+0330][1375.730s][info][gc,heap        ] GC(36) Archive regions: 0->0
[2024-12-17T13:06:43.766+0330][1375.730s][info][gc,heap        ] GC(36) Humongous regions: 0->0
[2024-12-17T13:06:43.766+0330][1375.730s][info][gc,metaspace   ] GC(36) Metaspace: 82587K(83456K)->82587K(83456K) NonClass: 71465K(71936K)->71465K(71936K) Class: 11122K(11520K)->11122K(11520K)
[2024-12-17T13:06:43.766+0330][1375.731s][info][gc             ] GC(36) Pause Young (Normal) (G1 Evacuation Pause) 70M->28M(94M) 7.750ms
[2024-12-17T13:06:43.766+0330][1375.731s][info][gc,cpu         ] GC(36) User=0.00s Sys=0.02s Real=0.01s
[2024-12-17T13:06:50.506+0330][1382.471s][info][gc,task        ] GC(37) Using 3 workers of 4 for full compaction
[2024-12-17T13:06:50.506+0330][1382.471s][info][gc,start       ] GC(37) Pause Full (System.gc())
[2024-12-17T13:06:50.506+0330][1382.471s][info][gc,phases,start] GC(37) Phase 1: Mark live objects
[2024-12-17T13:06:50.546+0330][1382.510s][info][gc,phases      ] GC(37) Phase 1: Mark live objects 39.280ms
[2024-12-17T13:06:50.546+0330][1382.510s][info][gc,phases,start] GC(37) Phase 2: Prepare for compaction
[2024-12-17T13:06:50.548+0330][1382.513s][info][gc,phases      ] GC(37) Phase 2: Prepare for compaction 2.463ms
[2024-12-17T13:06:50.548+0330][1382.513s][info][gc,phases,start] GC(37) Phase 3: Adjust pointers
[2024-12-17T13:06:50.561+0330][1382.525s][info][gc,phases      ] GC(37) Phase 3: Adjust pointers 12.285ms
[2024-12-17T13:06:50.561+0330][1382.525s][info][gc,phases,start] GC(37) Phase 4: Compact heap
[2024-12-17T13:06:50.563+0330][1382.527s][info][gc,phases      ] GC(37) Phase 4: Compact heap 2.113ms
[2024-12-17T13:06:50.574+0330][1382.539s][info][gc,heap        ] GC(37) Eden regions: 14->0(21)
[2024-12-17T13:06:50.574+0330][1382.539s][info][gc,heap        ] GC(37) Survivor regions: 3->0(3)
[2024-12-17T13:06:50.574+0330][1382.539s][info][gc,heap        ] GC(37) Old regions: 14->16
[2024-12-17T13:06:50.574+0330][1382.539s][info][gc,heap        ] GC(37) Archive regions: 0->0
[2024-12-17T13:06:50.574+0330][1382.539s][info][gc,heap        ] GC(37) Humongous regions: 0->0
[2024-12-17T13:06:50.574+0330][1382.539s][info][gc,metaspace   ] GC(37) Metaspace: 82688K(83456K)->82685K(83456K) NonClass: 71560K(71936K)->71558K(71936K) Class: 11127K(11520K)->11127K(11520K)
[2024-12-17T13:06:50.575+0330][1382.539s][info][gc             ] GC(37) Pause Full (System.gc()) 55M->27M(94M) 68.272ms
[2024-12-17T13:06:50.575+0330][1382.539s][info][gc,cpu         ] GC(37) User=0.19s Sys=0.00s Real=0.07s
[2024-12-17T13:06:54.743+0330][1386.707s][info][gc,start       ] GC(38) Pause Young (Normal) (G1 Evacuation Pause)
[2024-12-17T13:06:54.743+0330][1386.707s][info][gc,task        ] GC(38) Using 4 workers of 4 for evacuation
[2024-12-17T13:06:54.748+0330][1386.713s][info][gc,phases      ] GC(38)   Pre Evacuate Collection Set: 0.1ms
[2024-12-17T13:06:54.748+0330][1386.713s][info][gc,phases      ] GC(38)   Merge Heap Roots: 0.1ms
[2024-12-17T13:06:54.748+0330][1386.714s][info][gc,phases      ] GC(38)   Evacuate Collection Set: 4.9ms
[2024-12-17T13:06:54.748+0330][1386.714s][info][gc,phases      ] GC(38)   Post Evacuate Collection Set: 0.7ms
[2024-12-17T13:06:54.748+0330][1386.714s][info][gc,phases      ] GC(38)   Other: 0.3ms
[2024-12-17T13:06:54.749+0330][1386.714s][info][gc,heap        ] GC(38) Eden regions: 21->0(19)
[2024-12-17T13:06:54.749+0330][1386.714s][info][gc,heap        ] GC(38) Survivor regions: 0->2(3)
[2024-12-17T13:06:54.749+0330][1386.714s][info][gc,heap        ] GC(38) Old regions: 16->16
[2024-12-17T13:06:54.749+0330][1386.714s][info][gc,heap        ] GC(38) Archive regions: 0->0
[2024-12-17T13:06:54.749+0330][1386.714s][info][gc,heap        ] GC(38) Humongous regions: 0->0
[2024-12-17T13:06:54.749+0330][1386.714s][info][gc,metaspace   ] GC(38) Metaspace: 82769K(83456K)->82769K(83456K) NonClass: 71632K(71936K)->71632K(71936K) Class: 11136K(11520K)->11136K(11520K)
[2024-12-17T13:06:54.749+0330][1386.714s][info][gc             ] GC(38) Pause Young (Normal) (G1 Evacuation Pause) 69M->30M(94M) 6.760ms
[2024-12-17T13:06:54.749+0330][1386.714s][info][gc,cpu         ] GC(38) User=0.02s Sys=0.00s Real=0.01s
[2024-12-17T13:06:56.105+0330][1388.069s][info][gc,start       ] GC(39) Pause Young (Normal) (G1 Evacuation Pause)
[2024-12-17T13:06:56.105+0330][1388.069s][info][gc,task        ] GC(39) Using 4 workers of 4 for evacuation
[2024-12-17T13:06:56.114+0330][1388.079s][info][gc,phases      ] GC(39)   Pre Evacuate Collection Set: 0.1ms
[2024-12-17T13:06:56.114+0330][1388.079s][info][gc,phases      ] GC(39)   Merge Heap Roots: 0.1ms
[2024-12-17T13:06:56.114+0330][1388.079s][info][gc,phases      ] GC(39)   Evacuate Collection Set: 8.4ms
[2024-12-17T13:06:56.114+0330][1388.079s][info][gc,phases      ] GC(39)   Post Evacuate Collection Set: 0.7ms
[2024-12-17T13:06:56.114+0330][1388.079s][info][gc,phases      ] GC(39)   Other: 0.3ms
[2024-12-17T13:06:56.114+0330][1388.079s][info][gc,heap        ] GC(39) Eden regions: 19->0(18)
[2024-12-17T13:06:56.115+0330][1388.079s][info][gc,heap        ] GC(39) Survivor regions: 2->2(3)
[2024-12-17T13:06:56.115+0330][1388.079s][info][gc,heap        ] GC(39) Old regions: 16->18
[2024-12-17T13:06:56.115+0330][1388.079s][info][gc,heap        ] GC(39) Archive regions: 0->0
[2024-12-17T13:06:56.115+0330][1388.079s][info][gc,heap        ] GC(39) Humongous regions: 0->0
[2024-12-17T13:06:56.115+0330][1388.079s][info][gc,metaspace   ] GC(39) Metaspace: 83182K(83840K)->83182K(83840K) NonClass: 72013K(72320K)->72013K(72320K) Class: 11168K(11520K)->11168K(11520K)
[2024-12-17T13:06:56.115+0330][1388.079s][info][gc             ] GC(39) Pause Young (Normal) (G1 Evacuation Pause) 68M->32M(94M) 10.179ms
[2024-12-17T13:06:56.115+0330][1388.079s][info][gc,cpu         ] GC(39) User=0.02s Sys=0.00s Real=0.01s
[2024-12-17T13:13:13.117+0330][1765.082s][info][gc,start       ] GC(40) Pause Young (Normal) (G1 Evacuation Pause)
[2024-12-17T13:13:13.117+0330][1765.082s][info][gc,task        ] GC(40) Using 4 workers of 4 for evacuation
[2024-12-17T13:13:13.123+0330][1765.088s][info][gc,phases      ] GC(40)   Pre Evacuate Collection Set: 0.1ms
[2024-12-17T13:13:13.123+0330][1765.088s][info][gc,phases      ] GC(40)   Merge Heap Roots: 0.1ms
[2024-12-17T13:13:13.123+0330][1765.088s][info][gc,phases      ] GC(40)   Evacuate Collection Set: 4.4ms
[2024-12-17T13:13:13.123+0330][1765.088s][info][gc,phases      ] GC(40)   Post Evacuate Collection Set: 0.7ms
[2024-12-17T13:13:13.123+0330][1765.088s][info][gc,phases      ] GC(40)   Other: 0.4ms
[2024-12-17T13:13:13.123+0330][1765.088s][info][gc,heap        ] GC(40) Eden regions: 18->0(18)
[2024-12-17T13:13:13.123+0330][1765.088s][info][gc,heap        ] GC(40) Survivor regions: 2->2(3)
[2024-12-17T13:13:13.123+0330][1765.088s][info][gc,heap        ] GC(40) Old regions: 18->18
[2024-12-17T13:13:13.123+0330][1765.088s][info][gc,heap        ] GC(40) Archive regions: 0->0
[2024-12-17T13:13:13.123+0330][1765.088s][info][gc,heap        ] GC(40) Humongous regions: 0->0
[2024-12-17T13:13:13.124+0330][1765.089s][info][gc,metaspace   ] GC(40) Metaspace: 83182K(83840K)->83182K(83840K) NonClass: 72013K(72320K)->72013K(72320K) Class: 11168K(11520K)->11168K(11520K)
[2024-12-17T13:13:13.124+0330][1765.089s][info][gc             ] GC(40) Pause Young (Normal) (G1 Evacuation Pause) 68M->32M(94M) 6.903ms
[2024-12-17T13:13:13.124+0330][1765.089s][info][gc,cpu         ] GC(40) User=0.03s Sys=0.00s Real=0.01s
[2024-12-17T13:20:57.003+0330][2228.967s][info][gc,start       ] GC(41) Pause Young (Normal) (G1 Evacuation Pause)
[2024-12-17T13:20:57.003+0330][2228.968s][info][gc,task        ] GC(41) Using 4 workers of 4 for evacuation
[2024-12-17T13:20:57.008+0330][2228.972s][info][gc,phases      ] GC(41)   Pre Evacuate Collection Set: 0.1ms
[2024-12-17T13:20:57.008+0330][2228.972s][info][gc,phases      ] GC(41)   Merge Heap Roots: 0.1ms
[2024-12-17T13:20:57.008+0330][2228.972s][info][gc,phases      ] GC(41)   Evacuate Collection Set: 3.5ms
[2024-12-17T13:20:57.008+0330][2228.972s][info][gc,phases      ] GC(41)   Post Evacuate Collection Set: 1.0ms
[2024-12-17T13:20:57.008+0330][2228.973s][info][gc,phases      ] GC(41)   Other: 0.3ms
[2024-12-17T13:20:57.008+0330][2228.973s][info][gc,heap        ] GC(41) Eden regions: 18->0(19)
[2024-12-17T13:20:57.008+0330][2228.973s][info][gc,heap        ] GC(41) Survivor regions: 2->2(3)
[2024-12-17T13:20:57.008+0330][2228.973s][info][gc,heap        ] GC(41) Old regions: 18->18
[2024-12-17T13:20:57.008+0330][2228.973s][info][gc,heap        ] GC(41) Archive regions: 0->0
[2024-12-17T13:20:57.008+0330][2228.973s][info][gc,heap        ] GC(41) Humongous regions: 0->0
[2024-12-17T13:20:57.008+0330][2228.973s][info][gc,metaspace   ] GC(41) Metaspace: 83182K(83840K)->83182K(83840K) NonClass: 72013K(72320K)->72013K(72320K) Class: 11168K(11520K)->11168K(11520K)
[2024-12-17T13:20:57.008+0330][2228.973s][info][gc             ] GC(41) Pause Young (Normal) (G1 Evacuation Pause) 68M->32M(94M) 5.630ms
[2024-12-17T13:20:57.009+0330][2228.973s][info][gc,cpu         ] GC(41) User=0.00s Sys=0.00s Real=0.01s
[2024-12-17T13:29:06.454+0330][2718.419s][info][gc,start       ] GC(42) Pause Young (Normal) (G1 Evacuation Pause)
[2024-12-17T13:29:06.454+0330][2718.419s][info][gc,task        ] GC(42) Using 4 workers of 4 for evacuation
[2024-12-17T13:29:06.459+0330][2718.424s][info][gc,phases      ] GC(42)   Pre Evacuate Collection Set: 0.1ms
[2024-12-17T13:29:06.459+0330][2718.424s][info][gc,phases      ] GC(42)   Merge Heap Roots: 0.1ms
[2024-12-17T13:29:06.459+0330][2718.424s][info][gc,phases      ] GC(42)   Evacuate Collection Set: 3.4ms
[2024-12-17T13:29:06.459+0330][2718.424s][info][gc,phases      ] GC(42)   Post Evacuate Collection Set: 0.8ms
[2024-12-17T13:29:06.459+0330][2718.424s][info][gc,phases      ] GC(42)   Other: 0.3ms
[2024-12-17T13:29:06.459+0330][2718.424s][info][gc,heap        ] GC(42) Eden regions: 19->0(19)
[2024-12-17T13:29:06.459+0330][2718.424s][info][gc,heap        ] GC(42) Survivor regions: 2->2(3)
[2024-12-17T13:29:06.459+0330][2718.424s][info][gc,heap        ] GC(42) Old regions: 18->18
[2024-12-17T13:29:06.459+0330][2718.424s][info][gc,heap        ] GC(42) Archive regions: 0->0
[2024-12-17T13:29:06.459+0330][2718.424s][info][gc,heap        ] GC(42) Humongous regions: 0->0
[2024-12-17T13:29:06.459+0330][2718.424s][info][gc,metaspace   ] GC(42) Metaspace: 83182K(83840K)->83182K(83840K) NonClass: 72013K(72320K)->72013K(72320K) Class: 11168K(11520K)->11168K(11520K)
[2024-12-17T13:29:06.459+0330][2718.424s][info][gc             ] GC(42) Pause Young (Normal) (G1 Evacuation Pause) 70M->32M(94M) 5.377ms
[2024-12-17T13:29:06.459+0330][2718.424s][info][gc,cpu         ] GC(42) User=0.00s Sys=0.00s Real=0.01s
[2024-12-17T13:36:32.082+0330][3164.047s][info][gc,start       ] GC(43) Pause Young (Normal) (G1 Evacuation Pause)
[2024-12-17T13:36:32.082+0330][3164.047s][info][gc,task        ] GC(43) Using 4 workers of 4 for evacuation
[2024-12-17T13:36:32.086+0330][3164.052s][info][gc,phases      ] GC(43)   Pre Evacuate Collection Set: 0.1ms
[2024-12-17T13:36:32.087+0330][3164.052s][info][gc,phases      ] GC(43)   Merge Heap Roots: 0.1ms
[2024-12-17T13:36:32.087+0330][3164.052s][info][gc,phases      ] GC(43)   Evacuate Collection Set: 3.5ms
[2024-12-17T13:36:32.087+0330][3164.052s][info][gc,phases      ] GC(43)   Post Evacuate Collection Set: 1.0ms
[2024-12-17T13:36:32.087+0330][3164.052s][info][gc,phases      ] GC(43)   Other: 0.3ms
[2024-12-17T13:36:32.087+0330][3164.052s][info][gc,heap        ] GC(43) Eden regions: 19->0(20)
[2024-12-17T13:36:32.087+0330][3164.052s][info][gc,heap        ] GC(43) Survivor regions: 2->2(3)
[2024-12-17T13:36:32.087+0330][3164.053s][info][gc,heap        ] GC(43) Old regions: 18->18
[2024-12-17T13:36:32.087+0330][3164.053s][info][gc,heap        ] GC(43) Archive regions: 0->0
[2024-12-17T13:36:32.087+0330][3164.053s][info][gc,heap        ] GC(43) Humongous regions: 0->0
[2024-12-17T13:36:32.088+0330][3164.053s][info][gc,metaspace   ] GC(43) Metaspace: 83182K(83840K)->83182K(83840K) NonClass: 72013K(72320K)->72013K(72320K) Class: 11168K(11520K)->11168K(11520K)
[2024-12-17T13:36:32.088+0330][3164.053s][info][gc             ] GC(43) Pause Young (Normal) (G1 Evacuation Pause) 70M->32M(94M) 6.109ms
[2024-12-17T13:36:32.088+0330][3164.053s][info][gc,cpu         ] GC(43) User=0.05s Sys=0.02s Real=0.01s
[2024-12-17T13:43:04.914+0330][3556.879s][info][gc,start       ] GC(44) Pause Young (Normal) (G1 Evacuation Pause)
[2024-12-17T13:43:04.914+0330][3556.879s][info][gc,task        ] GC(44) Using 4 workers of 4 for evacuation
[2024-12-17T13:43:04.922+0330][3556.887s][info][gc,phases      ] GC(44)   Pre Evacuate Collection Set: 0.1ms
[2024-12-17T13:43:04.922+0330][3556.887s][info][gc,phases      ] GC(44)   Merge Heap Roots: 0.1ms
[2024-12-17T13:43:04.922+0330][3556.887s][info][gc,phases      ] GC(44)   Evacuate Collection Set: 6.2ms
[2024-12-17T13:43:04.922+0330][3556.887s][info][gc,phases      ] GC(44)   Post Evacuate Collection Set: 1.7ms
[2024-12-17T13:43:04.922+0330][3556.887s][info][gc,phases      ] GC(44)   Other: 0.2ms
[2024-12-17T13:43:04.922+0330][3556.887s][info][gc,heap        ] GC(44) Eden regions: 20->0(20)
[2024-12-17T13:43:04.922+0330][3556.887s][info][gc,heap        ] GC(44) Survivor regions: 2->2(3)
[2024-12-17T13:43:04.922+0330][3556.888s][info][gc,heap        ] GC(44) Old regions: 18->18
[2024-12-17T13:43:04.922+0330][3556.888s][info][gc,heap        ] GC(44) Archive regions: 0->0
[2024-12-17T13:43:04.922+0330][3556.888s][info][gc,heap        ] GC(44) Humongous regions: 0->0
[2024-12-17T13:43:04.922+0330][3556.888s][info][gc,metaspace   ] GC(44) Metaspace: 83182K(83840K)->83182K(83840K) NonClass: 72013K(72320K)->72013K(72320K) Class: 11168K(11520K)->11168K(11520K)
[2024-12-17T13:43:04.922+0330][3556.888s][info][gc             ] GC(44) Pause Young (Normal) (G1 Evacuation Pause) 72M->32M(94M) 8.809ms
[2024-12-17T13:43:04.922+0330][3556.888s][info][gc,cpu         ] GC(44) User=0.02s Sys=0.00s Real=0.01s
[2024-12-17T13:51:36.141+0330][4068.105s][info][gc,start       ] GC(45) Pause Young (Normal) (G1 Evacuation Pause)
[2024-12-17T13:51:36.141+0330][4068.106s][info][gc,task        ] GC(45) Using 4 workers of 4 for evacuation
[2024-12-17T13:51:36.148+0330][4068.113s][info][gc,phases      ] GC(45)   Pre Evacuate Collection Set: 0.1ms
[2024-12-17T13:51:36.149+0330][4068.113s][info][gc,phases      ] GC(45)   Merge Heap Roots: 0.1ms
[2024-12-17T13:51:36.149+0330][4068.113s][info][gc,phases      ] GC(45)   Evacuate Collection Set: 6.4ms
[2024-12-17T13:51:36.149+0330][4068.113s][info][gc,phases      ] GC(45)   Post Evacuate Collection Set: 0.9ms
[2024-12-17T13:51:36.149+0330][4068.113s][info][gc,phases      ] GC(45)   Other: 0.2ms
[2024-12-17T13:51:36.149+0330][4068.113s][info][gc,heap        ] GC(45) Eden regions: 20->0(20)
[2024-12-17T13:51:36.149+0330][4068.113s][info][gc,heap        ] GC(45) Survivor regions: 2->2(3)
[2024-12-17T13:51:36.149+0330][4068.114s][info][gc,heap        ] GC(45) Old regions: 18->18
[2024-12-17T13:51:36.149+0330][4068.114s][info][gc,heap        ] GC(45) Archive regions: 0->0
[2024-12-17T13:51:36.149+0330][4068.114s][info][gc,heap        ] GC(45) Humongous regions: 0->0
[2024-12-17T13:51:36.149+0330][4068.114s][info][gc,metaspace   ] GC(45) Metaspace: 83182K(83840K)->83182K(83840K) NonClass: 72013K(72320K)->72013K(72320K) Class: 11168K(11520K)->11168K(11520K)
[2024-12-17T13:51:36.149+0330][4068.114s][info][gc             ] GC(45) Pause Young (Normal) (G1 Evacuation Pause) 72M->32M(94M) 8.342ms
[2024-12-17T13:51:36.149+0330][4068.114s][info][gc,cpu         ] GC(45) User=0.00s Sys=0.00s Real=0.01s
[2024-12-17T14:00:01.387+0330][4573.351s][info][gc,start       ] GC(46) Pause Young (Normal) (G1 Evacuation Pause)
[2024-12-17T14:00:01.387+0330][4573.351s][info][gc,task        ] GC(46) Using 4 workers of 4 for evacuation
[2024-12-17T14:00:01.392+0330][4573.357s][info][gc,phases      ] GC(46)   Pre Evacuate Collection Set: 0.1ms
[2024-12-17T14:00:01.392+0330][4573.357s][info][gc,phases      ] GC(46)   Merge Heap Roots: 0.1ms
[2024-12-17T14:00:01.392+0330][4573.357s][info][gc,phases      ] GC(46)   Evacuate Collection Set: 4.2ms
[2024-12-17T14:00:01.392+0330][4573.357s][info][gc,phases      ] GC(46)   Post Evacuate Collection Set: 1.0ms
[2024-12-17T14:00:01.392+0330][4573.357s][info][gc,phases      ] GC(46)   Other: 0.3ms
[2024-12-17T14:00:01.393+0330][4573.357s][info][gc,heap        ] GC(46) Eden regions: 20->0(20)
[2024-12-17T14:00:01.393+0330][4573.357s][info][gc,heap        ] GC(46) Survivor regions: 2->2(3)
[2024-12-17T14:00:01.393+0330][4573.357s][info][gc,heap        ] GC(46) Old regions: 18->18
[2024-12-17T14:00:01.393+0330][4573.357s][info][gc,heap        ] GC(46) Archive regions: 0->0
[2024-12-17T14:00:01.393+0330][4573.357s][info][gc,heap        ] GC(46) Humongous regions: 0->0
[2024-12-17T14:00:01.393+0330][4573.357s][info][gc,metaspace   ] GC(46) Metaspace: 83182K(83840K)->83182K(83840K) NonClass: 72013K(72320K)->72013K(72320K) Class: 11168K(11520K)->11168K(11520K)
[2024-12-17T14:00:01.393+0330][4573.357s][info][gc             ] GC(46) Pause Young (Normal) (G1 Evacuation Pause) 72M->32M(94M) 6.313ms
[2024-12-17T14:00:01.393+0330][4573.357s][info][gc,cpu         ] GC(46) User=0.00s Sys=0.00s Real=0.01s
[2024-12-17T14:06:25.218+0330][4957.183s][info][gc,start       ] GC(47) Pause Young (Normal) (G1 Evacuation Pause)
[2024-12-17T14:06:25.218+0330][4957.183s][info][gc,task        ] GC(47) Using 4 workers of 4 for evacuation
[2024-12-17T14:06:25.223+0330][4957.188s][info][gc,phases      ] GC(47)   Pre Evacuate Collection Set: 0.1ms
[2024-12-17T14:06:25.223+0330][4957.188s][info][gc,phases      ] GC(47)   Merge Heap Roots: 0.2ms
[2024-12-17T14:06:25.223+0330][4957.188s][info][gc,phases      ] GC(47)   Evacuate Collection Set: 3.4ms
[2024-12-17T14:06:25.223+0330][4957.188s][info][gc,phases      ] GC(47)   Post Evacuate Collection Set: 0.9ms
[2024-12-17T14:06:25.223+0330][4957.188s][info][gc,phases      ] GC(47)   Other: 0.3ms
[2024-12-17T14:06:25.223+0330][4957.188s][info][gc,heap        ] GC(47) Eden regions: 20->0(20)
[2024-12-17T14:06:25.223+0330][4957.188s][info][gc,heap        ] GC(47) Survivor regions: 2->2(3)
[2024-12-17T14:06:25.223+0330][4957.188s][info][gc,heap        ] GC(47) Old regions: 18->18
[2024-12-17T14:06:25.224+0330][4957.188s][info][gc,heap        ] GC(47) Archive regions: 0->0
[2024-12-17T14:06:25.224+0330][4957.188s][info][gc,heap        ] GC(47) Humongous regions: 0->0
[2024-12-17T14:06:25.224+0330][4957.188s][info][gc,metaspace   ] GC(47) Metaspace: 83182K(83840K)->83182K(83840K) NonClass: 72013K(72320K)->72013K(72320K) Class: 11168K(11520K)->11168K(11520K)
[2024-12-17T14:06:25.224+0330][4957.188s][info][gc             ] GC(47) Pause Young (Normal) (G1 Evacuation Pause) 72M->32M(94M) 5.570ms
[2024-12-17T14:06:25.224+0330][4957.188s][info][gc,cpu         ] GC(47) User=0.00s Sys=0.00s Real=0.01s
[2024-12-17T14:14:15.107+0330][5427.072s][info][gc,start       ] GC(48) Pause Young (Normal) (G1 Evacuation Pause)
[2024-12-17T14:14:15.107+0330][5427.072s][info][gc,task        ] GC(48) Using 4 workers of 4 for evacuation
[2024-12-17T14:14:15.113+0330][5427.078s][info][gc,phases      ] GC(48)   Pre Evacuate Collection Set: 0.1ms
[2024-12-17T14:14:15.113+0330][5427.078s][info][gc,phases      ] GC(48)   Merge Heap Roots: 0.1ms
[2024-12-17T14:14:15.113+0330][5427.078s][info][gc,phases      ] GC(48)   Evacuate Collection Set: 4.5ms
[2024-12-17T14:14:15.113+0330][5427.078s][info][gc,phases      ] GC(48)   Post Evacuate Collection Set: 1.3ms
[2024-12-17T14:14:15.113+0330][5427.078s][info][gc,phases      ] GC(48)   Other: 0.3ms
[2024-12-17T14:14:15.113+0330][5427.078s][info][gc,heap        ] GC(48) Eden regions: 20->0(20)
[2024-12-17T14:14:15.113+0330][5427.078s][info][gc,heap        ] GC(48) Survivor regions: 2->2(3)
[2024-12-17T14:14:15.114+0330][5427.078s][info][gc,heap        ] GC(48) Old regions: 18->18
[2024-12-17T14:14:15.114+0330][5427.078s][info][gc,heap        ] GC(48) Archive regions: 0->0
[2024-12-17T14:14:15.114+0330][5427.079s][info][gc,heap        ] GC(48) Humongous regions: 0->0
[2024-12-17T14:14:15.114+0330][5427.079s][info][gc,metaspace   ] GC(48) Metaspace: 83182K(83840K)->83182K(83840K) NonClass: 72013K(72320K)->72013K(72320K) Class: 11168K(11520K)->11168K(11520K)
[2024-12-17T14:14:15.114+0330][5427.079s][info][gc             ] GC(48) Pause Young (Normal) (G1 Evacuation Pause) 72M->32M(94M) 7.055ms
[2024-12-17T14:14:15.114+0330][5427.079s][info][gc,cpu         ] GC(48) User=0.00s Sys=0.00s Real=0.01s
[2024-12-17T14:22:42.102+0330][5934.066s][info][gc,start       ] GC(49) Pause Young (Normal) (G1 Evacuation Pause)
[2024-12-17T14:22:42.102+0330][5934.066s][info][gc,task        ] GC(49) Using 4 workers of 4 for evacuation
[2024-12-17T14:22:42.107+0330][5934.071s][info][gc,phases      ] GC(49)   Pre Evacuate Collection Set: 0.1ms
[2024-12-17T14:22:42.107+0330][5934.071s][info][gc,phases      ] GC(49)   Merge Heap Roots: 0.1ms
[2024-12-17T14:22:42.107+0330][5934.071s][info][gc,phases      ] GC(49)   Evacuate Collection Set: 3.5ms
[2024-12-17T14:22:42.107+0330][5934.071s][info][gc,phases      ] GC(49)   Post Evacuate Collection Set: 0.9ms
[2024-12-17T14:22:42.107+0330][5934.071s][info][gc,phases      ] GC(49)   Other: 0.2ms
[2024-12-17T14:22:42.107+0330][5934.072s][info][gc,heap        ] GC(49) Eden regions: 20->0(20)
[2024-12-17T14:22:42.107+0330][5934.072s][info][gc,heap        ] GC(49) Survivor regions: 2->2(3)
[2024-12-17T14:22:42.107+0330][5934.072s][info][gc,heap        ] GC(49) Old regions: 18->18
[2024-12-17T14:22:42.107+0330][5934.072s][info][gc,heap        ] GC(49) Archive regions: 0->0
[2024-12-17T14:22:42.107+0330][5934.072s][info][gc,heap        ] GC(49) Humongous regions: 0->0
[2024-12-17T14:22:42.107+0330][5934.072s][info][gc,metaspace   ] GC(49) Metaspace: 83182K(83840K)->83182K(83840K) NonClass: 72013K(72320K)->72013K(72320K) Class: 11168K(11520K)->11168K(11520K)
[2024-12-17T14:22:42.107+0330][5934.072s][info][gc             ] GC(49) Pause Young (Normal) (G1 Evacuation Pause) 72M->32M(94M) 5.471ms
[2024-12-17T14:22:42.107+0330][5934.072s][info][gc,cpu         ] GC(49) User=0.02s Sys=0.00s Real=0.01s
[2024-12-17T14:31:10.721+0330][6442.686s][info][gc,start       ] GC(50) Pause Young (Normal) (G1 Evacuation Pause)
[2024-12-17T14:31:10.721+0330][6442.686s][info][gc,task        ] GC(50) Using 4 workers of 4 for evacuation
[2024-12-17T14:31:10.725+0330][6442.690s][info][gc,phases      ] GC(50)   Pre Evacuate Collection Set: 0.1ms
[2024-12-17T14:31:10.725+0330][6442.690s][info][gc,phases      ] GC(50)   Merge Heap Roots: 0.1ms
[2024-12-17T14:31:10.725+0330][6442.690s][info][gc,phases      ] GC(50)   Evacuate Collection Set: 3.3ms
[2024-12-17T14:31:10.725+0330][6442.690s][info][gc,phases      ] GC(50)   Post Evacuate Collection Set: 0.8ms
[2024-12-17T14:31:10.725+0330][6442.690s][info][gc,phases      ] GC(50)   Other: 0.2ms
[2024-12-17T14:31:10.726+0330][6442.690s][info][gc,heap        ] GC(50) Eden regions: 20->0(20)
[2024-12-17T14:31:10.726+0330][6442.690s][info][gc,heap        ] GC(50) Survivor regions: 2->2(3)
[2024-12-17T14:31:10.726+0330][6442.690s][info][gc,heap        ] GC(50) Old regions: 18->18
[2024-12-17T14:31:10.726+0330][6442.691s][info][gc,heap        ] GC(50) Archive regions: 0->0
[2024-12-17T14:31:10.726+0330][6442.691s][info][gc,heap        ] GC(50) Humongous regions: 0->0
[2024-12-17T14:31:10.726+0330][6442.691s][info][gc,metaspace   ] GC(50) Metaspace: 83182K(83840K)->83182K(83840K) NonClass: 72013K(72320K)->72013K(72320K) Class: 11168K(11520K)->11168K(11520K)
[2024-12-17T14:31:10.726+0330][6442.691s][info][gc             ] GC(50) Pause Young (Normal) (G1 Evacuation Pause) 72M->32M(94M) 5.197ms
[2024-12-17T14:31:10.726+0330][6442.691s][info][gc,cpu         ] GC(50) User=0.00s Sys=0.00s Real=0.01s
[2024-12-17T14:36:57.368+0330][6789.333s][info][gc,start       ] GC(51) Pause Young (Normal) (G1 Evacuation Pause)
[2024-12-17T14:36:57.368+0330][6789.333s][info][gc,task        ] GC(51) Using 4 workers of 4 for evacuation
[2024-12-17T14:36:57.373+0330][6789.338s][info][gc,phases      ] GC(51)   Pre Evacuate Collection Set: 0.1ms
[2024-12-17T14:36:57.373+0330][6789.338s][info][gc,phases      ] GC(51)   Merge Heap Roots: 0.1ms
[2024-12-17T14:36:57.373+0330][6789.338s][info][gc,phases      ] GC(51)   Evacuate Collection Set: 3.4ms
[2024-12-17T14:36:57.373+0330][6789.338s][info][gc,phases      ] GC(51)   Post Evacuate Collection Set: 0.8ms
[2024-12-17T14:36:57.373+0330][6789.338s][info][gc,phases      ] GC(51)   Other: 0.3ms
[2024-12-17T14:36:57.373+0330][6789.338s][info][gc,heap        ] GC(51) Eden regions: 20->0(20)
[2024-12-17T14:36:57.373+0330][6789.338s][info][gc,heap        ] GC(51) Survivor regions: 2->2(3)
[2024-12-17T14:36:57.373+0330][6789.338s][info][gc,heap        ] GC(51) Old regions: 18->18
[2024-12-17T14:36:57.373+0330][6789.338s][info][gc,heap        ] GC(51) Archive regions: 0->0
[2024-12-17T14:36:57.373+0330][6789.338s][info][gc,heap        ] GC(51) Humongous regions: 0->0
[2024-12-17T14:36:57.373+0330][6789.338s][info][gc,metaspace   ] GC(51) Metaspace: 83182K(83840K)->83182K(83840K) NonClass: 72013K(72320K)->72013K(72320K) Class: 11168K(11520K)->11168K(11520K)
[2024-12-17T14:36:57.374+0330][6789.339s][info][gc             ] GC(51) Pause Young (Normal) (G1 Evacuation Pause) 72M->32M(94M) 5.325ms
[2024-12-17T14:36:57.374+0330][6789.339s][info][gc,cpu         ] GC(51) User=0.00s Sys=0.00s Real=0.01s
[2024-12-17T14:45:28.947+0330][7300.911s][info][gc,start       ] GC(52) Pause Young (Normal) (G1 Evacuation Pause)
[2024-12-17T14:45:28.947+0330][7300.911s][info][gc,task        ] GC(52) Using 4 workers of 4 for evacuation
[2024-12-17T14:45:28.952+0330][7300.916s][info][gc,phases      ] GC(52)   Pre Evacuate Collection Set: 0.2ms
[2024-12-17T14:45:28.952+0330][7300.916s][info][gc,phases      ] GC(52)   Merge Heap Roots: 0.1ms
[2024-12-17T14:45:28.952+0330][7300.916s][info][gc,phases      ] GC(52)   Evacuate Collection Set: 3.3ms
[2024-12-17T14:45:28.952+0330][7300.917s][info][gc,phases      ] GC(52)   Post Evacuate Collection Set: 1.1ms
[2024-12-17T14:45:28.952+0330][7300.917s][info][gc,phases      ] GC(52)   Other: 0.3ms
[2024-12-17T14:45:28.952+0330][7300.917s][info][gc,heap        ] GC(52) Eden regions: 20->0(20)
[2024-12-17T14:45:28.952+0330][7300.917s][info][gc,heap        ] GC(52) Survivor regions: 2->2(3)
[2024-12-17T14:45:28.952+0330][7300.917s][info][gc,heap        ] GC(52) Old regions: 18->18
[2024-12-17T14:45:28.952+0330][7300.917s][info][gc,heap        ] GC(52) Archive regions: 0->0
[2024-12-17T14:45:28.952+0330][7300.917s][info][gc,heap        ] GC(52) Humongous regions: 0->0
[2024-12-17T14:45:28.952+0330][7300.917s][info][gc,metaspace   ] GC(52) Metaspace: 83182K(83840K)->83182K(83840K) NonClass: 72013K(72320K)->72013K(72320K) Class: 11168K(11520K)->11168K(11520K)
[2024-12-17T14:45:28.952+0330][7300.917s][info][gc             ] GC(52) Pause Young (Normal) (G1 Evacuation Pause) 72M->32M(94M) 5.697ms
[2024-12-17T14:45:28.953+0330][7300.917s][info][gc,cpu         ] GC(52) User=0.02s Sys=0.00s Real=0.01s
[2024-12-17T14:54:01.077+0330][7813.042s][info][gc,start       ] GC(53) Pause Young (Normal) (G1 Evacuation Pause)
[2024-12-17T14:54:01.077+0330][7813.042s][info][gc,task        ] GC(53) Using 4 workers of 4 for evacuation
[2024-12-17T14:54:01.081+0330][7813.047s][info][gc,phases      ] GC(53)   Pre Evacuate Collection Set: 0.1ms
[2024-12-17T14:54:01.081+0330][7813.047s][info][gc,phases      ] GC(53)   Merge Heap Roots: 0.1ms
[2024-12-17T14:54:01.081+0330][7813.047s][info][gc,phases      ] GC(53)   Evacuate Collection Set: 3.4ms
[2024-12-17T14:54:01.081+0330][7813.047s][info][gc,phases      ] GC(53)   Post Evacuate Collection Set: 0.9ms
[2024-12-17T14:54:01.081+0330][7813.047s][info][gc,phases      ] GC(53)   Other: 0.4ms
[2024-12-17T14:54:01.081+0330][7813.047s][info][gc,heap        ] GC(53) Eden regions: 20->0(20)
[2024-12-17T14:54:01.081+0330][7813.047s][info][gc,heap        ] GC(53) Survivor regions: 2->2(3)
[2024-12-17T14:54:01.081+0330][7813.047s][info][gc,heap        ] GC(53) Old regions: 18->18
[2024-12-17T14:54:01.081+0330][7813.047s][info][gc,heap        ] GC(53) Archive regions: 0->0
[2024-12-17T14:54:01.083+0330][7813.047s][info][gc,heap        ] GC(53) Humongous regions: 0->0
[2024-12-17T14:54:01.083+0330][7813.047s][info][gc,metaspace   ] GC(53) Metaspace: 83182K(83840K)->83182K(83840K) NonClass: 72013K(72320K)->72013K(72320K) Class: 11168K(11520K)->11168K(11520K)
[2024-12-17T14:54:01.083+0330][7813.047s][info][gc             ] GC(53) Pause Young (Normal) (G1 Evacuation Pause) 72M->32M(94M) 5.398ms
[2024-12-17T14:54:01.083+0330][7813.047s][info][gc,cpu         ] GC(53) User=0.00s Sys=0.00s Real=0.01s
[2024-12-17T15:02:40.657+0330][8332.622s][info][gc,start       ] GC(54) Pause Young (Normal) (G1 Evacuation Pause)
[2024-12-17T15:02:40.657+0330][8332.622s][info][gc,task        ] GC(54) Using 4 workers of 4 for evacuation
[2024-12-17T15:02:40.675+0330][8332.639s][info][gc,phases      ] GC(54)   Pre Evacuate Collection Set: 0.8ms
[2024-12-17T15:02:40.675+0330][8332.639s][info][gc,phases      ] GC(54)   Merge Heap Roots: 0.1ms
[2024-12-17T15:02:40.675+0330][8332.639s][info][gc,phases      ] GC(54)   Evacuate Collection Set: 15.4ms
[2024-12-17T15:02:40.675+0330][8332.639s][info][gc,phases      ] GC(54)   Post Evacuate Collection Set: 0.8ms
[2024-12-17T15:02:40.675+0330][8332.640s][info][gc,phases      ] GC(54)   Other: 0.4ms
[2024-12-17T15:02:40.675+0330][8332.640s][info][gc,heap        ] GC(54) Eden regions: 20->0(21)
[2024-12-17T15:02:40.675+0330][8332.640s][info][gc,heap        ] GC(54) Survivor regions: 2->1(3)
[2024-12-17T15:02:40.675+0330][8332.640s][info][gc,heap        ] GC(54) Old regions: 18->19
[2024-12-17T15:02:40.675+0330][8332.640s][info][gc,heap        ] GC(54) Archive regions: 0->0
[2024-12-17T15:02:40.675+0330][8332.640s][info][gc,heap        ] GC(54) Humongous regions: 0->0
[2024-12-17T15:02:40.675+0330][8332.640s][info][gc,metaspace   ] GC(54) Metaspace: 83182K(83840K)->83182K(83840K) NonClass: 72013K(72320K)->72013K(72320K) Class: 11168K(11520K)->11168K(11520K)
[2024-12-17T15:02:40.675+0330][8332.640s][info][gc             ] GC(54) Pause Young (Normal) (G1 Evacuation Pause) 72M->32M(94M) 18.230ms
[2024-12-17T15:02:40.675+0330][8332.640s][info][gc,cpu         ] GC(54) User=0.00s Sys=0.02s Real=0.02s
[2024-12-17T15:08:53.889+0330][8705.854s][info][gc,start       ] GC(55) Pause Young (Normal) (G1 Evacuation Pause)
[2024-12-17T15:08:53.889+0330][8705.854s][info][gc,task        ] GC(55) Using 4 workers of 4 for evacuation
[2024-12-17T15:08:53.895+0330][8705.860s][info][gc,phases      ] GC(55)   Pre Evacuate Collection Set: 0.2ms
[2024-12-17T15:08:53.895+0330][8705.860s][info][gc,phases      ] GC(55)   Merge Heap Roots: 0.2ms
[2024-12-17T15:08:53.895+0330][8705.860s][info][gc,phases      ] GC(55)   Evacuate Collection Set: 4.5ms
[2024-12-17T15:08:53.895+0330][8705.861s][info][gc,phases      ] GC(55)   Post Evacuate Collection Set: 0.9ms
[2024-12-17T15:08:53.895+0330][8705.861s][info][gc,phases      ] GC(55)   Other: 0.4ms
[2024-12-17T15:08:53.895+0330][8705.861s][info][gc,heap        ] GC(55) Eden regions: 21->0(21)
[2024-12-17T15:08:53.895+0330][8705.861s][info][gc,heap        ] GC(55) Survivor regions: 1->1(3)
[2024-12-17T15:08:53.896+0330][8705.861s][info][gc,heap        ] GC(55) Old regions: 19->19
[2024-12-17T15:08:53.896+0330][8705.861s][info][gc,heap        ] GC(55) Archive regions: 0->0
[2024-12-17T15:08:53.896+0330][8705.861s][info][gc,heap        ] GC(55) Humongous regions: 0->0
[2024-12-17T15:08:53.896+0330][8705.861s][info][gc,metaspace   ] GC(55) Metaspace: 83182K(83840K)->83182K(83840K) NonClass: 72013K(72320K)->72013K(72320K) Class: 11168K(11520K)->11168K(11520K)
[2024-12-17T15:08:53.896+0330][8705.861s][info][gc             ] GC(55) Pause Young (Normal) (G1 Evacuation Pause) 74M->32M(94M) 6.926ms
[2024-12-17T15:08:53.896+0330][8705.861s][info][gc,cpu         ] GC(55) User=0.00s Sys=0.00s Real=0.01s
[2024-12-17T15:17:50.469+0330][9242.434s][info][gc,start       ] GC(56) Pause Young (Normal) (G1 Evacuation Pause)
[2024-12-17T15:17:50.469+0330][9242.434s][info][gc,task        ] GC(56) Using 4 workers of 4 for evacuation
[2024-12-17T15:17:50.471+0330][9242.436s][info][gc,phases      ] GC(56)   Pre Evacuate Collection Set: 0.1ms
[2024-12-17T15:17:50.471+0330][9242.436s][info][gc,phases      ] GC(56)   Merge Heap Roots: 0.1ms
[2024-12-17T15:17:50.471+0330][9242.437s][info][gc,phases      ] GC(56)   Evacuate Collection Set: 1.0ms
[2024-12-17T15:17:50.471+0330][9242.437s][info][gc,phases      ] GC(56)   Post Evacuate Collection Set: 0.9ms
[2024-12-17T15:17:50.471+0330][9242.437s][info][gc,phases      ] GC(56)   Other: 0.3ms
[2024-12-17T15:17:50.472+0330][9242.437s][info][gc,heap        ] GC(56) Eden regions: 21->0(21)
[2024-12-17T15:17:50.472+0330][9242.437s][info][gc,heap        ] GC(56) Survivor regions: 1->1(3)
[2024-12-17T15:17:50.472+0330][9242.437s][info][gc,heap        ] GC(56) Old regions: 19->19
[2024-12-17T15:17:50.472+0330][9242.437s][info][gc,heap        ] GC(56) Archive regions: 0->0
[2024-12-17T15:17:50.472+0330][9242.437s][info][gc,heap        ] GC(56) Humongous regions: 0->0
[2024-12-17T15:17:50.472+0330][9242.437s][info][gc,metaspace   ] GC(56) Metaspace: 83182K(83840K)->83182K(83840K) NonClass: 72013K(72320K)->72013K(72320K) Class: 11168K(11520K)->11168K(11520K)
[2024-12-17T15:17:50.472+0330][9242.437s][info][gc             ] GC(56) Pause Young (Normal) (G1 Evacuation Pause) 74M->32M(94M) 3.089ms
[2024-12-17T15:17:50.472+0330][9242.437s][info][gc,cpu         ] GC(56) User=0.00s Sys=0.00s Real=0.00s
[2024-12-17T15:22:58.896+0330][9550.861s][info][gc,start       ] GC(57) Pause Young (Normal) (G1 Evacuation Pause)
[2024-12-17T15:22:58.896+0330][9550.861s][info][gc,task        ] GC(57) Using 4 workers of 4 for evacuation
[2024-12-17T15:22:58.908+0330][9550.873s][info][gc,phases      ] GC(57)   Pre Evacuate Collection Set: 0.1ms
[2024-12-17T15:22:58.908+0330][9550.873s][info][gc,phases      ] GC(57)   Merge Heap Roots: 0.1ms
[2024-12-17T15:22:58.908+0330][9550.873s][info][gc,phases      ] GC(57)   Evacuate Collection Set: 10.3ms
[2024-12-17T15:22:58.908+0330][9550.873s][info][gc,phases      ] GC(57)   Post Evacuate Collection Set: 1.4ms
[2024-12-17T15:22:58.908+0330][9550.873s][info][gc,phases      ] GC(57)   Other: 0.3ms
[2024-12-17T15:22:58.908+0330][9550.873s][info][gc,heap        ] GC(57) Eden regions: 21->0(19)
[2024-12-17T15:22:58.908+0330][9550.873s][info][gc,heap        ] GC(57) Survivor regions: 1->2(3)
[2024-12-17T15:22:58.908+0330][9550.873s][info][gc,heap        ] GC(57) Old regions: 19->19
[2024-12-17T15:22:58.908+0330][9550.873s][info][gc,heap        ] GC(57) Archive regions: 0->0
[2024-12-17T15:22:58.908+0330][9550.873s][info][gc,heap        ] GC(57) Humongous regions: 0->0
[2024-12-17T15:22:58.908+0330][9550.874s][info][gc,metaspace   ] GC(57) Metaspace: 85258K(85888K)->85258K(85888K) NonClass: 73579K(73920K)->73579K(73920K) Class: 11679K(11968K)->11679K(11968K)
[2024-12-17T15:22:58.908+0330][9550.874s][info][gc             ] GC(57) Pause Young (Normal) (G1 Evacuation Pause) 74M->33M(94M) 12.954ms
[2024-12-17T15:22:58.908+0330][9550.874s][info][gc,cpu         ] GC(57) User=0.02s Sys=0.02s Real=0.01s
[2024-12-17T15:28:53.016+0330][9904.981s][info][gc,start       ] GC(58) Pause Young (Normal) (G1 Evacuation Pause)
[2024-12-17T15:28:53.016+0330][9904.981s][info][gc,task        ] GC(58) Using 4 workers of 4 for evacuation
[2024-12-17T15:28:53.020+0330][9904.985s][info][gc,phases      ] GC(58)   Pre Evacuate Collection Set: 0.1ms
[2024-12-17T15:28:53.020+0330][9904.985s][info][gc,phases      ] GC(58)   Merge Heap Roots: 0.1ms
[2024-12-17T15:28:53.020+0330][9904.985s][info][gc,phases      ] GC(58)   Evacuate Collection Set: 2.9ms
[2024-12-17T15:28:53.020+0330][9904.985s][info][gc,phases      ] GC(58)   Post Evacuate Collection Set: 1.0ms
[2024-12-17T15:28:53.020+0330][9904.985s][info][gc,phases      ] GC(58)   Other: 0.2ms
[2024-12-17T15:28:53.020+0330][9904.985s][info][gc,heap        ] GC(58) Eden regions: 19->0(19)
[2024-12-17T15:28:53.020+0330][9904.985s][info][gc,heap        ] GC(58) Survivor regions: 2->2(3)
[2024-12-17T15:28:53.020+0330][9904.985s][info][gc,heap        ] GC(58) Old regions: 19->19
[2024-12-17T15:28:53.020+0330][9904.985s][info][gc,heap        ] GC(58) Archive regions: 0->0
[2024-12-17T15:28:53.021+0330][9904.985s][info][gc,heap        ] GC(58) Humongous regions: 0->0
[2024-12-17T15:28:53.021+0330][9904.986s][info][gc,metaspace   ] GC(58) Metaspace: 87422K(88064K)->87422K(88064K) NonClass: 75435K(75776K)->75435K(75776K) Class: 11986K(12288K)->11986K(12288K)
[2024-12-17T15:28:53.021+0330][9904.986s][info][gc             ] GC(58) Pause Young (Normal) (G1 Evacuation Pause) 71M->34M(94M) 5.062ms
[2024-12-17T15:28:53.021+0330][9904.986s][info][gc,cpu         ] GC(58) User=0.00s Sys=0.00s Real=0.00s
[2024-12-17T15:35:11.291+0330][10283.256s][info][gc,start       ] GC(59) Pause Young (Normal) (G1 Evacuation Pause)
[2024-12-17T15:35:11.291+0330][10283.256s][info][gc,task        ] GC(59) Using 4 workers of 4 for evacuation
[2024-12-17T15:35:11.296+0330][10283.261s][info][gc,phases      ] GC(59)   Pre Evacuate Collection Set: 0.9ms
[2024-12-17T15:35:11.296+0330][10283.261s][info][gc,phases      ] GC(59)   Merge Heap Roots: 0.1ms
[2024-12-17T15:35:11.297+0330][10283.261s][info][gc,phases      ] GC(59)   Evacuate Collection Set: 2.8ms
[2024-12-17T15:35:11.297+0330][10283.261s][info][gc,phases      ] GC(59)   Post Evacuate Collection Set: 0.9ms
[2024-12-17T15:35:11.297+0330][10283.262s][info][gc,phases      ] GC(59)   Other: 0.3ms
[2024-12-17T15:35:11.297+0330][10283.262s][info][gc,heap        ] GC(59) Eden regions: 19->0(19)
[2024-12-17T15:35:11.297+0330][10283.262s][info][gc,heap        ] GC(59) Survivor regions: 2->2(3)
[2024-12-17T15:35:11.297+0330][10283.262s][info][gc,heap        ] GC(59) Old regions: 19->19
[2024-12-17T15:35:11.297+0330][10283.262s][info][gc,heap        ] GC(59) Archive regions: 0->0
[2024-12-17T15:35:11.297+0330][10283.262s][info][gc,heap        ] GC(59) Humongous regions: 0->0
[2024-12-17T15:35:11.297+0330][10283.262s][info][gc,metaspace   ] GC(59) Metaspace: 87465K(88064K)->87465K(88064K) NonClass: 75470K(75776K)->75470K(75776K) Class: 11994K(12288K)->11994K(12288K)
[2024-12-17T15:35:11.297+0330][10283.262s][info][gc             ] GC(59) Pause Young (Normal) (G1 Evacuation Pause) 72M->34M(94M) 5.833ms
[2024-12-17T15:35:11.297+0330][10283.262s][info][gc,cpu         ] GC(59) User=0.00s Sys=0.00s Real=0.01s
[2024-12-17T15:42:12.892+0330][10704.857s][info][gc,start       ] GC(60) Pause Young (Normal) (G1 Evacuation Pause)
[2024-12-17T15:42:12.892+0330][10704.858s][info][gc,task        ] GC(60) Using 4 workers of 4 for evacuation
[2024-12-17T15:42:12.897+0330][10704.862s][info][gc,phases      ] GC(60)   Pre Evacuate Collection Set: 0.1ms
[2024-12-17T15:42:12.897+0330][10704.862s][info][gc,phases      ] GC(60)   Merge Heap Roots: 0.1ms
[2024-12-17T15:42:12.897+0330][10704.862s][info][gc,phases      ] GC(60)   Evacuate Collection Set: 2.9ms
[2024-12-17T15:42:12.897+0330][10704.862s][info][gc,phases      ] GC(60)   Post Evacuate Collection Set: 1.0ms
[2024-12-17T15:42:12.897+0330][10704.862s][info][gc,phases      ] GC(60)   Other: 0.3ms
[2024-12-17T15:42:12.897+0330][10704.862s][info][gc,heap        ] GC(60) Eden regions: 19->0(19)
[2024-12-17T15:42:12.897+0330][10704.862s][info][gc,heap        ] GC(60) Survivor regions: 2->2(3)
[2024-12-17T15:42:12.897+0330][10704.862s][info][gc,heap        ] GC(60) Old regions: 19->19
[2024-12-17T15:42:12.898+0330][10704.862s][info][gc,heap        ] GC(60) Archive regions: 0->0
[2024-12-17T15:42:12.898+0330][10704.862s][info][gc,heap        ] GC(60) Humongous regions: 0->0
[2024-12-17T15:42:12.898+0330][10704.863s][info][gc,metaspace   ] GC(60) Metaspace: 87465K(88064K)->87465K(88064K) NonClass: 75470K(75776K)->75470K(75776K) Class: 11994K(12288K)->11994K(12288K)
[2024-12-17T15:42:12.898+0330][10704.863s][info][gc             ] GC(60) Pause Young (Normal) (G1 Evacuation Pause) 72M->33M(94M) 5.174ms
[2024-12-17T15:42:12.898+0330][10704.863s][info][gc,cpu         ] GC(60) User=0.00s Sys=0.00s Real=0.01s
[2024-12-17T15:50:19.579+0330][11191.544s][info][gc,start       ] GC(61) Pause Young (Normal) (G1 Evacuation Pause)
[2024-12-17T15:50:19.579+0330][11191.544s][info][gc,task        ] GC(61) Using 4 workers of 4 for evacuation
[2024-12-17T15:50:19.583+0330][11191.548s][info][gc,phases      ] GC(61)   Pre Evacuate Collection Set: 0.1ms
[2024-12-17T15:50:19.583+0330][11191.548s][info][gc,phases      ] GC(61)   Merge Heap Roots: 0.1ms
[2024-12-17T15:50:19.583+0330][11191.548s][info][gc,phases      ] GC(61)   Evacuate Collection Set: 2.5ms
[2024-12-17T15:50:19.583+0330][11191.548s][info][gc,phases      ] GC(61)   Post Evacuate Collection Set: 1.0ms
[2024-12-17T15:50:19.583+0330][11191.548s][info][gc,phases      ] GC(61)   Other: 0.2ms
[2024-12-17T15:50:19.583+0330][11191.548s][info][gc,heap        ] GC(61) Eden regions: 19->0(21)
[2024-12-17T15:50:19.583+0330][11191.548s][info][gc,heap        ] GC(61) Survivor regions: 2->1(3)
[2024-12-17T15:50:19.583+0330][11191.548s][info][gc,heap        ] GC(61) Old regions: 19->19
[2024-12-17T15:50:19.583+0330][11191.548s][info][gc,heap        ] GC(61) Archive regions: 0->0
[2024-12-17T15:50:19.583+0330][11191.548s][info][gc,heap        ] GC(61) Humongous regions: 0->0
[2024-12-17T15:50:19.583+0330][11191.548s][info][gc,metaspace   ] GC(61) Metaspace: 87465K(88064K)->87465K(88064K) NonClass: 75470K(75776K)->75470K(75776K) Class: 11994K(12288K)->11994K(12288K)
[2024-12-17T15:50:19.583+0330][11191.548s][info][gc             ] GC(61) Pause Young (Normal) (G1 Evacuation Pause) 71M->33M(94M) 4.491ms
[2024-12-17T15:50:19.583+0330][11191.548s][info][gc,cpu         ] GC(61) User=0.00s Sys=0.00s Real=0.00s
[2024-12-17T15:59:17.470+0330][11729.435s][info][gc,start       ] GC(62) Pause Young (Normal) (G1 Evacuation Pause)
[2024-12-17T15:59:17.470+0330][11729.435s][info][gc,task        ] GC(62) Using 4 workers of 4 for evacuation
[2024-12-17T15:59:17.478+0330][11729.443s][info][gc,phases      ] GC(62)   Pre Evacuate Collection Set: 0.1ms
[2024-12-17T15:59:17.478+0330][11729.443s][info][gc,phases      ] GC(62)   Merge Heap Roots: 0.2ms
[2024-12-17T15:59:17.479+0330][11729.443s][info][gc,phases      ] GC(62)   Evacuate Collection Set: 5.9ms
[2024-12-17T15:59:17.479+0330][11729.443s][info][gc,phases      ] GC(62)   Post Evacuate Collection Set: 1.7ms
[2024-12-17T15:59:17.479+0330][11729.444s][info][gc,phases      ] GC(62)   Other: 0.4ms
[2024-12-17T15:59:17.479+0330][11729.444s][info][gc,heap        ] GC(62) Eden regions: 21->0(21)
[2024-12-17T15:59:17.479+0330][11729.444s][info][gc,heap        ] GC(62) Survivor regions: 1->1(3)
[2024-12-17T15:59:17.479+0330][11729.444s][info][gc,heap        ] GC(62) Old regions: 19->19
[2024-12-17T15:59:17.479+0330][11729.444s][info][gc,heap        ] GC(62) Archive regions: 0->0
[2024-12-17T15:59:17.479+0330][11729.444s][info][gc,heap        ] GC(62) Humongous regions: 0->0
[2024-12-17T15:59:17.480+0330][11729.444s][info][gc,metaspace   ] GC(62) Metaspace: 87465K(88064K)->87465K(88064K) NonClass: 75470K(75776K)->75470K(75776K) Class: 11994K(12288K)->11994K(12288K)
[2024-12-17T15:59:17.480+0330][11729.444s][info][gc             ] GC(62) Pause Young (Normal) (G1 Evacuation Pause) 75M->33M(94M) 9.697ms
[2024-12-17T15:59:17.480+0330][11729.444s][info][gc,cpu         ] GC(62) User=0.00s Sys=0.00s Real=0.01s
[2024-12-17T16:05:36.986+0330][12108.951s][info][gc,start       ] GC(63) Pause Young (Normal) (G1 Evacuation Pause)
[2024-12-17T16:05:36.986+0330][12108.951s][info][gc,task        ] GC(63) Using 4 workers of 4 for evacuation
[2024-12-17T16:05:36.991+0330][12108.956s][info][gc,phases      ] GC(63)   Pre Evacuate Collection Set: 0.1ms
[2024-12-17T16:05:36.991+0330][12108.956s][info][gc,phases      ] GC(63)   Merge Heap Roots: 0.1ms
[2024-12-17T16:05:36.991+0330][12108.956s][info][gc,phases      ] GC(63)   Evacuate Collection Set: 3.0ms
[2024-12-17T16:05:36.991+0330][12108.956s][info][gc,phases      ] GC(63)   Post Evacuate Collection Set: 0.9ms
[2024-12-17T16:05:36.991+0330][12108.956s][info][gc,phases      ] GC(63)   Other: 0.3ms
[2024-12-17T16:05:36.991+0330][12108.956s][info][gc,heap        ] GC(63) Eden regions: 21->0(19)
[2024-12-17T16:05:36.991+0330][12108.956s][info][gc,heap        ] GC(63) Survivor regions: 1->2(3)
[2024-12-17T16:05:36.991+0330][12108.956s][info][gc,heap        ] GC(63) Old regions: 19->19
[2024-12-17T16:05:36.991+0330][12108.956s][info][gc,heap        ] GC(63) Archive regions: 0->0
[2024-12-17T16:05:36.991+0330][12108.956s][info][gc,heap        ] GC(63) Humongous regions: 0->0
[2024-12-17T16:05:36.991+0330][12108.956s][info][gc,metaspace   ] GC(63) Metaspace: 87465K(88064K)->87465K(88064K) NonClass: 75470K(75776K)->75470K(75776K) Class: 11994K(12288K)->11994K(12288K)
[2024-12-17T16:05:36.991+0330][12108.956s][info][gc             ] GC(63) Pause Young (Normal) (G1 Evacuation Pause) 75M->34M(94M) 5.156ms
[2024-12-17T16:05:36.991+0330][12108.956s][info][gc,cpu         ] GC(63) User=0.00s Sys=0.00s Real=0.00s
[2024-12-17T16:14:07.983+0330][12619.948s][info][gc,start       ] GC(64) Pause Young (Normal) (G1 Evacuation Pause)
[2024-12-17T16:14:07.983+0330][12619.948s][info][gc,task        ] GC(64) Using 4 workers of 4 for evacuation
[2024-12-17T16:14:07.987+0330][12619.952s][info][gc,phases      ] GC(64)   Pre Evacuate Collection Set: 0.1ms
[2024-12-17T16:14:07.987+0330][12619.952s][info][gc,phases      ] GC(64)   Merge Heap Roots: 0.1ms
[2024-12-17T16:14:07.987+0330][12619.952s][info][gc,phases      ] GC(64)   Evacuate Collection Set: 2.8ms
[2024-12-17T16:14:07.987+0330][12619.953s][info][gc,phases      ] GC(64)   Post Evacuate Collection Set: 1.1ms
[2024-12-17T16:14:07.988+0330][12619.953s][info][gc,phases      ] GC(64)   Other: 0.4ms
[2024-12-17T16:14:07.988+0330][12619.953s][info][gc,heap        ] GC(64) Eden regions: 19->0(19)
[2024-12-17T16:14:07.988+0330][12619.953s][info][gc,heap        ] GC(64) Survivor regions: 2->2(3)
[2024-12-17T16:14:07.988+0330][12619.953s][info][gc,heap        ] GC(64) Old regions: 19->19
[2024-12-17T16:14:07.988+0330][12619.953s][info][gc,heap        ] GC(64) Archive regions: 0->0
[2024-12-17T16:14:07.988+0330][12619.953s][info][gc,heap        ] GC(64) Humongous regions: 0->0
[2024-12-17T16:14:07.988+0330][12619.953s][info][gc,metaspace   ] GC(64) Metaspace: 87465K(88064K)->87465K(88064K) NonClass: 75470K(75776K)->75470K(75776K) Class: 11994K(12288K)->11994K(12288K)
[2024-12-17T16:14:07.988+0330][12619.953s][info][gc             ] GC(64) Pause Young (Normal) (G1 Evacuation Pause) 72M->33M(94M) 5.282ms
[2024-12-17T16:14:07.988+0330][12619.953s][info][gc,cpu         ] GC(64) User=0.02s Sys=0.00s Real=0.00s
[2024-12-17T16:22:14.551+0330][13106.516s][info][gc,start       ] GC(65) Pause Young (Normal) (G1 Evacuation Pause)
[2024-12-17T16:22:14.551+0330][13106.516s][info][gc,task        ] GC(65) Using 4 workers of 4 for evacuation
[2024-12-17T16:22:14.556+0330][13106.521s][info][gc,phases      ] GC(65)   Pre Evacuate Collection Set: 0.1ms
[2024-12-17T16:22:14.556+0330][13106.521s][info][gc,phases      ] GC(65)   Merge Heap Roots: 0.1ms
[2024-12-17T16:22:14.556+0330][13106.521s][info][gc,phases      ] GC(65)   Evacuate Collection Set: 3.0ms
[2024-12-17T16:22:14.556+0330][13106.521s][info][gc,phases      ] GC(65)   Post Evacuate Collection Set: 1.1ms
[2024-12-17T16:22:14.556+0330][13106.521s][info][gc,phases      ] GC(65)   Other: 0.2ms
[2024-12-17T16:22:14.556+0330][13106.521s][info][gc,heap        ] GC(65) Eden regions: 19->0(21)
[2024-12-17T16:22:14.556+0330][13106.521s][info][gc,heap        ] GC(65) Survivor regions: 2->1(3)
[2024-12-17T16:22:14.556+0330][13106.521s][info][gc,heap        ] GC(65) Old regions: 19->19
[2024-12-17T16:22:14.556+0330][13106.521s][info][gc,heap        ] GC(65) Archive regions: 0->0
[2024-12-17T16:22:14.556+0330][13106.521s][info][gc,heap        ] GC(65) Humongous regions: 0->0
[2024-12-17T16:22:14.556+0330][13106.521s][info][gc,metaspace   ] GC(65) Metaspace: 87465K(88064K)->87465K(88064K) NonClass: 75470K(75776K)->75470K(75776K) Class: 11994K(12288K)->11994K(12288K)
[2024-12-17T16:22:14.556+0330][13106.522s][info][gc             ] GC(65) Pause Young (Normal) (G1 Evacuation Pause) 71M->33M(94M) 5.355ms
[2024-12-17T16:22:14.557+0330][13106.522s][info][gc,cpu         ] GC(65) User=0.00s Sys=0.02s Real=0.01s
[2024-12-17T16:31:21.056+0330][13653.021s][info][gc,start       ] GC(66) Pause Young (Normal) (G1 Evacuation Pause)
[2024-12-17T16:31:21.056+0330][13653.021s][info][gc,task        ] GC(66) Using 4 workers of 4 for evacuation
[2024-12-17T16:31:21.056+0330][13653.025s][info][gc,phases      ] GC(66)   Pre Evacuate Collection Set: 0.1ms
[2024-12-17T16:31:21.056+0330][13653.025s][info][gc,phases      ] GC(66)   Merge Heap Roots: 0.1ms
[2024-12-17T16:31:21.056+0330][13653.025s][info][gc,phases      ] GC(66)   Evacuate Collection Set: 3.0ms
[2024-12-17T16:31:21.056+0330][13653.025s][info][gc,phases      ] GC(66)   Post Evacuate Collection Set: 0.9ms
[2024-12-17T16:31:21.056+0330][13653.025s][info][gc,phases      ] GC(66)   Other: 0.3ms
[2024-12-17T16:31:21.056+0330][13653.025s][info][gc,heap        ] GC(66) Eden regions: 21->0(21)
[2024-12-17T16:31:21.056+0330][13653.025s][info][gc,heap        ] GC(66) Survivor regions: 1->1(3)
[2024-12-17T16:31:21.056+0330][13653.026s][info][gc,heap        ] GC(66) Old regions: 19->19
[2024-12-17T16:31:21.056+0330][13653.026s][info][gc,heap        ] GC(66) Archive regions: 0->0
[2024-12-17T16:31:21.056+0330][13653.026s][info][gc,heap        ] GC(66) Humongous regions: 0->0
[2024-12-17T16:31:21.056+0330][13653.026s][info][gc,metaspace   ] GC(66) Metaspace: 87465K(88064K)->87465K(88064K) NonClass: 75470K(75776K)->75470K(75776K) Class: 11994K(12288K)->11994K(12288K)
[2024-12-17T16:31:21.056+0330][13653.026s][info][gc             ] GC(66) Pause Young (Normal) (G1 Evacuation Pause) 75M->33M(94M) 5.133ms
[2024-12-17T16:31:21.056+0330][13653.026s][info][gc,cpu         ] GC(66) User=0.00s Sys=0.00s Real=0.00s
[2024-12-17T16:37:41.385+0330][14033.350s][info][gc,start       ] GC(67) Pause Young (Normal) (G1 Evacuation Pause)
[2024-12-17T16:37:41.385+0330][14033.350s][info][gc,task        ] GC(67) Using 4 workers of 4 for evacuation
[2024-12-17T16:37:41.385+0330][14033.354s][info][gc,phases      ] GC(67)   Pre Evacuate Collection Set: 0.1ms
[2024-12-17T16:37:41.385+0330][14033.354s][info][gc,phases      ] GC(67)   Merge Heap Roots: 0.1ms
[2024-12-17T16:37:41.385+0330][14033.354s][info][gc,phases      ] GC(67)   Evacuate Collection Set: 3.0ms
[2024-12-17T16:37:41.385+0330][14033.354s][info][gc,phases      ] GC(67)   Post Evacuate Collection Set: 1.0ms
[2024-12-17T16:37:41.385+0330][14033.355s][info][gc,phases      ] GC(67)   Other: 0.3ms
[2024-12-17T16:37:41.385+0330][14033.355s][info][gc,heap        ] GC(67) Eden regions: 21->0(19)
[2024-12-17T16:37:41.385+0330][14033.355s][info][gc,heap        ] GC(67) Survivor regions: 1->2(3)
[2024-12-17T16:37:41.385+0330][14033.355s][info][gc,heap        ] GC(67) Old regions: 19->19
[2024-12-17T16:37:41.385+0330][14033.355s][info][gc,heap        ] GC(67) Archive regions: 0->0
[2024-12-17T16:37:41.385+0330][14033.355s][info][gc,heap        ] GC(67) Humongous regions: 0->0
[2024-12-17T16:37:41.385+0330][14033.355s][info][gc,metaspace   ] GC(67) Metaspace: 87465K(88064K)->87465K(88064K) NonClass: 75470K(75776K)->75470K(75776K) Class: 11994K(12288K)->11994K(12288K)
[2024-12-17T16:37:41.385+0330][14033.355s][info][gc             ] GC(67) Pause Young (Normal) (G1 Evacuation Pause) 75M->34M(94M) 5.268ms
[2024-12-17T16:37:41.385+0330][14033.355s][info][gc,cpu         ] GC(67) User=0.00s Sys=0.00s Real=0.00s
[2024-12-17T16:45:59.474+0330][14531.438s][info][gc,start       ] GC(68) Pause Young (Normal) (G1 Evacuation Pause)
[2024-12-17T16:45:59.474+0330][14531.438s][info][gc,task        ] GC(68) Using 4 workers of 4 for evacuation
[2024-12-17T16:45:59.478+0330][14531.443s][info][gc,phases      ] GC(68)   Pre Evacuate Collection Set: 0.1ms
[2024-12-17T16:45:59.478+0330][14531.443s][info][gc,phases      ] GC(68)   Merge Heap Roots: 0.1ms
[2024-12-17T16:45:59.478+0330][14531.443s][info][gc,phases      ] GC(68)   Evacuate Collection Set: 2.7ms
[2024-12-17T16:45:59.478+0330][14531.443s][info][gc,phases      ] GC(68)   Post Evacuate Collection Set: 1.1ms
[2024-12-17T16:45:59.478+0330][14531.443s][info][gc,phases      ] GC(68)   Other: 0.3ms
[2024-12-17T16:45:59.478+0330][14531.443s][info][gc,heap        ] GC(68) Eden regions: 19->0(19)
[2024-12-17T16:45:59.478+0330][14531.443s][info][gc,heap        ] GC(68) Survivor regions: 2->2(3)
[2024-12-17T16:45:59.478+0330][14531.443s][info][gc,heap        ] GC(68) Old regions: 19->19
[2024-12-17T16:45:59.478+0330][14531.443s][info][gc,heap        ] GC(68) Archive regions: 0->0
[2024-12-17T16:45:59.478+0330][14531.443s][info][gc,heap        ] GC(68) Humongous regions: 0->0
[2024-12-17T16:45:59.478+0330][14531.443s][info][gc,metaspace   ] GC(68) Metaspace: 87465K(88064K)->87465K(88064K) NonClass: 75470K(75776K)->75470K(75776K) Class: 11994K(12288K)->11994K(12288K)
[2024-12-17T16:45:59.478+0330][14531.443s][info][gc             ] GC(68) Pause Young (Normal) (G1 Evacuation Pause) 72M->34M(94M) 4.859ms
[2024-12-17T16:45:59.478+0330][14531.443s][info][gc,cpu         ] GC(68) User=0.02s Sys=0.00s Real=0.00s
[2024-12-17T16:54:15.504+0330][15027.472s][info][gc,start       ] GC(69) Pause Young (Normal) (G1 Evacuation Pause)
[2024-12-17T16:54:15.504+0330][15027.472s][info][gc,task        ] GC(69) Using 4 workers of 4 for evacuation
[2024-12-17T16:54:15.504+0330][15027.476s][info][gc,phases      ] GC(69)   Pre Evacuate Collection Set: 0.1ms
[2024-12-17T16:54:15.504+0330][15027.476s][info][gc,phases      ] GC(69)   Merge Heap Roots: 0.1ms
[2024-12-17T16:54:15.504+0330][15027.477s][info][gc,phases      ] GC(69)   Evacuate Collection Set: 3.0ms
[2024-12-17T16:54:15.504+0330][15027.477s][info][gc,phases      ] GC(69)   Post Evacuate Collection Set: 1.1ms
[2024-12-17T16:54:15.504+0330][15027.477s][info][gc,phases      ] GC(69)   Other: 0.3ms
[2024-12-17T16:54:15.504+0330][15027.477s][info][gc,heap        ] GC(69) Eden regions: 19->0(21)
[2024-12-17T16:54:15.504+0330][15027.477s][info][gc,heap        ] GC(69) Survivor regions: 2->1(3)
[2024-12-17T16:54:15.504+0330][15027.477s][info][gc,heap        ] GC(69) Old regions: 19->19
[2024-12-17T16:54:15.504+0330][15027.477s][info][gc,heap        ] GC(69) Archive regions: 0->0
[2024-12-17T16:54:15.504+0330][15027.477s][info][gc,heap        ] GC(69) Humongous regions: 0->0
[2024-12-17T16:54:15.504+0330][15027.477s][info][gc,metaspace   ] GC(69) Metaspace: 87465K(88064K)->87465K(88064K) NonClass: 75470K(75776K)->75470K(75776K) Class: 11994K(12288K)->11994K(12288K)
[2024-12-17T16:54:15.504+0330][15027.477s][info][gc             ] GC(69) Pause Young (Normal) (G1 Evacuation Pause) 72M->33M(94M) 5.180ms
[2024-12-17T16:54:15.504+0330][15027.477s][info][gc,cpu         ] GC(69) User=0.00s Sys=0.00s Real=0.00s
[2024-12-17T17:03:02.506+0330][15554.471s][info][gc,start       ] GC(70) Pause Young (Normal) (G1 Evacuation Pause)
[2024-12-17T17:03:02.507+0330][15554.471s][info][gc,task        ] GC(70) Using 4 workers of 4 for evacuation
[2024-12-17T17:03:02.511+0330][15554.475s][info][gc,phases      ] GC(70)   Pre Evacuate Collection Set: 0.1ms
[2024-12-17T17:03:02.511+0330][15554.476s][info][gc,phases      ] GC(70)   Merge Heap Roots: 0.1ms
[2024-12-17T17:03:02.511+0330][15554.476s][info][gc,phases      ] GC(70)   Evacuate Collection Set: 2.8ms
[2024-12-17T17:03:02.511+0330][15554.476s][info][gc,phases      ] GC(70)   Post Evacuate Collection Set: 0.9ms
[2024-12-17T17:03:02.511+0330][15554.476s][info][gc,phases      ] GC(70)   Other: 0.3ms
[2024-12-17T17:03:02.511+0330][15554.476s][info][gc,heap        ] GC(70) Eden regions: 21->0(21)
[2024-12-17T17:03:02.511+0330][15554.476s][info][gc,heap        ] GC(70) Survivor regions: 1->1(3)
[2024-12-17T17:03:02.511+0330][15554.476s][info][gc,heap        ] GC(70) Old regions: 19->19
[2024-12-17T17:03:02.511+0330][15554.476s][info][gc,heap        ] GC(70) Archive regions: 0->0
[2024-12-17T17:03:02.511+0330][15554.476s][info][gc,heap        ] GC(70) Humongous regions: 0->0
[2024-12-17T17:03:02.511+0330][15554.476s][info][gc,metaspace   ] GC(70) Metaspace: 87465K(88064K)->87465K(88064K) NonClass: 75470K(75776K)->75470K(75776K) Class: 11994K(12288K)->11994K(12288K)
[2024-12-17T17:03:02.511+0330][15554.476s][info][gc             ] GC(70) Pause Young (Normal) (G1 Evacuation Pause) 75M->33M(94M) 4.909ms
[2024-12-17T17:03:02.511+0330][15554.476s][info][gc,cpu         ] GC(70) User=0.02s Sys=0.00s Real=0.00s
[2024-12-17T17:09:38.601+0330][15950.566s][info][gc,start       ] GC(71) Pause Young (Normal) (G1 Evacuation Pause)
[2024-12-17T17:09:38.601+0330][15950.566s][info][gc,task        ] GC(71) Using 4 workers of 4 for evacuation
[2024-12-17T17:09:38.606+0330][15950.571s][info][gc,phases      ] GC(71)   Pre Evacuate Collection Set: 0.1ms
[2024-12-17T17:09:38.606+0330][15950.571s][info][gc,phases      ] GC(71)   Merge Heap Roots: 0.1ms
[2024-12-17T17:09:38.606+0330][15950.571s][info][gc,phases      ] GC(71)   Evacuate Collection Set: 3.3ms
[2024-12-17T17:09:38.606+0330][15950.571s][info][gc,phases      ] GC(71)   Post Evacuate Collection Set: 1.4ms
[2024-12-17T17:09:38.606+0330][15950.571s][info][gc,phases      ] GC(71)   Other: 0.2ms
[2024-12-17T17:09:38.607+0330][15950.571s][info][gc,heap        ] GC(71) Eden regions: 21->0(19)
[2024-12-17T17:09:38.607+0330][15950.571s][info][gc,heap        ] GC(71) Survivor regions: 1->2(3)
[2024-12-17T17:09:38.607+0330][15950.571s][info][gc,heap        ] GC(71) Old regions: 19->19
[2024-12-17T17:09:38.607+0330][15950.571s][info][gc,heap        ] GC(71) Archive regions: 0->0
[2024-12-17T17:09:38.607+0330][15950.571s][info][gc,heap        ] GC(71) Humongous regions: 0->0
[2024-12-17T17:09:38.607+0330][15950.571s][info][gc,metaspace   ] GC(71) Metaspace: 87465K(88064K)->87465K(88064K) NonClass: 75470K(75776K)->75470K(75776K) Class: 11994K(12288K)->11994K(12288K)
[2024-12-17T17:09:38.607+0330][15950.571s][info][gc             ] GC(71) Pause Young (Normal) (G1 Evacuation Pause) 75M->34M(94M) 5.851ms
[2024-12-17T17:09:38.607+0330][15950.571s][info][gc,cpu         ] GC(71) User=0.02s Sys=0.00s Real=0.01s
[2024-12-17T17:17:57.587+0330][16449.553s][info][gc,start       ] GC(72) Pause Young (Normal) (G1 Evacuation Pause)
[2024-12-17T17:17:57.587+0330][16449.553s][info][gc,task        ] GC(72) Using 4 workers of 4 for evacuation
[2024-12-17T17:17:57.601+0330][16449.566s][info][gc,phases      ] GC(72)   Pre Evacuate Collection Set: 0.1ms
[2024-12-17T17:17:57.601+0330][16449.566s][info][gc,phases      ] GC(72)   Merge Heap Roots: 0.1ms
[2024-12-17T17:17:57.601+0330][16449.566s][info][gc,phases      ] GC(72)   Evacuate Collection Set: 11.6ms
[2024-12-17T17:17:57.601+0330][16449.566s][info][gc,phases      ] GC(72)   Post Evacuate Collection Set: 0.9ms
[2024-12-17T17:17:57.602+0330][16449.566s][info][gc,phases      ] GC(72)   Other: 0.3ms
[2024-12-17T17:17:57.602+0330][16449.566s][info][gc,heap        ] GC(72) Eden regions: 19->0(21)
[2024-12-17T17:17:57.602+0330][16449.566s][info][gc,heap        ] GC(72) Survivor regions: 2->1(3)
[2024-12-17T17:17:57.602+0330][16449.566s][info][gc,heap        ] GC(72) Old regions: 19->19
[2024-12-17T17:17:57.602+0330][16449.566s][info][gc,heap        ] GC(72) Archive regions: 0->0
[2024-12-17T17:17:57.602+0330][16449.567s][info][gc,heap        ] GC(72) Humongous regions: 0->0
[2024-12-17T17:17:57.602+0330][16449.567s][info][gc,metaspace   ] GC(72) Metaspace: 87465K(88064K)->87465K(88064K) NonClass: 75470K(75776K)->75470K(75776K) Class: 11994K(12288K)->11994K(12288K)
[2024-12-17T17:17:57.602+0330][16449.567s][info][gc             ] GC(72) Pause Young (Normal) (G1 Evacuation Pause) 72M->33M(94M) 13.963ms
[2024-12-17T17:17:57.602+0330][16449.567s][info][gc,cpu         ] GC(72) User=0.05s Sys=0.00s Real=0.02s
[2024-12-17T17:27:05.121+0330][16997.086s][info][gc,start       ] GC(73) Pause Young (Normal) (G1 Evacuation Pause)
[2024-12-17T17:27:05.121+0330][16997.086s][info][gc,task        ] GC(73) Using 4 workers of 4 for evacuation
[2024-12-17T17:27:05.128+0330][16997.092s][info][gc,phases      ] GC(73)   Pre Evacuate Collection Set: 0.1ms
[2024-12-17T17:27:05.128+0330][16997.092s][info][gc,phases      ] GC(73)   Merge Heap Roots: 0.1ms
[2024-12-17T17:27:05.128+0330][16997.092s][info][gc,phases      ] GC(73)   Evacuate Collection Set: 5.0ms
[2024-12-17T17:27:05.128+0330][16997.093s][info][gc,phases      ] GC(73)   Post Evacuate Collection Set: 1.1ms
[2024-12-17T17:27:05.128+0330][16997.093s][info][gc,phases      ] GC(73)   Other: 0.4ms
[2024-12-17T17:27:05.128+0330][16997.093s][info][gc,heap        ] GC(73) Eden regions: 21->0(21)
[2024-12-17T17:27:05.128+0330][16997.093s][info][gc,heap        ] GC(73) Survivor regions: 1->1(3)
[2024-12-17T17:27:05.128+0330][16997.093s][info][gc,heap        ] GC(73) Old regions: 19->19
[2024-12-17T17:27:05.128+0330][16997.093s][info][gc,heap        ] GC(73) Archive regions: 0->0
[2024-12-17T17:27:05.128+0330][16997.093s][info][gc,heap        ] GC(73) Humongous regions: 0->0
[2024-12-17T17:27:05.128+0330][16997.093s][info][gc,metaspace   ] GC(73) Metaspace: 87465K(88064K)->87465K(88064K) NonClass: 75470K(75776K)->75470K(75776K) Class: 11994K(12288K)->11994K(12288K)
[2024-12-17T17:27:05.128+0330][16997.093s][info][gc             ] GC(73) Pause Young (Normal) (G1 Evacuation Pause) 75M->33M(94M) 7.298ms
[2024-12-17T17:27:05.128+0330][16997.093s][info][gc,cpu         ] GC(73) User=0.00s Sys=0.00s Real=0.01s
[2024-12-17T17:33:42.458+0330][17394.436s][info][gc,start       ] GC(74) Pause Young (Normal) (G1 Evacuation Pause)
[2024-12-17T17:33:42.458+0330][17394.436s][info][gc,task        ] GC(74) Using 4 workers of 4 for evacuation
[2024-12-17T17:33:42.474+0330][17394.439s][info][gc,phases      ] GC(74)   Pre Evacuate Collection Set: 0.1ms
[2024-12-17T17:33:42.474+0330][17394.439s][info][gc,phases      ] GC(74)   Merge Heap Roots: 0.1ms
[2024-12-17T17:33:42.475+0330][17394.439s][info][gc,phases      ] GC(74)   Evacuate Collection Set: 2.3ms
[2024-12-17T17:33:42.475+0330][17394.439s][info][gc,phases      ] GC(74)   Post Evacuate Collection Set: 0.9ms
[2024-12-17T17:33:42.475+0330][17394.439s][info][gc,phases      ] GC(74)   Other: 0.2ms
[2024-12-17T17:33:42.475+0330][17394.439s][info][gc,heap        ] GC(74) Eden regions: 21->0(21)
[2024-12-17T17:33:42.475+0330][17394.439s][info][gc,heap        ] GC(74) Survivor regions: 1->1(3)
[2024-12-17T17:33:42.475+0330][17394.440s][info][gc,heap        ] GC(74) Old regions: 19->19
[2024-12-17T17:33:42.475+0330][17394.440s][info][gc,heap        ] GC(74) Archive regions: 0->0
[2024-12-17T17:33:42.475+0330][17394.440s][info][gc,heap        ] GC(74) Humongous regions: 0->0
[2024-12-17T17:33:42.475+0330][17394.440s][info][gc,metaspace   ] GC(74) Metaspace: 87465K(88064K)->87465K(88064K) NonClass: 75470K(75776K)->75470K(75776K) Class: 11994K(12288K)->11994K(12288K)
[2024-12-17T17:33:42.475+0330][17394.440s][info][gc             ] GC(74) Pause Young (Normal) (G1 Evacuation Pause) 75M->34M(94M) 4.317ms
[2024-12-17T17:33:42.475+0330][17394.440s][info][gc,cpu         ] GC(74) User=0.00s Sys=0.00s Real=0.02s
[2024-12-17T17:42:26.645+0330][17918.614s][info][gc,start       ] GC(75) Pause Young (Normal) (G1 Evacuation Pause)
[2024-12-17T17:42:26.645+0330][17918.614s][info][gc,task        ] GC(75) Using 4 workers of 4 for evacuation
[2024-12-17T17:42:26.645+0330][17918.617s][info][gc,phases      ] GC(75)   Pre Evacuate Collection Set: 0.1ms
[2024-12-17T17:42:26.645+0330][17918.617s][info][gc,phases      ] GC(75)   Merge Heap Roots: 0.1ms
[2024-12-17T17:42:26.645+0330][17918.617s][info][gc,phases      ] GC(75)   Evacuate Collection Set: 1.2ms
[2024-12-17T17:42:26.645+0330][17918.617s][info][gc,phases      ] GC(75)   Post Evacuate Collection Set: 1.0ms
[2024-12-17T17:42:26.645+0330][17918.617s][info][gc,phases      ] GC(75)   Other: 0.3ms
[2024-12-17T17:42:26.645+0330][17918.617s][info][gc,heap        ] GC(75) Eden regions: 21->0(21)
[2024-12-17T17:42:26.645+0330][17918.617s][info][gc,heap        ] GC(75) Survivor regions: 1->1(3)
[2024-12-17T17:42:26.645+0330][17918.617s][info][gc,heap        ] GC(75) Old regions: 19->19
[2024-12-17T17:42:26.645+0330][17918.617s][info][gc,heap        ] GC(75) Archive regions: 0->0
[2024-12-17T17:42:26.645+0330][17918.618s][info][gc,heap        ] GC(75) Humongous regions: 0->0
[2024-12-17T17:42:26.645+0330][17918.618s][info][gc,metaspace   ] GC(75) Metaspace: 87465K(88064K)->87465K(88064K) NonClass: 75470K(75776K)->75470K(75776K) Class: 11994K(12288K)->11994K(12288K)
[2024-12-17T17:42:26.645+0330][17918.618s][info][gc             ] GC(75) Pause Young (Normal) (G1 Evacuation Pause) 76M->34M(94M) 3.432ms
[2024-12-17T17:42:26.645+0330][17918.618s][info][gc,cpu         ] GC(75) User=0.00s Sys=0.00s Real=0.00s
[2024-12-17T17:51:33.578+0330][18465.542s][info][gc,start       ] GC(76) Pause Young (Normal) (G1 Evacuation Pause)
[2024-12-17T17:51:33.578+0330][18465.542s][info][gc,task        ] GC(76) Using 4 workers of 4 for evacuation
[2024-12-17T17:51:33.580+0330][18465.544s][info][gc,phases      ] GC(76)   Pre Evacuate Collection Set: 0.1ms
[2024-12-17T17:51:33.580+0330][18465.544s][info][gc,phases      ] GC(76)   Merge Heap Roots: 0.1ms
[2024-12-17T17:51:33.580+0330][18465.544s][info][gc,phases      ] GC(76)   Evacuate Collection Set: 1.0ms
[2024-12-17T17:51:33.580+0330][18465.544s][info][gc,phases      ] GC(76)   Post Evacuate Collection Set: 0.8ms
[2024-12-17T17:51:33.580+0330][18465.545s][info][gc,phases      ] GC(76)   Other: 0.3ms
[2024-12-17T17:51:33.580+0330][18465.545s][info][gc,heap        ] GC(76) Eden regions: 21->0(21)
[2024-12-17T17:51:33.580+0330][18465.545s][info][gc,heap        ] GC(76) Survivor regions: 1->1(3)
[2024-12-17T17:51:33.580+0330][18465.545s][info][gc,heap        ] GC(76) Old regions: 19->19
[2024-12-17T17:51:33.580+0330][18465.545s][info][gc,heap        ] GC(76) Archive regions: 0->0
[2024-12-17T17:51:33.580+0330][18465.545s][info][gc,heap        ] GC(76) Humongous regions: 0->0
[2024-12-17T17:51:33.580+0330][18465.545s][info][gc,metaspace   ] GC(76) Metaspace: 87465K(88064K)->87465K(88064K) NonClass: 75470K(75776K)->75470K(75776K) Class: 11994K(12288K)->11994K(12288K)
[2024-12-17T17:51:33.580+0330][18465.545s][info][gc             ] GC(76) Pause Young (Normal) (G1 Evacuation Pause) 76M->33M(94M) 2.667ms
[2024-12-17T17:51:33.580+0330][18465.545s][info][gc,cpu         ] GC(76) User=0.00s Sys=0.00s Real=0.00s
[2024-12-17T18:00:59.736+0330][19031.703s][info][gc,start       ] GC(77) Pause Young (Normal) (G1 Evacuation Pause)
[2024-12-17T18:00:59.736+0330][19031.705s][info][gc,task        ] GC(77) Using 4 workers of 4 for evacuation
[2024-12-17T18:00:59.767+0330][19031.741s][info][gc,phases      ] GC(77)   Pre Evacuate Collection Set: 3.9ms
[2024-12-17T18:00:59.767+0330][19031.741s][info][gc,phases      ] GC(77)   Merge Heap Roots: 2.8ms
[2024-12-17T18:00:59.767+0330][19031.742s][info][gc,phases      ] GC(77)   Evacuate Collection Set: 18.4ms
[2024-12-17T18:00:59.767+0330][19031.742s][info][gc,phases      ] GC(77)   Post Evacuate Collection Set: 8.7ms
[2024-12-17T18:00:59.767+0330][19031.742s][info][gc,phases      ] GC(77)   Other: 6.7ms
[2024-12-17T18:00:59.767+0330][19031.742s][info][gc,heap        ] GC(77) Eden regions: 21->0(21)
[2024-12-17T18:00:59.767+0330][19031.742s][info][gc,heap        ] GC(77) Survivor regions: 1->1(3)
[2024-12-17T18:00:59.767+0330][19031.742s][info][gc,heap        ] GC(77) Old regions: 19->19
[2024-12-17T18:00:59.767+0330][19031.742s][info][gc,heap        ] GC(77) Archive regions: 0->0
[2024-12-17T18:00:59.767+0330][19031.742s][info][gc,heap        ] GC(77) Humongous regions: 0->0
[2024-12-17T18:00:59.767+0330][19031.742s][info][gc,metaspace   ] GC(77) Metaspace: 87465K(88064K)->87465K(88064K) NonClass: 75470K(75776K)->75470K(75776K) Class: 11994K(12288K)->11994K(12288K)
[2024-12-17T18:00:59.767+0330][19031.742s][info][gc             ] GC(77) Pause Young (Normal) (G1 Evacuation Pause) 75M->33M(94M) 39.271ms
[2024-12-17T18:00:59.767+0330][19031.742s][info][gc,cpu         ] GC(77) User=0.03s Sys=0.02s Real=0.03s
[2024-12-17T18:07:19.313+0330][19411.281s][info][gc,start       ] GC(78) Pause Young (Normal) (G1 Evacuation Pause)
[2024-12-17T18:07:19.313+0330][19411.281s][info][gc,task        ] GC(78) Using 4 workers of 4 for evacuation
[2024-12-17T18:07:19.313+0330][19411.285s][info][gc,phases      ] GC(78)   Pre Evacuate Collection Set: 0.1ms
[2024-12-17T18:07:19.313+0330][19411.285s][info][gc,phases      ] GC(78)   Merge Heap Roots: 0.1ms
[2024-12-17T18:07:19.313+0330][19411.285s][info][gc,phases      ] GC(78)   Evacuate Collection Set: 2.5ms
[2024-12-17T18:07:19.313+0330][19411.285s][info][gc,phases      ] GC(78)   Post Evacuate Collection Set: 0.8ms
[2024-12-17T18:07:19.313+0330][19411.285s][info][gc,phases      ] GC(78)   Other: 1.1ms
[2024-12-17T18:07:19.313+0330][19411.285s][info][gc,heap        ] GC(78) Eden regions: 21->0(21)
[2024-12-17T18:07:19.313+0330][19411.285s][info][gc,heap        ] GC(78) Survivor regions: 1->1(3)
[2024-12-17T18:07:19.313+0330][19411.286s][info][gc,heap        ] GC(78) Old regions: 19->19
[2024-12-17T18:07:19.313+0330][19411.286s][info][gc,heap        ] GC(78) Archive regions: 0->0
[2024-12-17T18:07:19.313+0330][19411.286s][info][gc,heap        ] GC(78) Humongous regions: 0->0
[2024-12-17T18:07:19.313+0330][19411.286s][info][gc,metaspace   ] GC(78) Metaspace: 87465K(88064K)->87465K(88064K) NonClass: 75470K(75776K)->75470K(75776K) Class: 11994K(12288K)->11994K(12288K)
[2024-12-17T18:07:19.313+0330][19411.286s][info][gc             ] GC(78) Pause Young (Normal) (G1 Evacuation Pause) 75M->34M(94M) 5.255ms
[2024-12-17T18:07:19.313+0330][19411.286s][info][gc,cpu         ] GC(78) User=0.00s Sys=0.00s Real=0.00s
[2024-12-17T18:16:29.460+0330][19961.429s][info][gc,start       ] GC(79) Pause Young (Normal) (G1 Evacuation Pause)
[2024-12-17T18:16:29.460+0330][19961.430s][info][gc,task        ] GC(79) Using 4 workers of 4 for evacuation
[2024-12-17T18:16:29.460+0330][19961.438s][info][gc,phases      ] GC(79)   Pre Evacuate Collection Set: 1.0ms
[2024-12-17T18:16:29.460+0330][19961.438s][info][gc,phases      ] GC(79)   Merge Heap Roots: 0.2ms
[2024-12-17T18:16:29.460+0330][19961.438s][info][gc,phases      ] GC(79)   Evacuate Collection Set: 3.6ms
[2024-12-17T18:16:29.460+0330][19961.438s][info][gc,phases      ] GC(79)   Post Evacuate Collection Set: 2.7ms
[2024-12-17T18:16:29.460+0330][19961.438s][info][gc,phases      ] GC(79)   Other: 1.2ms
[2024-12-17T18:16:29.460+0330][19961.438s][info][gc,heap        ] GC(79) Eden regions: 21->0(21)
[2024-12-17T18:16:29.460+0330][19961.438s][info][gc,heap        ] GC(79) Survivor regions: 1->1(3)
[2024-12-17T18:16:29.460+0330][19961.438s][info][gc,heap        ] GC(79) Old regions: 19->19
[2024-12-17T18:16:29.460+0330][19961.438s][info][gc,heap        ] GC(79) Archive regions: 0->0
[2024-12-17T18:16:29.460+0330][19961.438s][info][gc,heap        ] GC(79) Humongous regions: 0->0
[2024-12-17T18:16:29.460+0330][19961.438s][info][gc,metaspace   ] GC(79) Metaspace: 87465K(88064K)->87465K(88064K) NonClass: 75470K(75776K)->75470K(75776K) Class: 11994K(12288K)->11994K(12288K)
[2024-12-17T18:16:29.460+0330][19961.439s][info][gc             ] GC(79) Pause Young (Normal) (G1 Evacuation Pause) 76M->34M(94M) 9.180ms
[2024-12-17T18:16:29.460+0330][19961.439s][info][gc,cpu         ] GC(79) User=0.02s Sys=0.02s Real=0.00s
[2024-12-17T18:25:39.781+0330][20511.747s][info][gc,start       ] GC(80) Pause Young (Normal) (G1 Evacuation Pause)
[2024-12-17T18:25:39.781+0330][20511.747s][info][gc,task        ] GC(80) Using 4 workers of 4 for evacuation
[2024-12-17T18:25:39.781+0330][20511.750s][info][gc,phases      ] GC(80)   Pre Evacuate Collection Set: 0.1ms
[2024-12-17T18:25:39.781+0330][20511.750s][info][gc,phases      ] GC(80)   Merge Heap Roots: 0.1ms
[2024-12-17T18:25:39.781+0330][20511.750s][info][gc,phases      ] GC(80)   Evacuate Collection Set: 1.5ms
[2024-12-17T18:25:39.781+0330][20511.750s][info][gc,phases      ] GC(80)   Post Evacuate Collection Set: 0.8ms
[2024-12-17T18:25:39.781+0330][20511.750s][info][gc,phases      ] GC(80)   Other: 0.3ms
[2024-12-17T18:25:39.781+0330][20511.750s][info][gc,heap        ] GC(80) Eden regions: 21->0(21)
[2024-12-17T18:25:39.781+0330][20511.750s][info][gc,heap        ] GC(80) Survivor regions: 1->1(3)
[2024-12-17T18:25:39.781+0330][20511.750s][info][gc,heap        ] GC(80) Old regions: 19->19
[2024-12-17T18:25:39.781+0330][20511.750s][info][gc,heap        ] GC(80) Archive regions: 0->0
[2024-12-17T18:25:39.781+0330][20511.750s][info][gc,heap        ] GC(80) Humongous regions: 0->0
[2024-12-17T18:25:39.781+0330][20511.750s][info][gc,metaspace   ] GC(80) Metaspace: 87465K(88064K)->87465K(88064K) NonClass: 75470K(75776K)->75470K(75776K) Class: 11994K(12288K)->11994K(12288K)
[2024-12-17T18:25:39.781+0330][20511.750s][info][gc             ] GC(80) Pause Young (Normal) (G1 Evacuation Pause) 76M->33M(94M) 3.280ms
[2024-12-17T18:25:39.781+0330][20511.750s][info][gc,cpu         ] GC(80) User=0.00s Sys=0.00s Real=0.00s
[2024-12-17T18:33:00.674+0330][20952.646s][info][gc,start       ] GC(81) Pause Young (Normal) (G1 Evacuation Pause)
[2024-12-17T18:33:00.674+0330][20952.646s][info][gc,task        ] GC(81) Using 4 workers of 4 for evacuation
[2024-12-17T18:33:00.674+0330][20952.652s][info][gc,phases      ] GC(81)   Pre Evacuate Collection Set: 0.1ms
[2024-12-17T18:33:00.674+0330][20952.652s][info][gc,phases      ] GC(81)   Merge Heap Roots: 0.1ms
[2024-12-17T18:33:00.674+0330][20952.652s][info][gc,phases      ] GC(81)   Evacuate Collection Set: 4.1ms
[2024-12-17T18:33:00.674+0330][20952.652s][info][gc,phases      ] GC(81)   Post Evacuate Collection Set: 1.2ms
[2024-12-17T18:33:00.674+0330][20952.652s][info][gc,phases      ] GC(81)   Other: 0.2ms
[2024-12-17T18:33:00.674+0330][20952.653s][info][gc,heap        ] GC(81) Eden regions: 21->0(21)
[2024-12-17T18:33:00.674+0330][20952.653s][info][gc,heap        ] GC(81) Survivor regions: 1->1(3)
[2024-12-17T18:33:00.674+0330][20952.653s][info][gc,heap        ] GC(81) Old regions: 19->19
[2024-12-17T18:33:00.674+0330][20952.653s][info][gc,heap        ] GC(81) Archive regions: 0->0
[2024-12-17T18:33:00.674+0330][20952.653s][info][gc,heap        ] GC(81) Humongous regions: 0->0
[2024-12-17T18:33:00.674+0330][20952.653s][info][gc,metaspace   ] GC(81) Metaspace: 87465K(88064K)->87465K(88064K) NonClass: 75470K(75776K)->75470K(75776K) Class: 11994K(12288K)->11994K(12288K)
[2024-12-17T18:33:00.674+0330][20952.653s][info][gc             ] GC(81) Pause Young (Normal) (G1 Evacuation Pause) 75M->34M(94M) 6.917ms
[2024-12-17T18:33:00.674+0330][20952.653s][info][gc,cpu         ] GC(81) User=0.00s Sys=0.00s Real=0.00s
[2024-12-17T18:40:58.470+0330][21430.434s][info][gc,start       ] GC(82) Pause Young (Normal) (G1 Evacuation Pause)
[2024-12-17T18:40:58.470+0330][21430.435s][info][gc,task        ] GC(82) Using 4 workers of 4 for evacuation
[2024-12-17T18:40:58.470+0330][21430.438s][info][gc,phases      ] GC(82)   Pre Evacuate Collection Set: 0.7ms
[2024-12-17T18:40:58.470+0330][21430.438s][info][gc,phases      ] GC(82)   Merge Heap Roots: 0.1ms
[2024-12-17T18:40:58.470+0330][21430.438s][info][gc,phases      ] GC(82)   Evacuate Collection Set: 1.0ms
[2024-12-17T18:40:58.470+0330][21430.438s][info][gc,phases      ] GC(82)   Post Evacuate Collection Set: 1.1ms
[2024-12-17T18:40:58.470+0330][21430.438s][info][gc,phases      ] GC(82)   Other: 0.4ms
[2024-12-17T18:40:58.470+0330][21430.438s][info][gc,heap        ] GC(82) Eden regions: 21->0(21)
[2024-12-17T18:40:58.470+0330][21430.438s][info][gc,heap        ] GC(82) Survivor regions: 1->1(3)
[2024-12-17T18:40:58.470+0330][21430.438s][info][gc,heap        ] GC(82) Old regions: 19->19
[2024-12-17T18:40:58.470+0330][21430.438s][info][gc,heap        ] GC(82) Archive regions: 0->0
[2024-12-17T18:40:58.470+0330][21430.438s][info][gc,heap        ] GC(82) Humongous regions: 0->0
[2024-12-17T18:40:58.470+0330][21430.438s][info][gc,metaspace   ] GC(82) Metaspace: 87465K(88064K)->87465K(88064K) NonClass: 75470K(75776K)->75470K(75776K) Class: 11994K(12288K)->11994K(12288K)
[2024-12-17T18:40:58.470+0330][21430.438s][info][gc             ] GC(82) Pause Young (Normal) (G1 Evacuation Pause) 76M->33M(94M) 4.024ms
[2024-12-17T18:40:58.470+0330][21430.439s][info][gc,cpu         ] GC(82) User=0.00s Sys=0.00s Real=0.00s
[2024-12-17T18:50:03.536+0330][21975.501s][info][gc,start       ] GC(83) Pause Young (Normal) (G1 Evacuation Pause)
[2024-12-17T18:50:03.536+0330][21975.501s][info][gc,task        ] GC(83) Using 4 workers of 4 for evacuation
[2024-12-17T18:50:03.536+0330][21975.505s][info][gc,phases      ] GC(83)   Pre Evacuate Collection Set: 0.1ms
[2024-12-17T18:50:03.536+0330][21975.505s][info][gc,phases      ] GC(83)   Merge Heap Roots: 0.1ms
[2024-12-17T18:50:03.536+0330][21975.505s][info][gc,phases      ] GC(83)   Evacuate Collection Set: 2.7ms
[2024-12-17T18:50:03.536+0330][21975.505s][info][gc,phases      ] GC(83)   Post Evacuate Collection Set: 1.2ms
[2024-12-17T18:50:03.536+0330][21975.506s][info][gc,phases      ] GC(83)   Other: 0.3ms
[2024-12-17T18:50:03.536+0330][21975.506s][info][gc,heap        ] GC(83) Eden regions: 21->0(21)
[2024-12-17T18:50:03.536+0330][21975.506s][info][gc,heap        ] GC(83) Survivor regions: 1->1(3)
[2024-12-17T18:50:03.536+0330][21975.506s][info][gc,heap        ] GC(83) Old regions: 19->19
[2024-12-17T18:50:03.536+0330][21975.506s][info][gc,heap        ] GC(83) Archive regions: 0->0
[2024-12-17T18:50:03.536+0330][21975.506s][info][gc,heap        ] GC(83) Humongous regions: 0->0
[2024-12-17T18:50:03.536+0330][21975.506s][info][gc,metaspace   ] GC(83) Metaspace: 87465K(88064K)->87465K(88064K) NonClass: 75470K(75776K)->75470K(75776K) Class: 11994K(12288K)->11994K(12288K)
[2024-12-17T18:50:03.536+0330][21975.506s][info][gc             ] GC(83) Pause Young (Normal) (G1 Evacuation Pause) 75M->33M(94M) 5.125ms
[2024-12-17T18:50:03.536+0330][21975.506s][info][gc,cpu         ] GC(83) User=0.00s Sys=0.00s Real=0.00s
[2024-12-17T18:59:12.052+0330][22524.028s][info][gc,start       ] GC(84) Pause Young (Normal) (G1 Evacuation Pause)
[2024-12-17T18:59:12.052+0330][22524.028s][info][gc,task        ] GC(84) Using 4 workers of 4 for evacuation
[2024-12-17T18:59:12.052+0330][22524.031s][info][gc,phases      ] GC(84)   Pre Evacuate Collection Set: 0.7ms
[2024-12-17T18:59:12.052+0330][22524.031s][info][gc,phases      ] GC(84)   Merge Heap Roots: 0.1ms
[2024-12-17T18:59:12.052+0330][22524.031s][info][gc,phases      ] GC(84)   Evacuate Collection Set: 1.1ms
[2024-12-17T18:59:12.052+0330][22524.031s][info][gc,phases      ] GC(84)   Post Evacuate Collection Set: 1.0ms
[2024-12-17T18:59:12.052+0330][22524.031s][info][gc,phases      ] GC(84)   Other: 0.2ms
[2024-12-17T18:59:12.052+0330][22524.032s][info][gc,heap        ] GC(84) Eden regions: 21->0(21)
[2024-12-17T18:59:12.052+0330][22524.032s][info][gc,heap        ] GC(84) Survivor regions: 1->1(3)
[2024-12-17T18:59:12.052+0330][22524.032s][info][gc,heap        ] GC(84) Old regions: 19->19
[2024-12-17T18:59:12.052+0330][22524.032s][info][gc,heap        ] GC(84) Archive regions: 0->0
[2024-12-17T18:59:12.052+0330][22524.032s][info][gc,heap        ] GC(84) Humongous regions: 0->0
[2024-12-17T18:59:12.052+0330][22524.032s][info][gc,metaspace   ] GC(84) Metaspace: 87465K(88064K)->87465K(88064K) NonClass: 75470K(75776K)->75470K(75776K) Class: 11994K(12288K)->11994K(12288K)
[2024-12-17T18:59:12.052+0330][22524.032s][info][gc             ] GC(84) Pause Young (Normal) (G1 Evacuation Pause) 75M->33M(94M) 3.828ms
[2024-12-17T18:59:12.052+0330][22524.032s][info][gc,cpu         ] GC(84) User=0.00s Sys=0.00s Real=0.00s
[2024-12-17T19:05:31.170+0330][22903.137s][info][gc,start       ] GC(85) Pause Young (Normal) (G1 Evacuation Pause)
[2024-12-17T19:05:31.170+0330][22903.137s][info][gc,task        ] GC(85) Using 4 workers of 4 for evacuation
[2024-12-17T19:05:31.176+0330][22903.140s][info][gc,phases      ] GC(85)   Pre Evacuate Collection Set: 1.3ms
[2024-12-17T19:05:31.176+0330][22903.140s][info][gc,phases      ] GC(85)   Merge Heap Roots: 0.1ms
[2024-12-17T19:05:31.176+0330][22903.140s][info][gc,phases      ] GC(85)   Evacuate Collection Set: 1.4ms
[2024-12-17T19:05:31.176+0330][22903.141s][info][gc,phases      ] GC(85)   Post Evacuate Collection Set: 0.8ms
[2024-12-17T19:05:31.176+0330][22903.141s][info][gc,phases      ] GC(85)   Other: 0.3ms
[2024-12-17T19:05:31.176+0330][22903.141s][info][gc,heap        ] GC(85) Eden regions: 21->0(21)
[2024-12-17T19:05:31.176+0330][22903.141s][info][gc,heap        ] GC(85) Survivor regions: 1->1(3)
[2024-12-17T19:05:31.176+0330][22903.141s][info][gc,heap        ] GC(85) Old regions: 19->19
[2024-12-17T19:05:31.176+0330][22903.141s][info][gc,heap        ] GC(85) Archive regions: 0->0
[2024-12-17T19:05:31.176+0330][22903.141s][info][gc,heap        ] GC(85) Humongous regions: 0->0
[2024-12-17T19:05:31.176+0330][22903.141s][info][gc,metaspace   ] GC(85) Metaspace: 87465K(88064K)->87465K(88064K) NonClass: 75470K(75776K)->75470K(75776K) Class: 11994K(12288K)->11994K(12288K)
[2024-12-17T19:05:31.176+0330][22903.141s][info][gc             ] GC(85) Pause Young (Normal) (G1 Evacuation Pause) 75M->34M(94M) 4.643ms
[2024-12-17T19:05:31.176+0330][22903.141s][info][gc,cpu         ] GC(85) User=0.00s Sys=0.00s Real=0.01s
[2024-12-17T19:14:34.796+0330][23446.762s][info][gc,start       ] GC(86) Pause Young (Normal) (G1 Evacuation Pause)
[2024-12-17T19:14:34.796+0330][23446.763s][info][gc,task        ] GC(86) Using 4 workers of 4 for evacuation
[2024-12-17T19:14:34.796+0330][23446.766s][info][gc,phases      ] GC(86)   Pre Evacuate Collection Set: 0.8ms
[2024-12-17T19:14:34.796+0330][23446.766s][info][gc,phases      ] GC(86)   Merge Heap Roots: 0.1ms
[2024-12-17T19:14:34.796+0330][23446.766s][info][gc,phases      ] GC(86)   Evacuate Collection Set: 1.0ms
[2024-12-17T19:14:34.796+0330][23446.766s][info][gc,phases      ] GC(86)   Post Evacuate Collection Set: 1.1ms
[2024-12-17T19:14:34.796+0330][23446.766s][info][gc,phases      ] GC(86)   Other: 0.3ms
[2024-12-17T19:14:34.796+0330][23446.766s][info][gc,heap        ] GC(86) Eden regions: 21->0(21)
[2024-12-17T19:14:34.796+0330][23446.766s][info][gc,heap        ] GC(86) Survivor regions: 1->1(3)
[2024-12-17T19:14:34.796+0330][23446.766s][info][gc,heap        ] GC(86) Old regions: 19->19
[2024-12-17T19:14:34.796+0330][23446.766s][info][gc,heap        ] GC(86) Archive regions: 0->0
[2024-12-17T19:14:34.796+0330][23446.766s][info][gc,heap        ] GC(86) Humongous regions: 0->0
[2024-12-17T19:14:34.796+0330][23446.766s][info][gc,metaspace   ] GC(86) Metaspace: 87465K(88064K)->87465K(88064K) NonClass: 75470K(75776K)->75470K(75776K) Class: 11994K(12288K)->11994K(12288K)
[2024-12-17T19:14:34.796+0330][23446.766s][info][gc             ] GC(86) Pause Young (Normal) (G1 Evacuation Pause) 76M->34M(94M) 4.048ms
[2024-12-17T19:14:34.796+0330][23446.767s][info][gc,cpu         ] GC(86) User=0.00s Sys=0.00s Real=0.00s
[2024-12-17T19:23:40.477+0330][23992.444s][info][gc,start       ] GC(87) Pause Young (Normal) (G1 Evacuation Pause)
[2024-12-17T19:23:40.477+0330][23992.444s][info][gc,task        ] GC(87) Using 4 workers of 4 for evacuation
[2024-12-17T19:23:40.477+0330][23992.447s][info][gc,phases      ] GC(87)   Pre Evacuate Collection Set: 0.1ms
[2024-12-17T19:23:40.477+0330][23992.447s][info][gc,phases      ] GC(87)   Merge Heap Roots: 0.1ms
[2024-12-17T19:23:40.477+0330][23992.447s][info][gc,phases      ] GC(87)   Evacuate Collection Set: 1.4ms
[2024-12-17T19:23:40.477+0330][23992.447s][info][gc,phases      ] GC(87)   Post Evacuate Collection Set: 0.8ms
[2024-12-17T19:23:40.477+0330][23992.447s][info][gc,phases      ] GC(87)   Other: 0.4ms
[2024-12-17T19:23:40.477+0330][23992.447s][info][gc,heap        ] GC(87) Eden regions: 21->0(21)
[2024-12-17T19:23:40.477+0330][23992.447s][info][gc,heap        ] GC(87) Survivor regions: 1->1(3)
[2024-12-17T19:23:40.477+0330][23992.447s][info][gc,heap        ] GC(87) Old regions: 19->19
[2024-12-17T19:23:40.477+0330][23992.447s][info][gc,heap        ] GC(87) Archive regions: 0->0
[2024-12-17T19:23:40.477+0330][23992.447s][info][gc,heap        ] GC(87) Humongous regions: 0->0
[2024-12-17T19:23:40.477+0330][23992.447s][info][gc,metaspace   ] GC(87) Metaspace: 87465K(88064K)->87465K(88064K) NonClass: 75470K(75776K)->75470K(75776K) Class: 11994K(12288K)->11994K(12288K)
[2024-12-17T19:23:40.477+0330][23992.447s][info][gc             ] GC(87) Pause Young (Normal) (G1 Evacuation Pause) 76M->33M(94M) 3.425ms
[2024-12-17T19:23:40.477+0330][23992.448s][info][gc,cpu         ] GC(87) User=0.00s Sys=0.00s Real=0.00s
[2024-12-17T19:31:35.740+0330][24467.711s][info][gc,start       ] GC(88) Pause Young (Normal) (G1 Evacuation Pause)
[2024-12-17T19:31:35.740+0330][24467.711s][info][gc,task        ] GC(88) Using 4 workers of 4 for evacuation
[2024-12-17T19:31:35.740+0330][24467.715s][info][gc,phases      ] GC(88)   Pre Evacuate Collection Set: 0.2ms
[2024-12-17T19:31:35.740+0330][24467.715s][info][gc,phases      ] GC(88)   Merge Heap Roots: 0.1ms
[2024-12-17T19:31:35.740+0330][24467.715s][info][gc,phases      ] GC(88)   Evacuate Collection Set: 2.4ms
[2024-12-17T19:31:35.740+0330][24467.715s][info][gc,phases      ] GC(88)   Post Evacuate Collection Set: 1.1ms
[2024-12-17T19:31:35.740+0330][24467.715s][info][gc,phases      ] GC(88)   Other: 0.3ms
[2024-12-17T19:31:35.740+0330][24467.715s][info][gc,heap        ] GC(88) Eden regions: 21->0(21)
[2024-12-17T19:31:35.740+0330][24467.715s][info][gc,heap        ] GC(88) Survivor regions: 1->1(3)
[2024-12-17T19:31:35.740+0330][24467.715s][info][gc,heap        ] GC(88) Old regions: 19->19
[2024-12-17T19:31:35.740+0330][24467.715s][info][gc,heap        ] GC(88) Archive regions: 0->0
[2024-12-17T19:31:35.740+0330][24467.715s][info][gc,heap        ] GC(88) Humongous regions: 0->0
[2024-12-17T19:31:35.740+0330][24467.715s][info][gc,metaspace   ] GC(88) Metaspace: 87465K(88064K)->87465K(88064K) NonClass: 75470K(75776K)->75470K(75776K) Class: 11994K(12288K)->11994K(12288K)
[2024-12-17T19:31:35.740+0330][24467.715s][info][gc             ] GC(88) Pause Young (Normal) (G1 Evacuation Pause) 75M->33M(94M) 4.713ms
[2024-12-17T19:31:35.740+0330][24467.715s][info][gc,cpu         ] GC(88) User=0.00s Sys=0.00s Real=0.00s
[2024-12-17T19:39:07.145+0330][24919.110s][info][gc,start       ] GC(89) Pause Young (Normal) (G1 Evacuation Pause)
[2024-12-17T19:39:07.145+0330][24919.110s][info][gc,task        ] GC(89) Using 4 workers of 4 for evacuation
[2024-12-17T19:39:07.145+0330][24919.116s][info][gc,phases      ] GC(89)   Pre Evacuate Collection Set: 1.4ms
[2024-12-17T19:39:07.145+0330][24919.116s][info][gc,phases      ] GC(89)   Merge Heap Roots: 0.1ms
[2024-12-17T19:39:07.145+0330][24919.116s][info][gc,phases      ] GC(89)   Evacuate Collection Set: 3.5ms
[2024-12-17T19:39:07.145+0330][24919.116s][info][gc,phases      ] GC(89)   Post Evacuate Collection Set: 1.2ms
[2024-12-17T19:39:07.145+0330][24919.116s][info][gc,phases      ] GC(89)   Other: 0.2ms
[2024-12-17T19:39:07.145+0330][24919.116s][info][gc,heap        ] GC(89) Eden regions: 21->0(21)
[2024-12-17T19:39:07.145+0330][24919.116s][info][gc,heap        ] GC(89) Survivor regions: 1->1(3)
[2024-12-17T19:39:07.145+0330][24919.117s][info][gc,heap        ] GC(89) Old regions: 19->19
[2024-12-17T19:39:07.145+0330][24919.117s][info][gc,heap        ] GC(89) Archive regions: 0->0
[2024-12-17T19:39:07.145+0330][24919.117s][info][gc,heap        ] GC(89) Humongous regions: 0->0
[2024-12-17T19:39:07.145+0330][24919.117s][info][gc,metaspace   ] GC(89) Metaspace: 87465K(88064K)->87465K(88064K) NonClass: 75470K(75776K)->75470K(75776K) Class: 11994K(12288K)->11994K(12288K)
[2024-12-17T19:39:07.145+0330][24919.117s][info][gc             ] GC(89) Pause Young (Normal) (G1 Evacuation Pause) 75M->34M(94M) 7.309ms
[2024-12-17T19:39:07.145+0330][24919.117s][info][gc,cpu         ] GC(89) User=0.00s Sys=0.00s Real=0.00s
[2024-12-17T19:48:14.469+0330][25466.434s][info][gc,start       ] GC(90) Pause Young (Normal) (G1 Evacuation Pause)
[2024-12-17T19:48:14.469+0330][25466.434s][info][gc,task        ] GC(90) Using 4 workers of 4 for evacuation
[2024-12-17T19:48:14.469+0330][25466.438s][info][gc,phases      ] GC(90)   Pre Evacuate Collection Set: 1.2ms
[2024-12-17T19:48:14.469+0330][25466.438s][info][gc,phases      ] GC(90)   Merge Heap Roots: 0.1ms
[2024-12-17T19:48:14.469+0330][25466.438s][info][gc,phases      ] GC(90)   Evacuate Collection Set: 1.0ms
[2024-12-17T19:48:14.469+0330][25466.438s][info][gc,phases      ] GC(90)   Post Evacuate Collection Set: 1.0ms
[2024-12-17T19:48:14.469+0330][25466.438s][info][gc,phases      ] GC(90)   Other: 0.2ms
[2024-12-17T19:48:14.469+0330][25466.438s][info][gc,heap        ] GC(90) Eden regions: 21->0(21)
[2024-12-17T19:48:14.469+0330][25466.438s][info][gc,heap        ] GC(90) Survivor regions: 1->1(3)
[2024-12-17T19:48:14.469+0330][25466.438s][info][gc,heap        ] GC(90) Old regions: 19->19
[2024-12-17T19:48:14.469+0330][25466.438s][info][gc,heap        ] GC(90) Archive regions: 0->0
[2024-12-17T19:48:14.469+0330][25466.438s][info][gc,heap        ] GC(90) Humongous regions: 0->0
[2024-12-17T19:48:14.469+0330][25466.438s][info][gc,metaspace   ] GC(90) Metaspace: 87465K(88064K)->87465K(88064K) NonClass: 75470K(75776K)->75470K(75776K) Class: 11994K(12288K)->11994K(12288K)
[2024-12-17T19:48:14.469+0330][25466.438s][info][gc             ] GC(90) Pause Young (Normal) (G1 Evacuation Pause) 76M->33M(94M) 4.239ms
[2024-12-17T19:48:14.469+0330][25466.438s][info][gc,cpu         ] GC(90) User=0.00s Sys=0.00s Real=0.00s
[2024-12-17T19:57:22.478+0330][26014.445s][info][gc,start       ] GC(91) Pause Young (Normal) (G1 Evacuation Pause)
[2024-12-17T19:57:22.478+0330][26014.445s][info][gc,task        ] GC(91) Using 4 workers of 4 for evacuation
[2024-12-17T19:57:22.478+0330][26014.447s][info][gc,phases      ] GC(91)   Pre Evacuate Collection Set: 0.8ms
[2024-12-17T19:57:22.483+0330][26014.447s][info][gc,phases      ] GC(91)   Merge Heap Roots: 0.1ms
[2024-12-17T19:57:22.483+0330][26014.448s][info][gc,phases      ] GC(91)   Evacuate Collection Set: 0.9ms
[2024-12-17T19:57:22.483+0330][26014.448s][info][gc,phases      ] GC(91)   Post Evacuate Collection Set: 0.7ms
[2024-12-17T19:57:22.483+0330][26014.448s][info][gc,phases      ] GC(91)   Other: 0.3ms
[2024-12-17T19:57:22.483+0330][26014.448s][info][gc,heap        ] GC(91) Eden regions: 21->0(21)
[2024-12-17T19:57:22.483+0330][26014.448s][info][gc,heap        ] GC(91) Survivor regions: 1->1(3)
[2024-12-17T19:57:22.483+0330][26014.448s][info][gc,heap        ] GC(91) Old regions: 19->19
[2024-12-17T19:57:22.483+0330][26014.448s][info][gc,heap        ] GC(91) Archive regions: 0->0
[2024-12-17T19:57:22.483+0330][26014.448s][info][gc,heap        ] GC(91) Humongous regions: 0->0
[2024-12-17T19:57:22.483+0330][26014.448s][info][gc,metaspace   ] GC(91) Metaspace: 87465K(88064K)->87465K(88064K) NonClass: 75470K(75776K)->75470K(75776K) Class: 11994K(12288K)->11994K(12288K)
[2024-12-17T19:57:22.483+0330][26014.448s][info][gc             ] GC(91) Pause Young (Normal) (G1 Evacuation Pause) 75M->33M(94M) 3.522ms
[2024-12-17T19:57:22.483+0330][26014.448s][info][gc,cpu         ] GC(91) User=0.00s Sys=0.00s Real=0.01s
[2024-12-17T20:03:39.298+0330][26391.264s][info][gc,start       ] GC(92) Pause Young (Normal) (G1 Evacuation Pause)
[2024-12-17T20:03:39.298+0330][26391.264s][info][gc,task        ] GC(92) Using 4 workers of 4 for evacuation
[2024-12-17T20:03:39.298+0330][26391.268s][info][gc,phases      ] GC(92)   Pre Evacuate Collection Set: 0.2ms
[2024-12-17T20:03:39.298+0330][26391.268s][info][gc,phases      ] GC(92)   Merge Heap Roots: 0.2ms
[2024-12-17T20:03:39.298+0330][26391.268s][info][gc,phases      ] GC(92)   Evacuate Collection Set: 2.4ms
[2024-12-17T20:03:39.298+0330][26391.268s][info][gc,phases      ] GC(92)   Post Evacuate Collection Set: 1.1ms
[2024-12-17T20:03:39.298+0330][26391.269s][info][gc,phases      ] GC(92)   Other: 0.3ms
[2024-12-17T20:03:39.298+0330][26391.269s][info][gc,heap        ] GC(92) Eden regions: 21->0(21)
[2024-12-17T20:03:39.298+0330][26391.269s][info][gc,heap        ] GC(92) Survivor regions: 1->1(3)
[2024-12-17T20:03:39.298+0330][26391.269s][info][gc,heap        ] GC(92) Old regions: 19->19
[2024-12-17T20:03:39.298+0330][26391.269s][info][gc,heap        ] GC(92) Archive regions: 0->0
[2024-12-17T20:03:39.298+0330][26391.269s][info][gc,heap        ] GC(92) Humongous regions: 0->0
[2024-12-17T20:03:39.298+0330][26391.269s][info][gc,metaspace   ] GC(92) Metaspace: 87465K(88064K)->87465K(88064K) NonClass: 75470K(75776K)->75470K(75776K) Class: 11994K(12288K)->11994K(12288K)
[2024-12-17T20:03:39.298+0330][26391.269s][info][gc             ] GC(92) Pause Young (Normal) (G1 Evacuation Pause) 75M->34M(94M) 4.739ms
[2024-12-17T20:03:39.298+0330][26391.269s][info][gc,cpu         ] GC(92) User=0.00s Sys=0.00s Real=0.00s
[2024-12-17T20:12:44.249+0330][26936.228s][info][gc,start       ] GC(93) Pause Young (Normal) (G1 Evacuation Pause)
[2024-12-17T20:12:44.249+0330][26936.229s][info][gc,task        ] GC(93) Using 4 workers of 4 for evacuation
[2024-12-17T20:12:44.265+0330][26936.237s][info][gc,phases      ] GC(93)   Pre Evacuate Collection Set: 0.1ms
[2024-12-17T20:12:44.265+0330][26936.237s][info][gc,phases      ] GC(93)   Merge Heap Roots: 0.1ms
[2024-12-17T20:12:44.265+0330][26936.237s][info][gc,phases      ] GC(93)   Evacuate Collection Set: 6.5ms
[2024-12-17T20:12:44.265+0330][26936.237s][info][gc,phases      ] GC(93)   Post Evacuate Collection Set: 1.2ms
[2024-12-17T20:12:44.265+0330][26936.237s][info][gc,phases      ] GC(93)   Other: 0.9ms
[2024-12-17T20:12:44.265+0330][26936.238s][info][gc,heap        ] GC(93) Eden regions: 21->0(21)
[2024-12-17T20:12:44.265+0330][26936.238s][info][gc,heap        ] GC(93) Survivor regions: 1->1(3)
[2024-12-17T20:12:44.265+0330][26936.238s][info][gc,heap        ] GC(93) Old regions: 19->19
[2024-12-17T20:12:44.265+0330][26936.238s][info][gc,heap        ] GC(93) Archive regions: 0->0
[2024-12-17T20:12:44.265+0330][26936.238s][info][gc,heap        ] GC(93) Humongous regions: 0->0
[2024-12-17T20:12:44.265+0330][26936.238s][info][gc,metaspace   ] GC(93) Metaspace: 87465K(88064K)->87465K(88064K) NonClass: 75470K(75776K)->75470K(75776K) Class: 11994K(12288K)->11994K(12288K)
[2024-12-17T20:12:44.265+0330][26936.238s][info][gc             ] GC(93) Pause Young (Normal) (G1 Evacuation Pause) 76M->34M(94M) 9.519ms
[2024-12-17T20:12:44.265+0330][26936.238s][info][gc,cpu         ] GC(93) User=0.02s Sys=0.00s Real=0.02s
[2024-12-17T20:21:50.417+0330][27482.381s][info][gc,start       ] GC(94) Pause Young (Normal) (G1 Evacuation Pause)
[2024-12-17T20:21:50.417+0330][27482.381s][info][gc,task        ] GC(94) Using 4 workers of 4 for evacuation
[2024-12-17T20:21:50.417+0330][27482.386s][info][gc,phases      ] GC(94)   Pre Evacuate Collection Set: 0.1ms
[2024-12-17T20:21:50.417+0330][27482.386s][info][gc,phases      ] GC(94)   Merge Heap Roots: 0.1ms
[2024-12-17T20:21:50.417+0330][27482.386s][info][gc,phases      ] GC(94)   Evacuate Collection Set: 3.4ms
[2024-12-17T20:21:50.417+0330][27482.386s][info][gc,phases      ] GC(94)   Post Evacuate Collection Set: 1.0ms
[2024-12-17T20:21:50.417+0330][27482.387s][info][gc,phases      ] GC(94)   Other: 0.3ms
[2024-12-17T20:21:50.417+0330][27482.387s][info][gc,heap        ] GC(94) Eden regions: 21->0(21)
[2024-12-17T20:21:50.417+0330][27482.387s][info][gc,heap        ] GC(94) Survivor regions: 1->1(3)
[2024-12-17T20:21:50.417+0330][27482.387s][info][gc,heap        ] GC(94) Old regions: 19->19
[2024-12-17T20:21:50.417+0330][27482.387s][info][gc,heap        ] GC(94) Archive regions: 0->0
[2024-12-17T20:21:50.417+0330][27482.387s][info][gc,heap        ] GC(94) Humongous regions: 0->0
[2024-12-17T20:21:50.417+0330][27482.387s][info][gc,metaspace   ] GC(94) Metaspace: 87465K(88064K)->87465K(88064K) NonClass: 75470K(75776K)->75470K(75776K) Class: 11994K(12288K)->11994K(12288K)
[2024-12-17T20:21:50.417+0330][27482.387s][info][gc             ] GC(94) Pause Young (Normal) (G1 Evacuation Pause) 76M->33M(94M) 5.673ms
[2024-12-17T20:21:50.417+0330][27482.387s][info][gc,cpu         ] GC(94) User=0.00s Sys=0.00s Real=0.00s
[2024-12-17T20:30:21.477+0330][27993.441s][info][gc,start       ] GC(95) Pause Young (Normal) (G1 Evacuation Pause)
[2024-12-17T20:30:21.477+0330][27993.442s][info][gc,task        ] GC(95) Using 4 workers of 4 for evacuation
[2024-12-17T20:30:21.477+0330][27993.445s][info][gc,phases      ] GC(95)   Pre Evacuate Collection Set: 0.1ms
[2024-12-17T20:30:21.477+0330][27993.445s][info][gc,phases      ] GC(95)   Merge Heap Roots: 0.1ms
[2024-12-17T20:30:21.477+0330][27993.445s][info][gc,phases      ] GC(95)   Evacuate Collection Set: 1.8ms
[2024-12-17T20:30:21.477+0330][27993.445s][info][gc,phases      ] GC(95)   Post Evacuate Collection Set: 1.0ms
[2024-12-17T20:30:21.477+0330][27993.445s][info][gc,phases      ] GC(95)   Other: 0.3ms
[2024-12-17T20:30:21.477+0330][27993.445s][info][gc,heap        ] GC(95) Eden regions: 21->0(21)
[2024-12-17T20:30:21.477+0330][27993.445s][info][gc,heap        ] GC(95) Survivor regions: 1->1(3)
[2024-12-17T20:30:21.477+0330][27993.445s][info][gc,heap        ] GC(95) Old regions: 19->19
[2024-12-17T20:30:21.477+0330][27993.445s][info][gc,heap        ] GC(95) Archive regions: 0->0
[2024-12-17T20:30:21.477+0330][27993.445s][info][gc,heap        ] GC(95) Humongous regions: 0->0
[2024-12-17T20:30:21.477+0330][27993.445s][info][gc,metaspace   ] GC(95) Metaspace: 87465K(88064K)->87465K(88064K) NonClass: 75470K(75776K)->75470K(75776K) Class: 11994K(12288K)->11994K(12288K)
[2024-12-17T20:30:21.477+0330][27993.445s][info][gc             ] GC(95) Pause Young (Normal) (G1 Evacuation Pause) 75M->33M(94M) 4.011ms
[2024-12-17T20:30:21.477+0330][27993.446s][info][gc,cpu         ] GC(95) User=0.00s Sys=0.00s Real=0.00s
[2024-12-17T20:37:17.298+0330][28409.276s][info][gc,start       ] GC(96) Pause Young (Normal) (G1 Evacuation Pause)
[2024-12-17T20:37:17.298+0330][28409.276s][info][gc,task        ] GC(96) Using 4 workers of 4 for evacuation
[2024-12-17T20:37:17.314+0330][28409.279s][info][gc,phases      ] GC(96)   Pre Evacuate Collection Set: 0.1ms
[2024-12-17T20:37:17.314+0330][28409.279s][info][gc,phases      ] GC(96)   Merge Heap Roots: 0.1ms
[2024-12-17T20:37:17.314+0330][28409.279s][info][gc,phases      ] GC(96)   Evacuate Collection Set: 1.2ms
[2024-12-17T20:37:17.314+0330][28409.279s][info][gc,phases      ] GC(96)   Post Evacuate Collection Set: 0.9ms
[2024-12-17T20:37:17.314+0330][28409.279s][info][gc,phases      ] GC(96)   Other: 0.3ms
[2024-12-17T20:37:17.314+0330][28409.279s][info][gc,heap        ] GC(96) Eden regions: 21->0(21)
[2024-12-17T20:37:17.314+0330][28409.279s][info][gc,heap        ] GC(96) Survivor regions: 1->1(3)
[2024-12-17T20:37:17.314+0330][28409.279s][info][gc,heap        ] GC(96) Old regions: 19->19
[2024-12-17T20:37:17.314+0330][28409.279s][info][gc,heap        ] GC(96) Archive regions: 0->0
[2024-12-17T20:37:17.314+0330][28409.279s][info][gc,heap        ] GC(96) Humongous regions: 0->0
[2024-12-17T20:37:17.314+0330][28409.279s][info][gc,metaspace   ] GC(96) Metaspace: 87465K(88064K)->87465K(88064K) NonClass: 75470K(75776K)->75470K(75776K) Class: 11994K(12288K)->11994K(12288K)
[2024-12-17T20:37:17.314+0330][28409.279s][info][gc             ] GC(96) Pause Young (Normal) (G1 Evacuation Pause) 75M->34M(94M) 3.310ms
[2024-12-17T20:37:17.314+0330][28409.279s][info][gc,cpu         ] GC(96) User=0.06s Sys=0.00s Real=0.02s
[2024-12-17T20:46:21.452+0330][28953.418s][info][gc,start       ] GC(97) Pause Young (Normal) (G1 Evacuation Pause)
[2024-12-17T20:46:21.452+0330][28953.418s][info][gc,task        ] GC(97) Using 4 workers of 4 for evacuation
[2024-12-17T20:46:21.452+0330][28953.421s][info][gc,phases      ] GC(97)   Pre Evacuate Collection Set: 0.1ms
[2024-12-17T20:46:21.452+0330][28953.421s][info][gc,phases      ] GC(97)   Merge Heap Roots: 0.1ms
[2024-12-17T20:46:21.452+0330][28953.421s][info][gc,phases      ] GC(97)   Evacuate Collection Set: 1.2ms
[2024-12-17T20:46:21.452+0330][28953.421s][info][gc,phases      ] GC(97)   Post Evacuate Collection Set: 1.1ms
[2024-12-17T20:46:21.452+0330][28953.421s][info][gc,phases      ] GC(97)   Other: 0.2ms
[2024-12-17T20:46:21.452+0330][28953.421s][info][gc,heap        ] GC(97) Eden regions: 21->0(21)
[2024-12-17T20:46:21.452+0330][28953.421s][info][gc,heap        ] GC(97) Survivor regions: 1->1(3)
[2024-12-17T20:46:21.452+0330][28953.421s][info][gc,heap        ] GC(97) Old regions: 19->19
[2024-12-17T20:46:21.452+0330][28953.421s][info][gc,heap        ] GC(97) Archive regions: 0->0
[2024-12-17T20:46:21.452+0330][28953.421s][info][gc,heap        ] GC(97) Humongous regions: 0->0
[2024-12-17T20:46:21.452+0330][28953.421s][info][gc,metaspace   ] GC(97) Metaspace: 87465K(88064K)->87465K(88064K) NonClass: 75470K(75776K)->75470K(75776K) Class: 11994K(12288K)->11994K(12288K)
[2024-12-17T20:46:21.452+0330][28953.421s][info][gc             ] GC(97) Pause Young (Normal) (G1 Evacuation Pause) 76M->33M(94M) 3.409ms
[2024-12-17T20:46:21.452+0330][28953.421s][info][gc,cpu         ] GC(97) User=0.00s Sys=0.00s Real=0.00s
[2024-12-17T20:55:28.512+0330][29500.448s][info][gc,start       ] GC(98) Pause Young (Normal) (G1 Evacuation Pause)
[2024-12-17T20:55:28.512+0330][29500.448s][info][gc,task        ] GC(98) Using 4 workers of 4 for evacuation
[2024-12-17T20:55:28.512+0330][29500.450s][info][gc,phases      ] GC(98)   Pre Evacuate Collection Set: 0.1ms
[2024-12-17T20:55:28.512+0330][29500.450s][info][gc,phases      ] GC(98)   Merge Heap Roots: 0.1ms
[2024-12-17T20:55:28.512+0330][29500.450s][info][gc,phases      ] GC(98)   Evacuate Collection Set: 0.9ms
[2024-12-17T20:55:28.512+0330][29500.450s][info][gc,phases      ] GC(98)   Post Evacuate Collection Set: 0.7ms
[2024-12-17T20:55:28.512+0330][29500.451s][info][gc,phases      ] GC(98)   Other: 0.3ms
[2024-12-17T20:55:28.512+0330][29500.451s][info][gc,heap        ] GC(98) Eden regions: 21->0(21)
[2024-12-17T20:55:28.512+0330][29500.451s][info][gc,heap        ] GC(98) Survivor regions: 1->1(3)
[2024-12-17T20:55:28.512+0330][29500.451s][info][gc,heap        ] GC(98) Old regions: 19->19
[2024-12-17T20:55:28.512+0330][29500.451s][info][gc,heap        ] GC(98) Archive regions: 0->0
[2024-12-17T20:55:28.512+0330][29500.451s][info][gc,heap        ] GC(98) Humongous regions: 0->0
[2024-12-17T20:55:28.512+0330][29500.451s][info][gc,metaspace   ] GC(98) Metaspace: 87465K(88064K)->87465K(88064K) NonClass: 75470K(75776K)->75470K(75776K) Class: 11994K(12288K)->11994K(12288K)
[2024-12-17T20:55:28.512+0330][29500.451s][info][gc             ] GC(98) Pause Young (Normal) (G1 Evacuation Pause) 75M->33M(94M) 2.729ms
[2024-12-17T20:55:28.512+0330][29500.451s][info][gc,cpu         ] GC(98) User=0.00s Sys=0.00s Real=0.00s
[2024-12-17T21:01:42.218+0330][29874.087s][info][gc,start       ] GC(99) Pause Young (Normal) (G1 Evacuation Pause)
[2024-12-17T21:01:42.218+0330][29874.087s][info][gc,task        ] GC(99) Using 4 workers of 4 for evacuation
[2024-12-17T21:01:42.218+0330][29874.091s][info][gc,phases      ] GC(99)   Pre Evacuate Collection Set: 0.1ms
[2024-12-17T21:01:42.218+0330][29874.091s][info][gc,phases      ] GC(99)   Merge Heap Roots: 0.1ms
[2024-12-17T21:01:42.218+0330][29874.091s][info][gc,phases      ] GC(99)   Evacuate Collection Set: 2.7ms
[2024-12-17T21:01:42.218+0330][29874.091s][info][gc,phases      ] GC(99)   Post Evacuate Collection Set: 1.0ms
[2024-12-17T21:01:42.218+0330][29874.091s][info][gc,phases      ] GC(99)   Other: 0.3ms
[2024-12-17T21:01:42.218+0330][29874.091s][info][gc,heap        ] GC(99) Eden regions: 21->0(21)
[2024-12-17T21:01:42.218+0330][29874.091s][info][gc,heap        ] GC(99) Survivor regions: 1->1(3)
[2024-12-17T21:01:42.218+0330][29874.091s][info][gc,heap        ] GC(99) Old regions: 19->19
[2024-12-17T21:01:42.218+0330][29874.092s][info][gc,heap        ] GC(99) Archive regions: 0->0
[2024-12-17T21:01:42.218+0330][29874.092s][info][gc,heap        ] GC(99) Humongous regions: 0->0
[2024-12-17T21:01:42.218+0330][29874.092s][info][gc,metaspace   ] GC(99) Metaspace: 87465K(88064K)->87465K(88064K) NonClass: 75470K(75776K)->75470K(75776K) Class: 11994K(12288K)->11994K(12288K)
[2024-12-17T21:01:42.218+0330][29874.092s][info][gc             ] GC(99) Pause Young (Normal) (G1 Evacuation Pause) 75M->34M(94M) 4.926ms
[2024-12-17T21:01:42.218+0330][29874.092s][info][gc,cpu         ] GC(99) User=0.00s Sys=0.00s Real=0.00s
[2024-12-17T21:10:46.641+0330][30418.436s][info][gc,start       ] GC(100) Pause Young (Normal) (G1 Evacuation Pause)
[2024-12-17T21:10:46.641+0330][30418.436s][info][gc,task        ] GC(100) Using 4 workers of 4 for evacuation
[2024-12-17T21:10:46.641+0330][30418.438s][info][gc,phases      ] GC(100)   Pre Evacuate Collection Set: 0.1ms
[2024-12-17T21:10:46.641+0330][30418.438s][info][gc,phases      ] GC(100)   Merge Heap Roots: 0.1ms
[2024-12-17T21:10:46.641+0330][30418.438s][info][gc,phases      ] GC(100)   Evacuate Collection Set: 0.9ms
[2024-12-17T21:10:46.641+0330][30418.438s][info][gc,phases      ] GC(100)   Post Evacuate Collection Set: 0.9ms
[2024-12-17T21:10:46.641+0330][30418.439s][info][gc,phases      ] GC(100)   Other: 0.3ms
[2024-12-17T21:10:46.641+0330][30418.439s][info][gc,heap        ] GC(100) Eden regions: 21->0(21)
[2024-12-17T21:10:46.641+0330][30418.439s][info][gc,heap        ] GC(100) Survivor regions: 1->1(3)
[2024-12-17T21:10:46.641+0330][30418.439s][info][gc,heap        ] GC(100) Old regions: 19->19
[2024-12-17T21:10:46.641+0330][30418.439s][info][gc,heap        ] GC(100) Archive regions: 0->0
[2024-12-17T21:10:46.641+0330][30418.439s][info][gc,heap        ] GC(100) Humongous regions: 0->0
[2024-12-17T21:10:46.641+0330][30418.439s][info][gc,metaspace   ] GC(100) Metaspace: 87465K(88064K)->87465K(88064K) NonClass: 75470K(75776K)->75470K(75776K) Class: 11994K(12288K)->11994K(12288K)
[2024-12-17T21:10:46.641+0330][30418.439s][info][gc             ] GC(100) Pause Young (Normal) (G1 Evacuation Pause) 76M->34M(94M) 3.057ms
[2024-12-17T21:10:46.641+0330][30418.439s][info][gc,cpu         ] GC(100) User=0.00s Sys=0.00s Real=0.00s
[2024-12-17T21:19:53.706+0330][30965.445s][info][gc,start       ] GC(101) Pause Young (Normal) (G1 Evacuation Pause)
[2024-12-17T21:19:53.706+0330][30965.445s][info][gc,task        ] GC(101) Using 4 workers of 4 for evacuation
[2024-12-17T21:19:53.706+0330][30965.449s][info][gc,phases      ] GC(101)   Pre Evacuate Collection Set: 0.1ms
[2024-12-17T21:19:53.706+0330][30965.449s][info][gc,phases      ] GC(101)   Merge Heap Roots: 0.1ms
[2024-12-17T21:19:53.706+0330][30965.449s][info][gc,phases      ] GC(101)   Evacuate Collection Set: 1.5ms
[2024-12-17T21:19:53.706+0330][30965.449s][info][gc,phases      ] GC(101)   Post Evacuate Collection Set: 1.3ms
[2024-12-17T21:19:53.706+0330][30965.449s][info][gc,phases      ] GC(101)   Other: 0.3ms
[2024-12-17T21:19:53.706+0330][30965.449s][info][gc,heap        ] GC(101) Eden regions: 21->0(21)
[2024-12-17T21:19:53.706+0330][30965.449s][info][gc,heap        ] GC(101) Survivor regions: 1->1(3)
[2024-12-17T21:19:53.706+0330][30965.449s][info][gc,heap        ] GC(101) Old regions: 19->19
[2024-12-17T21:19:53.706+0330][30965.449s][info][gc,heap        ] GC(101) Archive regions: 0->0
[2024-12-17T21:19:53.706+0330][30965.449s][info][gc,heap        ] GC(101) Humongous regions: 0->0
[2024-12-17T21:19:53.706+0330][30965.449s][info][gc,metaspace   ] GC(101) Metaspace: 87465K(88064K)->87465K(88064K) NonClass: 75470K(75776K)->75470K(75776K) Class: 11994K(12288K)->11994K(12288K)
[2024-12-17T21:19:53.706+0330][30965.449s][info][gc             ] GC(101) Pause Young (Normal) (G1 Evacuation Pause) 76M->33M(94M) 4.037ms
[2024-12-17T21:19:53.706+0330][30965.449s][info][gc,cpu         ] GC(101) User=0.00s Sys=0.00s Real=0.00s
[2024-12-17T21:28:42.138+0330][31493.825s][info][gc,start       ] GC(102) Pause Young (Normal) (G1 Evacuation Pause)
[2024-12-17T21:28:42.138+0330][31493.825s][info][gc,task        ] GC(102) Using 4 workers of 4 for evacuation
[2024-12-17T21:28:42.154+0330][31493.839s][info][gc,phases      ] GC(102)   Pre Evacuate Collection Set: 2.3ms
[2024-12-17T21:28:42.154+0330][31493.840s][info][gc,phases      ] GC(102)   Merge Heap Roots: 0.1ms
[2024-12-17T21:28:42.154+0330][31493.840s][info][gc,phases      ] GC(102)   Evacuate Collection Set: 11.3ms
[2024-12-17T21:28:42.154+0330][31493.840s][info][gc,phases      ] GC(102)   Post Evacuate Collection Set: 0.9ms
[2024-12-17T21:28:42.154+0330][31493.840s][info][gc,phases      ] GC(102)   Other: 0.3ms
[2024-12-17T21:28:42.154+0330][31493.840s][info][gc,heap        ] GC(102) Eden regions: 21->0(21)
[2024-12-17T21:28:42.154+0330][31493.840s][info][gc,heap        ] GC(102) Survivor regions: 1->1(3)
[2024-12-17T21:28:42.154+0330][31493.840s][info][gc,heap        ] GC(102) Old regions: 19->19
[2024-12-17T21:28:42.154+0330][31493.840s][info][gc,heap        ] GC(102) Archive regions: 0->0
[2024-12-17T21:28:42.154+0330][31493.840s][info][gc,heap        ] GC(102) Humongous regions: 0->0
[2024-12-17T21:28:42.154+0330][31493.840s][info][gc,metaspace   ] GC(102) Metaspace: 87465K(88064K)->87465K(88064K) NonClass: 75470K(75776K)->75470K(75776K) Class: 11994K(12288K)->11994K(12288K)
[2024-12-17T21:28:42.154+0330][31493.840s][info][gc             ] GC(102) Pause Young (Normal) (G1 Evacuation Pause) 75M->33M(94M) 15.707ms
[2024-12-17T21:28:42.154+0330][31493.840s][info][gc,cpu         ] GC(102) User=0.00s Sys=0.00s Real=0.02s
[2024-12-17T21:35:14.724+0330][31886.388s][info][gc,start       ] GC(103) Pause Young (Normal) (G1 Evacuation Pause)
[2024-12-17T21:35:14.724+0330][31886.388s][info][gc,task        ] GC(103) Using 4 workers of 4 for evacuation
[2024-12-17T21:35:14.724+0330][31886.392s][info][gc,phases      ] GC(103)   Pre Evacuate Collection Set: 0.7ms
[2024-12-17T21:35:14.724+0330][31886.392s][info][gc,phases      ] GC(103)   Merge Heap Roots: 0.1ms
[2024-12-17T21:35:14.724+0330][31886.392s][info][gc,phases      ] GC(103)   Evacuate Collection Set: 2.2ms
[2024-12-17T21:35:14.724+0330][31886.393s][info][gc,phases      ] GC(103)   Post Evacuate Collection Set: 1.0ms
[2024-12-17T21:35:14.724+0330][31886.393s][info][gc,phases      ] GC(103)   Other: 0.3ms
[2024-12-17T21:35:14.724+0330][31886.393s][info][gc,heap        ] GC(103) Eden regions: 21->0(21)
[2024-12-17T21:35:14.724+0330][31886.393s][info][gc,heap        ] GC(103) Survivor regions: 1->1(3)
[2024-12-17T21:35:14.724+0330][31886.393s][info][gc,heap        ] GC(103) Old regions: 19->19
[2024-12-17T21:35:14.724+0330][31886.393s][info][gc,heap        ] GC(103) Archive regions: 0->0
[2024-12-17T21:35:14.724+0330][31886.393s][info][gc,heap        ] GC(103) Humongous regions: 0->0
[2024-12-17T21:35:14.724+0330][31886.393s][info][gc,metaspace   ] GC(103) Metaspace: 87465K(88064K)->87465K(88064K) NonClass: 75470K(75776K)->75470K(75776K) Class: 11994K(12288K)->11994K(12288K)
[2024-12-17T21:35:14.724+0330][31886.393s][info][gc             ] GC(103) Pause Young (Normal) (G1 Evacuation Pause) 75M->34M(94M) 4.756ms
[2024-12-17T21:35:14.724+0330][31886.393s][info][gc,cpu         ] GC(103) User=0.00s Sys=0.00s Real=0.00s
[2024-12-17T21:44:20.899+0330][32432.514s][info][gc,start       ] GC(104) Pause Young (Normal) (G1 Evacuation Pause)
[2024-12-17T21:44:20.899+0330][32432.514s][info][gc,task        ] GC(104) Using 4 workers of 4 for evacuation
[2024-12-17T21:44:20.899+0330][32432.517s][info][gc,phases      ] GC(104)   Pre Evacuate Collection Set: 0.1ms
[2024-12-17T21:44:20.899+0330][32432.517s][info][gc,phases      ] GC(104)   Merge Heap Roots: 0.1ms
[2024-12-17T21:44:20.899+0330][32432.517s][info][gc,phases      ] GC(104)   Evacuate Collection Set: 1.6ms
[2024-12-17T21:44:20.899+0330][32432.518s][info][gc,phases      ] GC(104)   Post Evacuate Collection Set: 1.1ms
[2024-12-17T21:44:20.899+0330][32432.518s][info][gc,phases      ] GC(104)   Other: 0.3ms
[2024-12-17T21:44:20.899+0330][32432.518s][info][gc,heap        ] GC(104) Eden regions: 21->0(21)
[2024-12-17T21:44:20.899+0330][32432.518s][info][gc,heap        ] GC(104) Survivor regions: 1->1(3)
[2024-12-17T21:44:20.899+0330][32432.518s][info][gc,heap        ] GC(104) Old regions: 19->19
[2024-12-17T21:44:20.899+0330][32432.518s][info][gc,heap        ] GC(104) Archive regions: 0->0
[2024-12-17T21:44:20.899+0330][32432.518s][info][gc,heap        ] GC(104) Humongous regions: 0->0
[2024-12-17T21:44:20.899+0330][32432.518s][info][gc,metaspace   ] GC(104) Metaspace: 87465K(88064K)->87465K(88064K) NonClass: 75470K(75776K)->75470K(75776K) Class: 11994K(12288K)->11994K(12288K)
[2024-12-17T21:44:20.899+0330][32432.518s][info][gc             ] GC(104) Pause Young (Normal) (G1 Evacuation Pause) 76M->34M(94M) 3.841ms
[2024-12-17T21:44:20.899+0330][32432.518s][info][gc,cpu         ] GC(104) User=0.00s Sys=0.00s Real=0.00s
[2024-12-17T21:53:26.849+0330][32978.437s][info][gc,start       ] GC(105) Pause Young (Normal) (G1 Evacuation Pause)
[2024-12-17T21:53:26.849+0330][32978.437s][info][gc,task        ] GC(105) Using 4 workers of 4 for evacuation
[2024-12-17T21:53:26.849+0330][32978.440s][info][gc,phases      ] GC(105)   Pre Evacuate Collection Set: 0.1ms
[2024-12-17T21:53:26.849+0330][32978.440s][info][gc,phases      ] GC(105)   Merge Heap Roots: 0.1ms
[2024-12-17T21:53:26.849+0330][32978.440s][info][gc,phases      ] GC(105)   Evacuate Collection Set: 1.5ms
[2024-12-17T21:53:26.849+0330][32978.440s][info][gc,phases      ] GC(105)   Post Evacuate Collection Set: 0.9ms
[2024-12-17T21:53:26.849+0330][32978.440s][info][gc,phases      ] GC(105)   Other: 0.3ms
[2024-12-17T21:53:26.849+0330][32978.440s][info][gc,heap        ] GC(105) Eden regions: 21->0(21)
[2024-12-17T21:53:26.849+0330][32978.440s][info][gc,heap        ] GC(105) Survivor regions: 1->1(3)
[2024-12-17T21:53:26.849+0330][32978.440s][info][gc,heap        ] GC(105) Old regions: 19->19
[2024-12-17T21:53:26.849+0330][32978.440s][info][gc,heap        ] GC(105) Archive regions: 0->0
[2024-12-17T21:53:26.849+0330][32978.440s][info][gc,heap        ] GC(105) Humongous regions: 0->0
[2024-12-17T21:53:26.849+0330][32978.440s][info][gc,metaspace   ] GC(105) Metaspace: 87465K(88064K)->87465K(88064K) NonClass: 75470K(75776K)->75470K(75776K) Class: 11994K(12288K)->11994K(12288K)
[2024-12-17T21:53:26.849+0330][32978.440s][info][gc             ] GC(105) Pause Young (Normal) (G1 Evacuation Pause) 76M->33M(94M) 3.514ms
[2024-12-17T21:53:26.849+0330][32978.440s][info][gc,cpu         ] GC(105) User=0.00s Sys=0.00s Real=0.00s
[2024-12-17T22:00:21.195+0330][33392.771s][info][gc,start       ] GC(106) Pause Young (Normal) (G1 Evacuation Pause)
[2024-12-17T22:00:21.195+0330][33392.771s][info][gc,task        ] GC(106) Using 4 workers of 4 for evacuation
[2024-12-17T22:00:21.211+0330][33392.777s][info][gc,phases      ] GC(106)   Pre Evacuate Collection Set: 0.1ms
[2024-12-17T22:00:21.211+0330][33392.777s][info][gc,phases      ] GC(106)   Merge Heap Roots: 0.1ms
[2024-12-17T22:00:21.211+0330][33392.777s][info][gc,phases      ] GC(106)   Evacuate Collection Set: 3.3ms
[2024-12-17T22:00:21.211+0330][33392.777s][info][gc,phases      ] GC(106)   Post Evacuate Collection Set: 1.3ms
[2024-12-17T22:00:21.211+0330][33392.777s][info][gc,phases      ] GC(106)   Other: 0.8ms
[2024-12-17T22:00:21.211+0330][33392.777s][info][gc,heap        ] GC(106) Eden regions: 21->0(21)
[2024-12-17T22:00:21.211+0330][33392.777s][info][gc,heap        ] GC(106) Survivor regions: 1->1(3)
[2024-12-17T22:00:21.211+0330][33392.777s][info][gc,heap        ] GC(106) Old regions: 19->19
[2024-12-17T22:00:21.211+0330][33392.777s][info][gc,heap        ] GC(106) Archive regions: 0->0
[2024-12-17T22:00:21.211+0330][33392.777s][info][gc,heap        ] GC(106) Humongous regions: 0->0
[2024-12-17T22:00:21.211+0330][33392.777s][info][gc,metaspace   ] GC(106) Metaspace: 87465K(88064K)->87465K(88064K) NonClass: 75470K(75776K)->75470K(75776K) Class: 11994K(12288K)->11994K(12288K)
[2024-12-17T22:00:21.211+0330][33392.778s][info][gc             ] GC(106) Pause Young (Normal) (G1 Evacuation Pause) 75M->34M(94M) 6.424ms
[2024-12-17T22:00:21.211+0330][33392.778s][info][gc,cpu         ] GC(106) User=0.02s Sys=0.00s Real=0.02s
[2024-12-17T22:08:48.148+0330][33899.693s][info][gc,start       ] GC(107) Pause Young (Normal) (G1 Evacuation Pause)
[2024-12-17T22:08:48.148+0330][33899.693s][info][gc,task        ] GC(107) Using 4 workers of 4 for evacuation
[2024-12-17T22:08:48.148+0330][33899.696s][info][gc,phases      ] GC(107)   Pre Evacuate Collection Set: 0.1ms
[2024-12-17T22:08:48.148+0330][33899.696s][info][gc,phases      ] GC(107)   Merge Heap Roots: 0.1ms
[2024-12-17T22:08:48.148+0330][33899.696s][info][gc,phases      ] GC(107)   Evacuate Collection Set: 1.3ms
[2024-12-17T22:08:48.148+0330][33899.696s][info][gc,phases      ] GC(107)   Post Evacuate Collection Set: 1.3ms
[2024-12-17T22:08:48.148+0330][33899.696s][info][gc,phases      ] GC(107)   Other: 0.4ms
[2024-12-17T22:08:48.148+0330][33899.696s][info][gc,heap        ] GC(107) Eden regions: 21->0(21)
[2024-12-17T22:08:48.148+0330][33899.696s][info][gc,heap        ] GC(107) Survivor regions: 1->1(3)
[2024-12-17T22:08:48.148+0330][33899.696s][info][gc,heap        ] GC(107) Old regions: 19->19
[2024-12-17T22:08:48.148+0330][33899.696s][info][gc,heap        ] GC(107) Archive regions: 0->0
[2024-12-17T22:08:48.148+0330][33899.696s][info][gc,heap        ] GC(107) Humongous regions: 0->0
[2024-12-17T22:08:48.148+0330][33899.697s][info][gc,metaspace   ] GC(107) Metaspace: 87465K(88064K)->87465K(88064K) NonClass: 75470K(75776K)->75470K(75776K) Class: 11994K(12288K)->11994K(12288K)
[2024-12-17T22:08:48.148+0330][33899.697s][info][gc             ] GC(107) Pause Young (Normal) (G1 Evacuation Pause) 76M->34M(94M) 4.048ms
[2024-12-17T22:08:48.148+0330][33899.697s][info][gc,cpu         ] GC(107) User=0.00s Sys=0.00s Real=0.00s
[2024-12-17T22:17:56.053+0330][34447.576s][info][gc,start       ] GC(108) Pause Young (Normal) (G1 Evacuation Pause)
[2024-12-17T22:17:56.053+0330][34447.576s][info][gc,task        ] GC(108) Using 4 workers of 4 for evacuation
[2024-12-17T22:17:56.053+0330][34447.579s][info][gc,phases      ] GC(108)   Pre Evacuate Collection Set: 0.1ms
[2024-12-17T22:17:56.053+0330][34447.579s][info][gc,phases      ] GC(108)   Merge Heap Roots: 0.1ms
[2024-12-17T22:17:56.053+0330][34447.579s][info][gc,phases      ] GC(108)   Evacuate Collection Set: 0.9ms
[2024-12-17T22:17:56.053+0330][34447.579s][info][gc,phases      ] GC(108)   Post Evacuate Collection Set: 0.9ms
[2024-12-17T22:17:56.053+0330][34447.579s][info][gc,phases      ] GC(108)   Other: 0.4ms
[2024-12-17T22:17:56.053+0330][34447.579s][info][gc,heap        ] GC(108) Eden regions: 21->0(21)
[2024-12-17T22:17:56.053+0330][34447.579s][info][gc,heap        ] GC(108) Survivor regions: 1->1(3)
[2024-12-17T22:17:56.053+0330][34447.579s][info][gc,heap        ] GC(108) Old regions: 19->19
[2024-12-17T22:17:56.053+0330][34447.579s][info][gc,heap        ] GC(108) Archive regions: 0->0
[2024-12-17T22:17:56.053+0330][34447.579s][info][gc,heap        ] GC(108) Humongous regions: 0->0
[2024-12-17T22:17:56.053+0330][34447.579s][info][gc,metaspace   ] GC(108) Metaspace: 87465K(88064K)->87465K(88064K) NonClass: 75470K(75776K)->75470K(75776K) Class: 11994K(12288K)->11994K(12288K)
[2024-12-17T22:17:56.053+0330][34447.579s][info][gc             ] GC(108) Pause Young (Normal) (G1 Evacuation Pause) 76M->33M(94M) 3.048ms
[2024-12-17T22:17:56.053+0330][34447.579s][info][gc,cpu         ] GC(108) User=0.00s Sys=0.00s Real=0.00s
[2024-12-17T22:27:01.380+0330][34992.888s][info][gc,start       ] GC(109) Pause Young (Normal) (G1 Evacuation Pause)
[2024-12-17T22:27:01.380+0330][34992.888s][info][gc,task        ] GC(109) Using 4 workers of 4 for evacuation
[2024-12-17T22:27:01.380+0330][34992.891s][info][gc,phases      ] GC(109)   Pre Evacuate Collection Set: 0.1ms
[2024-12-17T22:27:01.380+0330][34992.891s][info][gc,phases      ] GC(109)   Merge Heap Roots: 0.1ms
[2024-12-17T22:27:01.380+0330][34992.891s][info][gc,phases      ] GC(109)   Evacuate Collection Set: 1.1ms
[2024-12-17T22:27:01.380+0330][34992.891s][info][gc,phases      ] GC(109)   Post Evacuate Collection Set: 1.0ms
[2024-12-17T22:27:01.380+0330][34992.891s][info][gc,phases      ] GC(109)   Other: 0.3ms
[2024-12-17T22:27:01.380+0330][34992.891s][info][gc,heap        ] GC(109) Eden regions: 21->0(21)
[2024-12-17T22:27:01.380+0330][34992.891s][info][gc,heap        ] GC(109) Survivor regions: 1->1(3)
[2024-12-17T22:27:01.380+0330][34992.891s][info][gc,heap        ] GC(109) Old regions: 19->19
[2024-12-17T22:27:01.380+0330][34992.891s][info][gc,heap        ] GC(109) Archive regions: 0->0
[2024-12-17T22:27:01.380+0330][34992.891s][info][gc,heap        ] GC(109) Humongous regions: 0->0
[2024-12-17T22:27:01.380+0330][34992.891s][info][gc,metaspace   ] GC(109) Metaspace: 87465K(88064K)->87465K(88064K) NonClass: 75470K(75776K)->75470K(75776K) Class: 11994K(12288K)->11994K(12288K)
[2024-12-17T22:27:01.380+0330][34992.892s][info][gc             ] GC(109) Pause Young (Normal) (G1 Evacuation Pause) 75M->33M(94M) 3.139ms
[2024-12-17T22:27:01.380+0330][34992.892s][info][gc,cpu         ] GC(109) User=0.00s Sys=0.00s Real=0.00s
[2024-12-17T22:33:14.336+0330][35365.839s][info][gc,start       ] GC(110) Pause Young (Normal) (G1 Evacuation Pause)
[2024-12-17T22:33:14.336+0330][35365.839s][info][gc,task        ] GC(110) Using 4 workers of 4 for evacuation
[2024-12-17T22:33:14.336+0330][35365.844s][info][gc,phases      ] GC(110)   Pre Evacuate Collection Set: 0.1ms
[2024-12-17T22:33:14.336+0330][35365.844s][info][gc,phases      ] GC(110)   Merge Heap Roots: 0.1ms
[2024-12-17T22:33:14.336+0330][35365.845s][info][gc,phases      ] GC(110)   Evacuate Collection Set: 2.7ms
[2024-12-17T22:33:14.336+0330][35365.845s][info][gc,phases      ] GC(110)   Post Evacuate Collection Set: 1.9ms
[2024-12-17T22:33:14.336+0330][35365.845s][info][gc,phases      ] GC(110)   Other: 0.3ms
[2024-12-17T22:33:14.336+0330][35365.845s][info][gc,heap        ] GC(110) Eden regions: 21->0(21)
[2024-12-17T22:33:14.336+0330][35365.845s][info][gc,heap        ] GC(110) Survivor regions: 1->1(3)
[2024-12-17T22:33:14.336+0330][35365.845s][info][gc,heap        ] GC(110) Old regions: 19->19
[2024-12-17T22:33:14.336+0330][35365.845s][info][gc,heap        ] GC(110) Archive regions: 0->0
[2024-12-17T22:33:14.336+0330][35365.845s][info][gc,heap        ] GC(110) Humongous regions: 0->0
[2024-12-17T22:33:14.336+0330][35365.845s][info][gc,metaspace   ] GC(110) Metaspace: 87465K(88064K)->87465K(88064K) NonClass: 75470K(75776K)->75470K(75776K) Class: 11994K(12288K)->11994K(12288K)
[2024-12-17T22:33:14.336+0330][35365.846s][info][gc             ] GC(110) Pause Young (Normal) (G1 Evacuation Pause) 75M->34M(94M) 6.369ms
[2024-12-17T22:33:14.336+0330][35365.846s][info][gc,cpu         ] GC(110) User=0.00s Sys=0.00s Real=0.00s
[2024-12-17T22:42:19.961+0330][35911.450s][info][gc,start       ] GC(111) Pause Young (Normal) (G1 Evacuation Pause)
[2024-12-17T22:42:19.961+0330][35911.450s][info][gc,task        ] GC(111) Using 4 workers of 4 for evacuation
[2024-12-17T22:42:19.961+0330][35911.461s][info][gc,phases      ] GC(111)   Pre Evacuate Collection Set: 0.4ms
[2024-12-17T22:42:19.961+0330][35911.461s][info][gc,phases      ] GC(111)   Merge Heap Roots: 0.4ms
[2024-12-17T22:42:19.961+0330][35911.462s][info][gc,phases      ] GC(111)   Evacuate Collection Set: 5.3ms
[2024-12-17T22:42:19.961+0330][35911.462s][info][gc,phases      ] GC(111)   Post Evacuate Collection Set: 4.5ms
[2024-12-17T22:42:19.961+0330][35911.462s][info][gc,phases      ] GC(111)   Other: 0.9ms
[2024-12-17T22:42:19.961+0330][35911.462s][info][gc,heap        ] GC(111) Eden regions: 21->0(21)
[2024-12-17T22:42:19.961+0330][35911.462s][info][gc,heap        ] GC(111) Survivor regions: 1->1(3)
[2024-12-17T22:42:19.961+0330][35911.462s][info][gc,heap        ] GC(111) Old regions: 19->19
[2024-12-17T22:42:19.961+0330][35911.463s][info][gc,heap        ] GC(111) Archive regions: 0->0
[2024-12-17T22:42:19.961+0330][35911.463s][info][gc,heap        ] GC(111) Humongous regions: 0->0
[2024-12-17T22:42:19.961+0330][35911.463s][info][gc,metaspace   ] GC(111) Metaspace: 87465K(88064K)->87465K(88064K) NonClass: 75470K(75776K)->75470K(75776K) Class: 11994K(12288K)->11994K(12288K)
[2024-12-17T22:42:19.961+0330][35911.463s][info][gc             ] GC(111) Pause Young (Normal) (G1 Evacuation Pause) 76M->34M(94M) 13.239ms
[2024-12-17T22:42:19.977+0330][35911.463s][info][gc,cpu         ] GC(111) User=0.00s Sys=0.00s Real=0.02s
[2024-12-17T22:51:29.881+0330][36461.359s][info][gc,start       ] GC(112) Pause Young (Normal) (G1 Evacuation Pause)
[2024-12-17T22:51:29.881+0330][36461.359s][info][gc,task        ] GC(112) Using 4 workers of 4 for evacuation
[2024-12-17T22:51:29.881+0330][36461.361s][info][gc,phases      ] GC(112)   Pre Evacuate Collection Set: 0.1ms
[2024-12-17T22:51:29.881+0330][36461.361s][info][gc,phases      ] GC(112)   Merge Heap Roots: 0.1ms
[2024-12-17T22:51:29.881+0330][36461.361s][info][gc,phases      ] GC(112)   Evacuate Collection Set: 1.0ms
[2024-12-17T22:51:29.881+0330][36461.361s][info][gc,phases      ] GC(112)   Post Evacuate Collection Set: 0.9ms
[2024-12-17T22:51:29.881+0330][36461.361s][info][gc,phases      ] GC(112)   Other: 0.2ms
[2024-12-17T22:51:29.881+0330][36461.362s][info][gc,heap        ] GC(112) Eden regions: 21->0(21)
[2024-12-17T22:51:29.881+0330][36461.362s][info][gc,heap        ] GC(112) Survivor regions: 1->1(3)
[2024-12-17T22:51:29.881+0330][36461.362s][info][gc,heap        ] GC(112) Old regions: 19->19
[2024-12-17T22:51:29.881+0330][36461.362s][info][gc,heap        ] GC(112) Archive regions: 0->0
[2024-12-17T22:51:29.881+0330][36461.362s][info][gc,heap        ] GC(112) Humongous regions: 0->0
[2024-12-17T22:51:29.881+0330][36461.362s][info][gc,metaspace   ] GC(112) Metaspace: 87465K(88064K)->87465K(88064K) NonClass: 75470K(75776K)->75470K(75776K) Class: 11994K(12288K)->11994K(12288K)
[2024-12-17T22:51:29.881+0330][36461.362s][info][gc             ] GC(112) Pause Young (Normal) (G1 Evacuation Pause) 76M->33M(94M) 2.978ms
[2024-12-17T22:51:29.881+0330][36461.362s][info][gc,cpu         ] GC(112) User=0.00s Sys=0.00s Real=0.00s
[2024-12-17T22:59:19.211+0330][36930.680s][info][gc,start       ] GC(113) Pause Young (Normal) (G1 Evacuation Pause)
[2024-12-17T22:59:19.211+0330][36930.680s][info][gc,task        ] GC(113) Using 4 workers of 4 for evacuation
[2024-12-17T22:59:19.211+0330][36930.682s][info][gc,phases      ] GC(113)   Pre Evacuate Collection Set: 0.1ms
[2024-12-17T22:59:19.211+0330][36930.682s][info][gc,phases      ] GC(113)   Merge Heap Roots: 0.1ms
[2024-12-17T22:59:19.211+0330][36930.683s][info][gc,phases      ] GC(113)   Evacuate Collection Set: 1.1ms
[2024-12-17T22:59:19.211+0330][36930.683s][info][gc,phases      ] GC(113)   Post Evacuate Collection Set: 0.7ms
[2024-12-17T22:59:19.211+0330][36930.683s][info][gc,phases      ] GC(113)   Other: 0.3ms
[2024-12-17T22:59:19.211+0330][36930.683s][info][gc,heap        ] GC(113) Eden regions: 21->0(21)
[2024-12-17T22:59:19.211+0330][36930.683s][info][gc,heap        ] GC(113) Survivor regions: 1->1(3)
[2024-12-17T22:59:19.211+0330][36930.683s][info][gc,heap        ] GC(113) Old regions: 19->19
[2024-12-17T22:59:19.211+0330][36930.683s][info][gc,heap        ] GC(113) Archive regions: 0->0
[2024-12-17T22:59:19.211+0330][36930.683s][info][gc,heap        ] GC(113) Humongous regions: 0->0
[2024-12-17T22:59:19.211+0330][36930.683s][info][gc,metaspace   ] GC(113) Metaspace: 87465K(88064K)->87465K(88064K) NonClass: 75470K(75776K)->75470K(75776K) Class: 11994K(12288K)->11994K(12288K)
[2024-12-17T22:59:19.211+0330][36930.683s][info][gc             ] GC(113) Pause Young (Normal) (G1 Evacuation Pause) 75M->34M(94M) 2.893ms
[2024-12-17T22:59:19.211+0330][36930.683s][info][gc,cpu         ] GC(113) User=0.00s Sys=0.00s Real=0.00s
[2024-12-17T23:06:50.460+0330][37381.923s][info][gc,start       ] GC(114) Pause Young (Normal) (G1 Evacuation Pause)
[2024-12-17T23:06:50.460+0330][37381.923s][info][gc,task        ] GC(114) Using 4 workers of 4 for evacuation
[2024-12-17T23:06:50.461+0330][37381.927s][info][gc,phases      ] GC(114)   Pre Evacuate Collection Set: 1.5ms
[2024-12-17T23:06:50.461+0330][37381.927s][info][gc,phases      ] GC(114)   Merge Heap Roots: 0.1ms
[2024-12-17T23:06:50.461+0330][37381.927s][info][gc,phases      ] GC(114)   Evacuate Collection Set: 1.2ms
[2024-12-17T23:06:50.461+0330][37381.927s][info][gc,phases      ] GC(114)   Post Evacuate Collection Set: 1.0ms
[2024-12-17T23:06:50.461+0330][37381.927s][info][gc,phases      ] GC(114)   Other: 0.3ms
[2024-12-17T23:06:50.461+0330][37381.927s][info][gc,heap        ] GC(114) Eden regions: 21->0(21)
[2024-12-17T23:06:50.461+0330][37381.927s][info][gc,heap        ] GC(114) Survivor regions: 1->1(3)
[2024-12-17T23:06:50.461+0330][37381.927s][info][gc,heap        ] GC(114) Old regions: 19->19
[2024-12-17T23:06:50.461+0330][37381.927s][info][gc,heap        ] GC(114) Archive regions: 0->0
[2024-12-17T23:06:50.461+0330][37381.927s][info][gc,heap        ] GC(114) Humongous regions: 0->0
[2024-12-17T23:06:50.461+0330][37381.928s][info][gc,metaspace   ] GC(114) Metaspace: 87465K(88064K)->87465K(88064K) NonClass: 75470K(75776K)->75470K(75776K) Class: 11994K(12288K)->11994K(12288K)
[2024-12-17T23:06:50.461+0330][37381.928s][info][gc             ] GC(114) Pause Young (Normal) (G1 Evacuation Pause) 76M->34M(94M) 4.858ms
[2024-12-17T23:06:50.461+0330][37381.928s][info][gc,cpu         ] GC(114) User=0.00s Sys=0.00s Real=0.00s
[2024-12-17T23:15:58.593+0330][37930.050s][info][gc,start       ] GC(115) Pause Young (Normal) (G1 Evacuation Pause)
[2024-12-17T23:15:58.593+0330][37930.050s][info][gc,task        ] GC(115) Using 4 workers of 4 for evacuation
[2024-12-17T23:15:58.593+0330][37930.053s][info][gc,phases      ] GC(115)   Pre Evacuate Collection Set: 0.1ms
[2024-12-17T23:15:58.593+0330][37930.053s][info][gc,phases      ] GC(115)   Merge Heap Roots: 0.1ms
[2024-12-17T23:15:58.593+0330][37930.053s][info][gc,phases      ] GC(115)   Evacuate Collection Set: 1.2ms
[2024-12-17T23:15:58.593+0330][37930.053s][info][gc,phases      ] GC(115)   Post Evacuate Collection Set: 1.3ms
[2024-12-17T23:15:58.593+0330][37930.053s][info][gc,phases      ] GC(115)   Other: 0.2ms
[2024-12-17T23:15:58.593+0330][37930.053s][info][gc,heap        ] GC(115) Eden regions: 21->0(21)
[2024-12-17T23:15:58.593+0330][37930.053s][info][gc,heap        ] GC(115) Survivor regions: 1->1(3)
[2024-12-17T23:15:58.593+0330][37930.053s][info][gc,heap        ] GC(115) Old regions: 19->19
[2024-12-17T23:15:58.593+0330][37930.054s][info][gc,heap        ] GC(115) Archive regions: 0->0
[2024-12-17T23:15:58.593+0330][37930.054s][info][gc,heap        ] GC(115) Humongous regions: 0->0
[2024-12-17T23:15:58.593+0330][37930.054s][info][gc,metaspace   ] GC(115) Metaspace: 87465K(88064K)->87465K(88064K) NonClass: 75470K(75776K)->75470K(75776K) Class: 11994K(12288K)->11994K(12288K)
[2024-12-17T23:15:58.593+0330][37930.054s][info][gc             ] GC(115) Pause Young (Normal) (G1 Evacuation Pause) 76M->33M(94M) 3.597ms
[2024-12-17T23:15:58.593+0330][37930.054s][info][gc,cpu         ] GC(115) User=0.00s Sys=0.00s Real=0.00s
[2024-12-17T23:25:06.877+0330][38478.329s][info][gc,start       ] GC(116) Pause Young (Normal) (G1 Evacuation Pause)
[2024-12-17T23:25:06.877+0330][38478.329s][info][gc,task        ] GC(116) Using 4 workers of 4 for evacuation
[2024-12-17T23:25:06.877+0330][38478.332s][info][gc,phases      ] GC(116)   Pre Evacuate Collection Set: 0.1ms
[2024-12-17T23:25:06.877+0330][38478.332s][info][gc,phases      ] GC(116)   Merge Heap Roots: 0.1ms
[2024-12-17T23:25:06.877+0330][38478.332s][info][gc,phases      ] GC(116)   Evacuate Collection Set: 1.2ms
[2024-12-17T23:25:06.877+0330][38478.332s][info][gc,phases      ] GC(116)   Post Evacuate Collection Set: 0.8ms
[2024-12-17T23:25:06.877+0330][38478.332s][info][gc,phases      ] GC(116)   Other: 0.7ms
[2024-12-17T23:25:06.877+0330][38478.332s][info][gc,heap        ] GC(116) Eden regions: 21->0(21)
[2024-12-17T23:25:06.877+0330][38478.332s][info][gc,heap        ] GC(116) Survivor regions: 1->1(3)
[2024-12-17T23:25:06.877+0330][38478.332s][info][gc,heap        ] GC(116) Old regions: 19->19
[2024-12-17T23:25:06.877+0330][38478.332s][info][gc,heap        ] GC(116) Archive regions: 0->0
[2024-12-17T23:25:06.877+0330][38478.332s][info][gc,heap        ] GC(116) Humongous regions: 0->0
[2024-12-17T23:25:06.877+0330][38478.332s][info][gc,metaspace   ] GC(116) Metaspace: 87465K(88064K)->87465K(88064K) NonClass: 75470K(75776K)->75470K(75776K) Class: 11994K(12288K)->11994K(12288K)
[2024-12-17T23:25:06.877+0330][38478.333s][info][gc             ] GC(116) Pause Young (Normal) (G1 Evacuation Pause) 75M->33M(94M) 3.558ms
[2024-12-17T23:25:06.877+0330][38478.333s][info][gc,cpu         ] GC(116) User=0.00s Sys=0.00s Real=0.00s
[2024-12-17T23:31:26.369+0330][38857.821s][info][gc,start       ] GC(117) Pause Young (Normal) (G1 Evacuation Pause)
[2024-12-17T23:31:26.369+0330][38857.821s][info][gc,task        ] GC(117) Using 4 workers of 4 for evacuation
[2024-12-17T23:31:26.369+0330][38857.824s][info][gc,phases      ] GC(117)   Pre Evacuate Collection Set: 0.1ms
[2024-12-17T23:31:26.369+0330][38857.824s][info][gc,phases      ] GC(117)   Merge Heap Roots: 0.1ms
[2024-12-17T23:31:26.369+0330][38857.824s][info][gc,phases      ] GC(117)   Evacuate Collection Set: 1.3ms
[2024-12-17T23:31:26.369+0330][38857.824s][info][gc,phases      ] GC(117)   Post Evacuate Collection Set: 1.0ms
[2024-12-17T23:31:26.369+0330][38857.824s][info][gc,phases      ] GC(117)   Other: 0.3ms
[2024-12-17T23:31:26.369+0330][38857.824s][info][gc,heap        ] GC(117) Eden regions: 21->0(21)
[2024-12-17T23:31:26.369+0330][38857.824s][info][gc,heap        ] GC(117) Survivor regions: 1->1(3)
[2024-12-17T23:31:26.369+0330][38857.824s][info][gc,heap        ] GC(117) Old regions: 19->19
[2024-12-17T23:31:26.369+0330][38857.824s][info][gc,heap        ] GC(117) Archive regions: 0->0
[2024-12-17T23:31:26.369+0330][38857.824s][info][gc,heap        ] GC(117) Humongous regions: 0->0
[2024-12-17T23:31:26.369+0330][38857.825s][info][gc,metaspace   ] GC(117) Metaspace: 87466K(88064K)->87466K(88064K) NonClass: 75470K(75776K)->75470K(75776K) Class: 11995K(12288K)->11995K(12288K)
[2024-12-17T23:31:26.369+0330][38857.825s][info][gc             ] GC(117) Pause Young (Normal) (G1 Evacuation Pause) 75M->34M(94M) 3.429ms
[2024-12-17T23:31:26.369+0330][38857.825s][info][gc,cpu         ] GC(117) User=0.02s Sys=0.00s Real=0.00s
[2024-12-17T23:40:30.509+0330][39401.965s][info][gc,start       ] GC(118) Pause Young (Normal) (G1 Evacuation Pause)
[2024-12-17T23:40:30.509+0330][39401.965s][info][gc,task        ] GC(118) Using 4 workers of 4 for evacuation
[2024-12-17T23:40:30.525+0330][39401.969s][info][gc,phases      ] GC(118)   Pre Evacuate Collection Set: 0.1ms
[2024-12-17T23:40:30.525+0330][39401.969s][info][gc,phases      ] GC(118)   Merge Heap Roots: 0.1ms
[2024-12-17T23:40:30.525+0330][39401.969s][info][gc,phases      ] GC(118)   Evacuate Collection Set: 1.4ms
[2024-12-17T23:40:30.525+0330][39401.969s][info][gc,phases      ] GC(118)   Post Evacuate Collection Set: 1.0ms
[2024-12-17T23:40:30.525+0330][39401.969s][info][gc,phases      ] GC(118)   Other: 1.2ms
[2024-12-17T23:40:30.525+0330][39401.970s][info][gc,heap        ] GC(118) Eden regions: 21->0(20)
[2024-12-17T23:40:30.525+0330][39401.970s][info][gc,heap        ] GC(118) Survivor regions: 1->1(3)
[2024-12-17T23:40:30.525+0330][39401.970s][info][gc,heap        ] GC(118) Old regions: 19->20
[2024-12-17T23:40:30.525+0330][39401.970s][info][gc,heap        ] GC(118) Archive regions: 0->0
[2024-12-17T23:40:30.525+0330][39401.970s][info][gc,heap        ] GC(118) Humongous regions: 0->0
[2024-12-17T23:40:30.525+0330][39401.970s][info][gc,metaspace   ] GC(118) Metaspace: 87466K(88064K)->87466K(88064K) NonClass: 75470K(75776K)->75470K(75776K) Class: 11995K(12288K)->11995K(12288K)
[2024-12-17T23:40:30.525+0330][39401.970s][info][gc             ] GC(118) Pause Young (Normal) (G1 Evacuation Pause) 76M->34M(94M) 4.534ms
[2024-12-17T23:40:30.525+0330][39401.970s][info][gc,cpu         ] GC(118) User=0.00s Sys=0.02s Real=0.02s
[2024-12-17T23:49:11.502+0330][39922.943s][info][gc,start       ] GC(119) Pause Young (Normal) (G1 Evacuation Pause)
[2024-12-17T23:49:11.502+0330][39922.943s][info][gc,task        ] GC(119) Using 4 workers of 4 for evacuation
[2024-12-17T23:49:11.502+0330][39922.946s][info][gc,phases      ] GC(119)   Pre Evacuate Collection Set: 0.1ms
[2024-12-17T23:49:11.502+0330][39922.946s][info][gc,phases      ] GC(119)   Merge Heap Roots: 0.1ms
[2024-12-17T23:49:11.502+0330][39922.946s][info][gc,phases      ] GC(119)   Evacuate Collection Set: 1.4ms
[2024-12-17T23:49:11.502+0330][39922.946s][info][gc,phases      ] GC(119)   Post Evacuate Collection Set: 1.0ms
[2024-12-17T23:49:11.502+0330][39922.947s][info][gc,phases      ] GC(119)   Other: 0.3ms
[2024-12-17T23:49:11.502+0330][39922.947s][info][gc,heap        ] GC(119) Eden regions: 20->0(20)
[2024-12-17T23:49:11.502+0330][39922.947s][info][gc,heap        ] GC(119) Survivor regions: 1->1(3)
[2024-12-17T23:49:11.502+0330][39922.947s][info][gc,heap        ] GC(119) Old regions: 20->20
[2024-12-17T23:49:11.502+0330][39922.947s][info][gc,heap        ] GC(119) Archive regions: 0->0
[2024-12-17T23:49:11.502+0330][39922.947s][info][gc,heap        ] GC(119) Humongous regions: 0->0
[2024-12-17T23:49:11.502+0330][39922.947s][info][gc,metaspace   ] GC(119) Metaspace: 87466K(88064K)->87466K(88064K) NonClass: 75470K(75776K)->75470K(75776K) Class: 11995K(12288K)->11995K(12288K)
[2024-12-17T23:49:11.502+0330][39922.947s][info][gc             ] GC(119) Pause Young (Normal) (G1 Evacuation Pause) 74M->33M(94M) 3.652ms
[2024-12-17T23:49:11.502+0330][39922.947s][info][gc,cpu         ] GC(119) User=0.00s Sys=0.00s Real=0.00s
[2024-12-17T23:57:03.091+0330][40394.536s][info][gc,start       ] GC(120) Pause Young (Normal) (G1 Evacuation Pause)
[2024-12-17T23:57:03.091+0330][40394.536s][info][gc,task        ] GC(120) Using 4 workers of 4 for evacuation
[2024-12-17T23:57:03.091+0330][40394.541s][info][gc,phases      ] GC(120)   Pre Evacuate Collection Set: 0.1ms
[2024-12-17T23:57:03.091+0330][40394.541s][info][gc,phases      ] GC(120)   Merge Heap Roots: 0.1ms
[2024-12-17T23:57:03.091+0330][40394.541s][info][gc,phases      ] GC(120)   Evacuate Collection Set: 3.9ms
[2024-12-17T23:57:03.091+0330][40394.541s][info][gc,phases      ] GC(120)   Post Evacuate Collection Set: 0.8ms
[2024-12-17T23:57:03.091+0330][40394.541s][info][gc,phases      ] GC(120)   Other: 0.3ms
[2024-12-17T23:57:03.091+0330][40394.541s][info][gc,heap        ] GC(120) Eden regions: 20->0(20)
[2024-12-17T23:57:03.091+0330][40394.541s][info][gc,heap        ] GC(120) Survivor regions: 1->1(3)
[2024-12-17T23:57:03.091+0330][40394.541s][info][gc,heap        ] GC(120) Old regions: 20->20
[2024-12-17T23:57:03.091+0330][40394.542s][info][gc,heap        ] GC(120) Archive regions: 0->0
[2024-12-17T23:57:03.091+0330][40394.542s][info][gc,heap        ] GC(120) Humongous regions: 0->0
[2024-12-17T23:57:03.091+0330][40394.542s][info][gc,metaspace   ] GC(120) Metaspace: 87466K(88064K)->87466K(88064K) NonClass: 75470K(75776K)->75470K(75776K) Class: 11995K(12288K)->11995K(12288K)
[2024-12-17T23:57:03.091+0330][40394.542s][info][gc             ] GC(120) Pause Young (Normal) (G1 Evacuation Pause) 73M->33M(94M) 5.969ms
[2024-12-17T23:57:03.091+0330][40394.542s][info][gc,cpu         ] GC(120) User=0.02s Sys=0.00s Real=0.00s
[2024-12-18T00:03:46.056+0330][40797.497s][info][gc,start       ] GC(121) Pause Young (Normal) (G1 Evacuation Pause)
[2024-12-18T00:03:46.056+0330][40797.497s][info][gc,task        ] GC(121) Using 4 workers of 4 for evacuation
[2024-12-18T00:03:46.056+0330][40797.500s][info][gc,phases      ] GC(121)   Pre Evacuate Collection Set: 0.2ms
[2024-12-18T00:03:46.056+0330][40797.500s][info][gc,phases      ] GC(121)   Merge Heap Roots: 0.1ms
[2024-12-18T00:03:46.056+0330][40797.500s][info][gc,phases      ] GC(121)   Evacuate Collection Set: 1.5ms
[2024-12-18T00:03:46.056+0330][40797.500s][info][gc,phases      ] GC(121)   Post Evacuate Collection Set: 1.0ms
[2024-12-18T00:03:46.056+0330][40797.500s][info][gc,phases      ] GC(121)   Other: 0.3ms
[2024-12-18T00:03:46.056+0330][40797.500s][info][gc,heap        ] GC(121) Eden regions: 20->0(20)
[2024-12-18T00:03:46.056+0330][40797.500s][info][gc,heap        ] GC(121) Survivor regions: 1->1(3)
[2024-12-18T00:03:46.056+0330][40797.501s][info][gc,heap        ] GC(121) Old regions: 20->20
[2024-12-18T00:03:46.056+0330][40797.501s][info][gc,heap        ] GC(121) Archive regions: 0->0
[2024-12-18T00:03:46.056+0330][40797.501s][info][gc,heap        ] GC(121) Humongous regions: 0->0
[2024-12-18T00:03:46.056+0330][40797.501s][info][gc,metaspace   ] GC(121) Metaspace: 87466K(88064K)->87466K(88064K) NonClass: 75470K(75776K)->75470K(75776K) Class: 11995K(12288K)->11995K(12288K)
[2024-12-18T00:03:46.056+0330][40797.501s][info][gc             ] GC(121) Pause Young (Normal) (G1 Evacuation Pause) 73M->34M(94M) 3.746ms
[2024-12-18T00:03:46.056+0330][40797.501s][info][gc,cpu         ] GC(121) User=0.00s Sys=0.00s Real=0.00s
[2024-12-18T00:12:26.571+0330][41318.007s][info][gc,start       ] GC(122) Pause Young (Normal) (G1 Evacuation Pause)
[2024-12-18T00:12:26.571+0330][41318.007s][info][gc,task        ] GC(122) Using 4 workers of 4 for evacuation
[2024-12-18T00:12:26.574+0330][41318.009s][info][gc,phases      ] GC(122)   Pre Evacuate Collection Set: 0.1ms
[2024-12-18T00:12:26.574+0330][41318.010s][info][gc,phases      ] GC(122)   Merge Heap Roots: 0.1ms
[2024-12-18T00:12:26.574+0330][41318.010s][info][gc,phases      ] GC(122)   Evacuate Collection Set: 1.3ms
[2024-12-18T00:12:26.574+0330][41318.010s][info][gc,phases      ] GC(122)   Post Evacuate Collection Set: 1.1ms
[2024-12-18T00:12:26.575+0330][41318.010s][info][gc,phases      ] GC(122)   Other: 0.3ms
[2024-12-18T00:12:26.575+0330][41318.010s][info][gc,heap        ] GC(122) Eden regions: 20->0(20)
[2024-12-18T00:12:26.575+0330][41318.010s][info][gc,heap        ] GC(122) Survivor regions: 1->1(3)
[2024-12-18T00:12:26.575+0330][41318.010s][info][gc,heap        ] GC(122) Old regions: 20->20
[2024-12-18T00:12:26.575+0330][41318.010s][info][gc,heap        ] GC(122) Archive regions: 0->0
[2024-12-18T00:12:26.575+0330][41318.010s][info][gc,heap        ] GC(122) Humongous regions: 0->0
[2024-12-18T00:12:26.575+0330][41318.010s][info][gc,metaspace   ] GC(122) Metaspace: 87466K(88064K)->87466K(88064K) NonClass: 75470K(75776K)->75470K(75776K) Class: 11995K(12288K)->11995K(12288K)
[2024-12-18T00:12:26.575+0330][41318.010s][info][gc             ] GC(122) Pause Young (Normal) (G1 Evacuation Pause) 74M->34M(94M) 3.606ms
[2024-12-18T00:12:26.575+0330][41318.010s][info][gc,cpu         ] GC(122) User=0.00s Sys=0.00s Real=0.00s
[2024-12-18T00:21:05.011+0330][41836.453s][info][gc,start       ] GC(123) Pause Young (Normal) (G1 Evacuation Pause)
[2024-12-18T00:21:05.011+0330][41836.453s][info][gc,task        ] GC(123) Using 4 workers of 4 for evacuation
[2024-12-18T00:21:05.011+0330][41836.456s][info][gc,phases      ] GC(123)   Pre Evacuate Collection Set: 0.1ms
[2024-12-18T00:21:05.011+0330][41836.456s][info][gc,phases      ] GC(123)   Merge Heap Roots: 0.1ms
[2024-12-18T00:21:05.011+0330][41836.456s][info][gc,phases      ] GC(123)   Evacuate Collection Set: 1.3ms
[2024-12-18T00:21:05.011+0330][41836.456s][info][gc,phases      ] GC(123)   Post Evacuate Collection Set: 0.9ms
[2024-12-18T00:21:05.011+0330][41836.456s][info][gc,phases      ] GC(123)   Other: 0.3ms
[2024-12-18T00:21:05.011+0330][41836.456s][info][gc,heap        ] GC(123) Eden regions: 20->0(20)
[2024-12-18T00:21:05.011+0330][41836.456s][info][gc,heap        ] GC(123) Survivor regions: 1->1(3)
[2024-12-18T00:21:05.011+0330][41836.456s][info][gc,heap        ] GC(123) Old regions: 20->20
[2024-12-18T00:21:05.011+0330][41836.456s][info][gc,heap        ] GC(123) Archive regions: 0->0
[2024-12-18T00:21:05.011+0330][41836.457s][info][gc,heap        ] GC(123) Humongous regions: 0->0
[2024-12-18T00:21:05.011+0330][41836.457s][info][gc,metaspace   ] GC(123) Metaspace: 87466K(88064K)->87466K(88064K) NonClass: 75470K(75776K)->75470K(75776K) Class: 11995K(12288K)->11995K(12288K)
[2024-12-18T00:21:05.011+0330][41836.457s][info][gc             ] GC(123) Pause Young (Normal) (G1 Evacuation Pause) 74M->33M(94M) 3.396ms
[2024-12-18T00:21:05.011+0330][41836.457s][info][gc,cpu         ] GC(123) User=0.00s Sys=0.02s Real=0.00s
[2024-12-18T00:28:19.285+0330][42270.728s][info][gc,start       ] GC(124) Pause Young (Normal) (G1 Evacuation Pause)
[2024-12-18T00:28:19.285+0330][42270.728s][info][gc,task        ] GC(124) Using 4 workers of 4 for evacuation
[2024-12-18T00:28:19.285+0330][42270.731s][info][gc,phases      ] GC(124)   Pre Evacuate Collection Set: 0.1ms
[2024-12-18T00:28:19.285+0330][42270.732s][info][gc,phases      ] GC(124)   Merge Heap Roots: 0.1ms
[2024-12-18T00:28:19.285+0330][42270.732s][info][gc,phases      ] GC(124)   Evacuate Collection Set: 2.3ms
[2024-12-18T00:28:19.285+0330][42270.732s][info][gc,phases      ] GC(124)   Post Evacuate Collection Set: 1.2ms
[2024-12-18T00:28:19.285+0330][42270.732s][info][gc,phases      ] GC(124)   Other: 0.3ms
[2024-12-18T00:28:19.285+0330][42270.732s][info][gc,heap        ] GC(124) Eden regions: 20->0(20)
[2024-12-18T00:28:19.285+0330][42270.732s][info][gc,heap        ] GC(124) Survivor regions: 1->1(3)
[2024-12-18T00:28:19.285+0330][42270.732s][info][gc,heap        ] GC(124) Old regions: 20->20
[2024-12-18T00:28:19.285+0330][42270.732s][info][gc,heap        ] GC(124) Archive regions: 0->0
[2024-12-18T00:28:19.285+0330][42270.732s][info][gc,heap        ] GC(124) Humongous regions: 0->0
[2024-12-18T00:28:19.285+0330][42270.732s][info][gc,metaspace   ] GC(124) Metaspace: 87466K(88064K)->87466K(88064K) NonClass: 75470K(75776K)->75470K(75776K) Class: 11995K(12288K)->11995K(12288K)
[2024-12-18T00:28:19.285+0330][42270.733s][info][gc             ] GC(124) Pause Young (Normal) (G1 Evacuation Pause) 73M->33M(94M) 5.046ms
[2024-12-18T00:28:19.285+0330][42270.733s][info][gc,cpu         ] GC(124) User=0.00s Sys=0.00s Real=0.00s
[2024-12-18T00:35:35.640+0330][42707.072s][info][gc,start       ] GC(125) Pause Young (Normal) (G1 Evacuation Pause)
[2024-12-18T00:35:35.640+0330][42707.072s][info][gc,task        ] GC(125) Using 4 workers of 4 for evacuation
[2024-12-18T00:35:35.640+0330][42707.075s][info][gc,phases      ] GC(125)   Pre Evacuate Collection Set: 0.1ms
[2024-12-18T00:35:35.640+0330][42707.075s][info][gc,phases      ] GC(125)   Merge Heap Roots: 0.1ms
[2024-12-18T00:35:35.640+0330][42707.075s][info][gc,phases      ] GC(125)   Evacuate Collection Set: 1.5ms
[2024-12-18T00:35:35.640+0330][42707.075s][info][gc,phases      ] GC(125)   Post Evacuate Collection Set: 0.9ms
[2024-12-18T00:35:35.640+0330][42707.075s][info][gc,phases      ] GC(125)   Other: 0.3ms
[2024-12-18T00:35:35.640+0330][42707.075s][info][gc,heap        ] GC(125) Eden regions: 20->0(20)
[2024-12-18T00:35:35.640+0330][42707.075s][info][gc,heap        ] GC(125) Survivor regions: 1->1(3)
[2024-12-18T00:35:35.640+0330][42707.075s][info][gc,heap        ] GC(125) Old regions: 20->20
[2024-12-18T00:35:35.640+0330][42707.075s][info][gc,heap        ] GC(125) Archive regions: 0->0
[2024-12-18T00:35:35.640+0330][42707.075s][info][gc,heap        ] GC(125) Humongous regions: 0->0
[2024-12-18T00:35:35.640+0330][42707.075s][info][gc,metaspace   ] GC(125) Metaspace: 87466K(88064K)->87466K(88064K) NonClass: 75470K(75776K)->75470K(75776K) Class: 11995K(12288K)->11995K(12288K)
[2024-12-18T00:35:35.640+0330][42707.075s][info][gc             ] GC(125) Pause Young (Normal) (G1 Evacuation Pause) 73M->34M(94M) 3.644ms
[2024-12-18T00:35:35.640+0330][42707.075s][info][gc,cpu         ] GC(125) User=0.00s Sys=0.00s Real=0.00s
[2024-12-18T00:44:14.017+0330][43225.453s][info][gc,start       ] GC(126) Pause Young (Normal) (G1 Evacuation Pause)
[2024-12-18T00:44:14.017+0330][43225.454s][info][gc,task        ] GC(126) Using 4 workers of 4 for evacuation
[2024-12-18T00:44:14.017+0330][43225.456s][info][gc,phases      ] GC(126)   Pre Evacuate Collection Set: 0.2ms
[2024-12-18T00:44:14.017+0330][43225.456s][info][gc,phases      ] GC(126)   Merge Heap Roots: 0.1ms
[2024-12-18T00:44:14.017+0330][43225.456s][info][gc,phases      ] GC(126)   Evacuate Collection Set: 1.0ms
[2024-12-18T00:44:14.017+0330][43225.456s][info][gc,phases      ] GC(126)   Post Evacuate Collection Set: 0.9ms
[2024-12-18T00:44:14.017+0330][43225.456s][info][gc,phases      ] GC(126)   Other: 0.3ms
[2024-12-18T00:44:14.017+0330][43225.456s][info][gc,heap        ] GC(126) Eden regions: 20->0(20)
[2024-12-18T00:44:14.017+0330][43225.456s][info][gc,heap        ] GC(126) Survivor regions: 1->1(3)
[2024-12-18T00:44:14.017+0330][43225.456s][info][gc,heap        ] GC(126) Old regions: 20->20
[2024-12-18T00:44:14.017+0330][43225.456s][info][gc,heap        ] GC(126) Archive regions: 0->0
[2024-12-18T00:44:14.017+0330][43225.456s][info][gc,heap        ] GC(126) Humongous regions: 0->0
[2024-12-18T00:44:14.017+0330][43225.456s][info][gc,metaspace   ] GC(126) Metaspace: 87466K(88064K)->87466K(88064K) NonClass: 75470K(75776K)->75470K(75776K) Class: 11995K(12288K)->11995K(12288K)
[2024-12-18T00:44:14.017+0330][43225.457s][info][gc             ] GC(126) Pause Young (Normal) (G1 Evacuation Pause) 74M->33M(94M) 3.026ms
[2024-12-18T00:44:14.017+0330][43225.457s][info][gc,cpu         ] GC(126) User=0.00s Sys=0.00s Real=0.00s
[2024-12-18T00:52:57.023+0330][43748.458s][info][gc,start       ] GC(127) Pause Young (Normal) (G1 Evacuation Pause)
[2024-12-18T00:52:57.023+0330][43748.458s][info][gc,task        ] GC(127) Using 4 workers of 4 for evacuation
[2024-12-18T00:52:57.023+0330][43748.460s][info][gc,phases      ] GC(127)   Pre Evacuate Collection Set: 0.1ms
[2024-12-18T00:52:57.023+0330][43748.460s][info][gc,phases      ] GC(127)   Merge Heap Roots: 0.1ms
[2024-12-18T00:52:57.023+0330][43748.460s][info][gc,phases      ] GC(127)   Evacuate Collection Set: 1.1ms
[2024-12-18T00:52:57.023+0330][43748.460s][info][gc,phases      ] GC(127)   Post Evacuate Collection Set: 0.8ms
[2024-12-18T00:52:57.023+0330][43748.460s][info][gc,phases      ] GC(127)   Other: 0.3ms
[2024-12-18T00:52:57.023+0330][43748.460s][info][gc,heap        ] GC(127) Eden regions: 20->0(20)
[2024-12-18T00:52:57.023+0330][43748.460s][info][gc,heap        ] GC(127) Survivor regions: 1->1(3)
[2024-12-18T00:52:57.023+0330][43748.461s][info][gc,heap        ] GC(127) Old regions: 20->20
[2024-12-18T00:52:57.023+0330][43748.461s][info][gc,heap        ] GC(127) Archive regions: 0->0
[2024-12-18T00:52:57.023+0330][43748.461s][info][gc,heap        ] GC(127) Humongous regions: 0->0
[2024-12-18T00:52:57.023+0330][43748.461s][info][gc,metaspace   ] GC(127) Metaspace: 87466K(88064K)->87466K(88064K) NonClass: 75470K(75776K)->75470K(75776K) Class: 11995K(12288K)->11995K(12288K)
[2024-12-18T00:52:57.023+0330][43748.461s][info][gc             ] GC(127) Pause Young (Normal) (G1 Evacuation Pause) 73M->33M(94M) 3.099ms
[2024-12-18T00:52:57.023+0330][43748.461s][info][gc,cpu         ] GC(127) User=0.03s Sys=0.00s Real=0.00s
[2024-12-18T00:59:08.221+0330][44119.651s][info][gc,start       ] GC(128) Pause Young (Normal) (G1 Evacuation Pause)
[2024-12-18T00:59:08.221+0330][44119.651s][info][gc,task        ] GC(128) Using 4 workers of 4 for evacuation
[2024-12-18T00:59:08.221+0330][44119.653s][info][gc,phases      ] GC(128)   Pre Evacuate Collection Set: 0.1ms
[2024-12-18T00:59:08.221+0330][44119.653s][info][gc,phases      ] GC(128)   Merge Heap Roots: 0.1ms
[2024-12-18T00:59:08.221+0330][44119.653s][info][gc,phases      ] GC(128)   Evacuate Collection Set: 1.0ms
[2024-12-18T00:59:08.221+0330][44119.653s][info][gc,phases      ] GC(128)   Post Evacuate Collection Set: 0.8ms
[2024-12-18T00:59:08.221+0330][44119.653s][info][gc,phases      ] GC(128)   Other: 0.3ms
[2024-12-18T00:59:08.221+0330][44119.654s][info][gc,heap        ] GC(128) Eden regions: 20->0(20)
[2024-12-18T00:59:08.221+0330][44119.654s][info][gc,heap        ] GC(128) Survivor regions: 1->1(3)
[2024-12-18T00:59:08.221+0330][44119.654s][info][gc,heap        ] GC(128) Old regions: 20->20
[2024-12-18T00:59:08.221+0330][44119.654s][info][gc,heap        ] GC(128) Archive regions: 0->0
[2024-12-18T00:59:08.221+0330][44119.654s][info][gc,heap        ] GC(128) Humongous regions: 0->0
[2024-12-18T00:59:08.221+0330][44119.654s][info][gc,metaspace   ] GC(128) Metaspace: 87466K(88064K)->87466K(88064K) NonClass: 75470K(75776K)->75470K(75776K) Class: 11995K(12288K)->11995K(12288K)
[2024-12-18T00:59:08.221+0330][44119.654s][info][gc             ] GC(128) Pause Young (Normal) (G1 Evacuation Pause) 73M->34M(94M) 2.977ms
[2024-12-18T00:59:08.221+0330][44119.654s][info][gc,cpu         ] GC(128) User=0.00s Sys=0.00s Real=0.00s
[2024-12-18T01:07:29.524+0330][44620.953s][info][gc,start       ] GC(129) Pause Young (Normal) (G1 Evacuation Pause)
[2024-12-18T01:07:29.524+0330][44620.953s][info][gc,task        ] GC(129) Using 4 workers of 4 for evacuation
[2024-12-18T01:07:29.526+0330][44620.956s][info][gc,phases      ] GC(129)   Pre Evacuate Collection Set: 0.1ms
[2024-12-18T01:07:29.526+0330][44620.956s][info][gc,phases      ] GC(129)   Merge Heap Roots: 0.1ms
[2024-12-18T01:07:29.526+0330][44620.956s][info][gc,phases      ] GC(129)   Evacuate Collection Set: 1.5ms
[2024-12-18T01:07:29.526+0330][44620.956s][info][gc,phases      ] GC(129)   Post Evacuate Collection Set: 1.0ms
[2024-12-18T01:07:29.526+0330][44620.956s][info][gc,phases      ] GC(129)   Other: 0.3ms
[2024-12-18T01:07:29.526+0330][44620.956s][info][gc,heap        ] GC(129) Eden regions: 20->0(20)
[2024-12-18T01:07:29.526+0330][44620.956s][info][gc,heap        ] GC(129) Survivor regions: 1->1(3)
[2024-12-18T01:07:29.526+0330][44620.956s][info][gc,heap        ] GC(129) Old regions: 20->20
[2024-12-18T01:07:29.526+0330][44620.956s][info][gc,heap        ] GC(129) Archive regions: 0->0
[2024-12-18T01:07:29.526+0330][44620.956s][info][gc,heap        ] GC(129) Humongous regions: 0->0
[2024-12-18T01:07:29.526+0330][44620.956s][info][gc,metaspace   ] GC(129) Metaspace: 87466K(88064K)->87466K(88064K) NonClass: 75470K(75776K)->75470K(75776K) Class: 11995K(12288K)->11995K(12288K)
[2024-12-18T01:07:29.526+0330][44620.957s][info][gc             ] GC(129) Pause Young (Normal) (G1 Evacuation Pause) 74M->34M(94M) 3.686ms
[2024-12-18T01:07:29.526+0330][44620.957s][info][gc,cpu         ] GC(129) User=0.00s Sys=0.00s Real=0.00s
[2024-12-18T01:16:11.640+0330][45143.068s][info][gc,start       ] GC(130) Pause Young (Normal) (G1 Evacuation Pause)
[2024-12-18T01:16:11.640+0330][45143.068s][info][gc,task        ] GC(130) Using 4 workers of 4 for evacuation
[2024-12-18T01:16:11.640+0330][45143.071s][info][gc,phases      ] GC(130)   Pre Evacuate Collection Set: 0.1ms
[2024-12-18T01:16:11.640+0330][45143.071s][info][gc,phases      ] GC(130)   Merge Heap Roots: 0.1ms
[2024-12-18T01:16:11.640+0330][45143.071s][info][gc,phases      ] GC(130)   Evacuate Collection Set: 1.0ms
[2024-12-18T01:16:11.640+0330][45143.071s][info][gc,phases      ] GC(130)   Post Evacuate Collection Set: 1.0ms
[2024-12-18T01:16:11.640+0330][45143.071s][info][gc,phases      ] GC(130)   Other: 0.3ms
[2024-12-18T01:16:11.640+0330][45143.071s][info][gc,heap        ] GC(130) Eden regions: 20->0(20)
[2024-12-18T01:16:11.640+0330][45143.071s][info][gc,heap        ] GC(130) Survivor regions: 1->1(3)
[2024-12-18T01:16:11.640+0330][45143.071s][info][gc,heap        ] GC(130) Old regions: 20->20
[2024-12-18T01:16:11.640+0330][45143.071s][info][gc,heap        ] GC(130) Archive regions: 0->0
[2024-12-18T01:16:11.640+0330][45143.071s][info][gc,heap        ] GC(130) Humongous regions: 0->0
[2024-12-18T01:16:11.640+0330][45143.071s][info][gc,metaspace   ] GC(130) Metaspace: 87466K(88064K)->87466K(88064K) NonClass: 75470K(75776K)->75470K(75776K) Class: 11995K(12288K)->11995K(12288K)
[2024-12-18T01:16:11.640+0330][45143.071s][info][gc             ] GC(130) Pause Young (Normal) (G1 Evacuation Pause) 74M->33M(94M) 3.292ms
[2024-12-18T01:16:11.640+0330][45143.071s][info][gc,cpu         ] GC(130) User=0.00s Sys=0.00s Real=0.00s
[2024-12-18T01:24:56.151+0330][45667.579s][info][gc,start       ] GC(131) Pause Young (Normal) (G1 Evacuation Pause)
[2024-12-18T01:24:56.151+0330][45667.579s][info][gc,task        ] GC(131) Using 4 workers of 4 for evacuation
[2024-12-18T01:24:56.155+0330][45667.582s][info][gc,phases      ] GC(131)   Pre Evacuate Collection Set: 0.1ms
[2024-12-18T01:24:56.155+0330][45667.582s][info][gc,phases      ] GC(131)   Merge Heap Roots: 0.1ms
[2024-12-18T01:24:56.155+0330][45667.582s][info][gc,phases      ] GC(131)   Evacuate Collection Set: 1.4ms
[2024-12-18T01:24:56.155+0330][45667.582s][info][gc,phases      ] GC(131)   Post Evacuate Collection Set: 1.0ms
[2024-12-18T01:24:56.155+0330][45667.583s][info][gc,phases      ] GC(131)   Other: 0.4ms
[2024-12-18T01:24:56.155+0330][45667.583s][info][gc,heap        ] GC(131) Eden regions: 20->0(20)
[2024-12-18T01:24:56.155+0330][45667.583s][info][gc,heap        ] GC(131) Survivor regions: 1->1(3)
[2024-12-18T01:24:56.156+0330][45667.583s][info][gc,heap        ] GC(131) Old regions: 20->20
[2024-12-18T01:24:56.156+0330][45667.583s][info][gc,heap        ] GC(131) Archive regions: 0->0
[2024-12-18T01:24:56.156+0330][45667.583s][info][gc,heap        ] GC(131) Humongous regions: 0->0
[2024-12-18T01:24:56.157+0330][45667.584s][info][gc,metaspace   ] GC(131) Metaspace: 87466K(88064K)->87466K(88064K) NonClass: 75470K(75776K)->75470K(75776K) Class: 11995K(12288K)->11995K(12288K)
[2024-12-18T01:24:56.157+0330][45667.584s][info][gc             ] GC(131) Pause Young (Normal) (G1 Evacuation Pause) 73M->33M(94M) 4.685ms
[2024-12-18T01:24:56.157+0330][45667.584s][info][gc,cpu         ] GC(131) User=0.00s Sys=0.00s Real=0.01s
[2024-12-18T01:30:45.172+0330][46016.602s][info][gc,start       ] GC(132) Pause Young (Normal) (G1 Evacuation Pause)
[2024-12-18T01:30:45.172+0330][46016.602s][info][gc,task        ] GC(132) Using 4 workers of 4 for evacuation
[2024-12-18T01:30:45.175+0330][46016.606s][info][gc,phases      ] GC(132)   Pre Evacuate Collection Set: 0.1ms
[2024-12-18T01:30:45.175+0330][46016.606s][info][gc,phases      ] GC(132)   Merge Heap Roots: 0.1ms
[2024-12-18T01:30:45.175+0330][46016.607s][info][gc,phases      ] GC(132)   Evacuate Collection Set: 2.8ms
[2024-12-18T01:30:45.175+0330][46016.607s][info][gc,phases      ] GC(132)   Post Evacuate Collection Set: 1.3ms
[2024-12-18T01:30:45.175+0330][46016.607s][info][gc,phases      ] GC(132)   Other: 0.3ms
[2024-12-18T01:30:45.175+0330][46016.607s][info][gc,heap        ] GC(132) Eden regions: 20->0(20)
[2024-12-18T01:30:45.175+0330][46016.607s][info][gc,heap        ] GC(132) Survivor regions: 1->1(3)
[2024-12-18T01:30:45.175+0330][46016.607s][info][gc,heap        ] GC(132) Old regions: 20->20
[2024-12-18T01:30:45.175+0330][46016.607s][info][gc,heap        ] GC(132) Archive regions: 0->0
[2024-12-18T01:30:45.175+0330][46016.607s][info][gc,heap        ] GC(132) Humongous regions: 0->0
[2024-12-18T01:30:45.175+0330][46016.607s][info][gc,metaspace   ] GC(132) Metaspace: 87466K(88064K)->87466K(88064K) NonClass: 75470K(75776K)->75470K(75776K) Class: 11995K(12288K)->11995K(12288K)
[2024-12-18T01:30:45.175+0330][46016.607s][info][gc             ] GC(132) Pause Young (Normal) (G1 Evacuation Pause) 73M->34M(94M) 5.372ms
[2024-12-18T01:30:45.175+0330][46016.607s][info][gc,cpu         ] GC(132) User=0.00s Sys=0.02s Real=0.00s
[2024-12-18T01:39:26.056+0330][46537.485s][info][gc,start       ] GC(133) Pause Young (Normal) (G1 Evacuation Pause)
[2024-12-18T01:39:26.056+0330][46537.485s][info][gc,task        ] GC(133) Using 4 workers of 4 for evacuation
[2024-12-18T01:39:26.056+0330][46537.487s][info][gc,phases      ] GC(133)   Pre Evacuate Collection Set: 0.1ms
[2024-12-18T01:39:26.056+0330][46537.487s][info][gc,phases      ] GC(133)   Merge Heap Roots: 0.1ms
[2024-12-18T01:39:26.056+0330][46537.487s][info][gc,phases      ] GC(133)   Evacuate Collection Set: 0.9ms
[2024-12-18T01:39:26.056+0330][46537.487s][info][gc,phases      ] GC(133)   Post Evacuate Collection Set: 0.9ms
[2024-12-18T01:39:26.056+0330][46537.487s][info][gc,phases      ] GC(133)   Other: 0.3ms
[2024-12-18T01:39:26.056+0330][46537.487s][info][gc,heap        ] GC(133) Eden regions: 20->0(20)
[2024-12-18T01:39:26.056+0330][46537.487s][info][gc,heap        ] GC(133) Survivor regions: 1->1(3)
[2024-12-18T01:39:26.056+0330][46537.487s][info][gc,heap        ] GC(133) Old regions: 20->20
[2024-12-18T01:39:26.056+0330][46537.487s][info][gc,heap        ] GC(133) Archive regions: 0->0
[2024-12-18T01:39:26.056+0330][46537.487s][info][gc,heap        ] GC(133) Humongous regions: 0->0
[2024-12-18T01:39:26.056+0330][46537.487s][info][gc,metaspace   ] GC(133) Metaspace: 87466K(88064K)->87466K(88064K) NonClass: 75470K(75776K)->75470K(75776K) Class: 11995K(12288K)->11995K(12288K)
[2024-12-18T01:39:26.056+0330][46537.487s][info][gc             ] GC(133) Pause Young (Normal) (G1 Evacuation Pause) 74M->34M(94M) 2.883ms
[2024-12-18T01:39:26.056+0330][46537.487s][info][gc,cpu         ] GC(133) User=0.00s Sys=0.00s Real=0.00s
[2024-12-18T01:48:07.703+0330][47059.131s][info][gc,start       ] GC(134) Pause Young (Normal) (G1 Evacuation Pause)
[2024-12-18T01:48:07.703+0330][47059.131s][info][gc,task        ] GC(134) Using 4 workers of 4 for evacuation
[2024-12-18T01:48:07.703+0330][47059.135s][info][gc,phases      ] GC(134)   Pre Evacuate Collection Set: 0.8ms
[2024-12-18T01:48:07.703+0330][47059.135s][info][gc,phases      ] GC(134)   Merge Heap Roots: 0.1ms
[2024-12-18T01:48:07.703+0330][47059.135s][info][gc,phases      ] GC(134)   Evacuate Collection Set: 1.8ms
[2024-12-18T01:48:07.703+0330][47059.135s][info][gc,phases      ] GC(134)   Post Evacuate Collection Set: 1.0ms
[2024-12-18T01:48:07.703+0330][47059.135s][info][gc,phases      ] GC(134)   Other: 0.3ms
[2024-12-18T01:48:07.703+0330][47059.135s][info][gc,heap        ] GC(134) Eden regions: 20->0(20)
[2024-12-18T01:48:07.703+0330][47059.135s][info][gc,heap        ] GC(134) Survivor regions: 1->1(3)
[2024-12-18T01:48:07.703+0330][47059.135s][info][gc,heap        ] GC(134) Old regions: 20->20
[2024-12-18T01:48:07.703+0330][47059.135s][info][gc,heap        ] GC(134) Archive regions: 0->0
[2024-12-18T01:48:07.703+0330][47059.135s][info][gc,heap        ] GC(134) Humongous regions: 0->0
[2024-12-18T01:48:07.703+0330][47059.135s][info][gc,metaspace   ] GC(134) Metaspace: 87466K(88064K)->87466K(88064K) NonClass: 75470K(75776K)->75470K(75776K) Class: 11995K(12288K)->11995K(12288K)
[2024-12-18T01:48:07.703+0330][47059.135s][info][gc             ] GC(134) Pause Young (Normal) (G1 Evacuation Pause) 74M->33M(94M) 4.489ms
[2024-12-18T01:48:07.703+0330][47059.135s][info][gc,cpu         ] GC(134) User=0.00s Sys=0.00s Real=0.00s
[2024-12-18T01:55:44.239+0330][47515.670s][info][gc,start       ] GC(135) Pause Young (Normal) (G1 Evacuation Pause)
[2024-12-18T01:55:44.239+0330][47515.671s][info][gc,task        ] GC(135) Using 4 workers of 4 for evacuation
[2024-12-18T01:55:44.239+0330][47515.674s][info][gc,phases      ] GC(135)   Pre Evacuate Collection Set: 0.1ms
[2024-12-18T01:55:44.239+0330][47515.674s][info][gc,phases      ] GC(135)   Merge Heap Roots: 0.1ms
[2024-12-18T01:55:44.239+0330][47515.674s][info][gc,phases      ] GC(135)   Evacuate Collection Set: 1.9ms
[2024-12-18T01:55:44.239+0330][47515.674s][info][gc,phases      ] GC(135)   Post Evacuate Collection Set: 0.9ms
[2024-12-18T01:55:44.239+0330][47515.674s][info][gc,phases      ] GC(135)   Other: 0.3ms
[2024-12-18T01:55:44.239+0330][47515.674s][info][gc,heap        ] GC(135) Eden regions: 20->0(20)
[2024-12-18T01:55:44.239+0330][47515.674s][info][gc,heap        ] GC(135) Survivor regions: 1->1(3)
[2024-12-18T01:55:44.239+0330][47515.674s][info][gc,heap        ] GC(135) Old regions: 20->20
[2024-12-18T01:55:44.239+0330][47515.674s][info][gc,heap        ] GC(135) Archive regions: 0->0
[2024-12-18T01:55:44.239+0330][47515.674s][info][gc,heap        ] GC(135) Humongous regions: 0->0
[2024-12-18T01:55:44.239+0330][47515.674s][info][gc,metaspace   ] GC(135) Metaspace: 87466K(88064K)->87466K(88064K) NonClass: 75470K(75776K)->75470K(75776K) Class: 11995K(12288K)->11995K(12288K)
[2024-12-18T01:55:44.239+0330][47515.674s][info][gc             ] GC(135) Pause Young (Normal) (G1 Evacuation Pause) 73M->34M(94M) 3.999ms
[2024-12-18T01:55:44.239+0330][47515.675s][info][gc,cpu         ] GC(135) User=0.00s Sys=0.00s Real=0.00s
[2024-12-18T02:02:42.413+0330][47933.843s][info][gc,start       ] GC(136) Pause Young (Normal) (G1 Evacuation Pause)
[2024-12-18T02:02:42.413+0330][47933.844s][info][gc,task        ] GC(136) Using 4 workers of 4 for evacuation
[2024-12-18T02:02:42.413+0330][47933.846s][info][gc,phases      ] GC(136)   Pre Evacuate Collection Set: 0.1ms
[2024-12-18T02:02:42.413+0330][47933.846s][info][gc,phases      ] GC(136)   Merge Heap Roots: 0.1ms
[2024-12-18T02:02:42.413+0330][47933.846s][info][gc,phases      ] GC(136)   Evacuate Collection Set: 1.1ms
[2024-12-18T02:02:42.413+0330][47933.846s][info][gc,phases      ] GC(136)   Post Evacuate Collection Set: 1.0ms
[2024-12-18T02:02:42.413+0330][47933.846s][info][gc,phases      ] GC(136)   Other: 0.4ms
[2024-12-18T02:02:42.413+0330][47933.846s][info][gc,heap        ] GC(136) Eden regions: 20->0(20)
[2024-12-18T02:02:42.413+0330][47933.846s][info][gc,heap        ] GC(136) Survivor regions: 1->1(3)
[2024-12-18T02:02:42.413+0330][47933.846s][info][gc,heap        ] GC(136) Old regions: 20->20
[2024-12-18T02:02:42.413+0330][47933.847s][info][gc,heap        ] GC(136) Archive regions: 0->0
[2024-12-18T02:02:42.413+0330][47933.847s][info][gc,heap        ] GC(136) Humongous regions: 0->0
[2024-12-18T02:02:42.413+0330][47933.847s][info][gc,metaspace   ] GC(136) Metaspace: 87466K(88064K)->87466K(88064K) NonClass: 75470K(75776K)->75470K(75776K) Class: 11995K(12288K)->11995K(12288K)
[2024-12-18T02:02:42.413+0330][47933.847s][info][gc             ] GC(136) Pause Young (Normal) (G1 Evacuation Pause) 74M->34M(94M) 3.269ms
[2024-12-18T02:02:42.413+0330][47933.847s][info][gc,cpu         ] GC(136) User=0.00s Sys=0.00s Real=0.00s
[2024-12-18T02:11:25.015+0330][48456.442s][info][gc,start       ] GC(137) Pause Young (Normal) (G1 Evacuation Pause)
[2024-12-18T02:11:25.015+0330][48456.442s][info][gc,task        ] GC(137) Using 4 workers of 4 for evacuation
[2024-12-18T02:11:25.015+0330][48456.445s][info][gc,phases      ] GC(137)   Pre Evacuate Collection Set: 0.1ms
[2024-12-18T02:11:25.015+0330][48456.445s][info][gc,phases      ] GC(137)   Merge Heap Roots: 0.1ms
[2024-12-18T02:11:25.015+0330][48456.445s][info][gc,phases      ] GC(137)   Evacuate Collection Set: 1.4ms
[2024-12-18T02:11:25.015+0330][48456.445s][info][gc,phases      ] GC(137)   Post Evacuate Collection Set: 1.2ms
[2024-12-18T02:11:25.015+0330][48456.446s][info][gc,phases      ] GC(137)   Other: 0.3ms
[2024-12-18T02:11:25.015+0330][48456.446s][info][gc,heap        ] GC(137) Eden regions: 20->0(20)
[2024-12-18T02:11:25.015+0330][48456.446s][info][gc,heap        ] GC(137) Survivor regions: 1->1(3)
[2024-12-18T02:11:25.015+0330][48456.446s][info][gc,heap        ] GC(137) Old regions: 20->20
[2024-12-18T02:11:25.015+0330][48456.446s][info][gc,heap        ] GC(137) Archive regions: 0->0
[2024-12-18T02:11:25.015+0330][48456.446s][info][gc,heap        ] GC(137) Humongous regions: 0->0
[2024-12-18T02:11:25.015+0330][48456.446s][info][gc,metaspace   ] GC(137) Metaspace: 87466K(88064K)->87466K(88064K) NonClass: 75470K(75776K)->75470K(75776K) Class: 11995K(12288K)->11995K(12288K)
[2024-12-18T02:11:25.015+0330][48456.446s][info][gc             ] GC(137) Pause Young (Normal) (G1 Evacuation Pause) 74M->33M(94M) 3.690ms
[2024-12-18T02:11:25.015+0330][48456.446s][info][gc,cpu         ] GC(137) User=0.00s Sys=0.00s Real=0.00s
[2024-12-18T02:20:06.020+0330][48977.447s][info][gc,start       ] GC(138) Pause Young (Normal) (G1 Evacuation Pause)
[2024-12-18T02:20:06.020+0330][48977.447s][info][gc,task        ] GC(138) Using 4 workers of 4 for evacuation
[2024-12-18T02:20:06.020+0330][48977.450s][info][gc,phases      ] GC(138)   Pre Evacuate Collection Set: 0.1ms
[2024-12-18T02:20:06.020+0330][48977.450s][info][gc,phases      ] GC(138)   Merge Heap Roots: 0.1ms
[2024-12-18T02:20:06.020+0330][48977.450s][info][gc,phases      ] GC(138)   Evacuate Collection Set: 1.4ms
[2024-12-18T02:20:06.020+0330][48977.450s][info][gc,phases      ] GC(138)   Post Evacuate Collection Set: 1.0ms
[2024-12-18T02:20:06.020+0330][48977.450s][info][gc,phases      ] GC(138)   Other: 0.3ms
[2024-12-18T02:20:06.020+0330][48977.450s][info][gc,heap        ] GC(138) Eden regions: 20->0(20)
[2024-12-18T02:20:06.020+0330][48977.450s][info][gc,heap        ] GC(138) Survivor regions: 1->1(3)
[2024-12-18T02:20:06.020+0330][48977.450s][info][gc,heap        ] GC(138) Old regions: 20->20
[2024-12-18T02:20:06.020+0330][48977.450s][info][gc,heap        ] GC(138) Archive regions: 0->0
[2024-12-18T02:20:06.020+0330][48977.450s][info][gc,heap        ] GC(138) Humongous regions: 0->0
[2024-12-18T02:20:06.020+0330][48977.450s][info][gc,metaspace   ] GC(138) Metaspace: 87466K(88064K)->87466K(88064K) NonClass: 75470K(75776K)->75470K(75776K) Class: 11995K(12288K)->11995K(12288K)
[2024-12-18T02:20:06.020+0330][48977.450s][info][gc             ] GC(138) Pause Young (Normal) (G1 Evacuation Pause) 73M->33M(94M) 3.585ms
[2024-12-18T02:20:06.020+0330][48977.451s][info][gc,cpu         ] GC(138) User=0.00s Sys=0.00s Real=0.00s
[2024-12-18T02:27:06.823+0330][49398.249s][info][gc,start       ] GC(139) Pause Young (Normal) (G1 Evacuation Pause)
[2024-12-18T02:27:06.823+0330][49398.249s][info][gc,task        ] GC(139) Using 4 workers of 4 for evacuation
[2024-12-18T02:27:06.823+0330][49398.253s][info][gc,phases      ] GC(139)   Pre Evacuate Collection Set: 0.1ms
[2024-12-18T02:27:06.823+0330][49398.253s][info][gc,phases      ] GC(139)   Merge Heap Roots: 0.1ms
[2024-12-18T02:27:06.823+0330][49398.253s][info][gc,phases      ] GC(139)   Evacuate Collection Set: 1.3ms
[2024-12-18T02:27:06.823+0330][49398.253s][info][gc,phases      ] GC(139)   Post Evacuate Collection Set: 1.1ms
[2024-12-18T02:27:06.823+0330][49398.253s][info][gc,phases      ] GC(139)   Other: 1.1ms
[2024-12-18T02:27:06.823+0330][49398.253s][info][gc,heap        ] GC(139) Eden regions: 20->0(20)
[2024-12-18T02:27:06.823+0330][49398.253s][info][gc,heap        ] GC(139) Survivor regions: 1->1(3)
[2024-12-18T02:27:06.823+0330][49398.253s][info][gc,heap        ] GC(139) Old regions: 20->20
[2024-12-18T02:27:06.823+0330][49398.253s][info][gc,heap        ] GC(139) Archive regions: 0->0
[2024-12-18T02:27:06.823+0330][49398.253s][info][gc,heap        ] GC(139) Humongous regions: 0->0
[2024-12-18T02:27:06.823+0330][49398.253s][info][gc,metaspace   ] GC(139) Metaspace: 87466K(88064K)->87466K(88064K) NonClass: 75470K(75776K)->75470K(75776K) Class: 11995K(12288K)->11995K(12288K)
[2024-12-18T02:27:06.823+0330][49398.253s][info][gc             ] GC(139) Pause Young (Normal) (G1 Evacuation Pause) 73M->34M(94M) 4.470ms
[2024-12-18T02:27:06.823+0330][49398.253s][info][gc,cpu         ] GC(139) User=0.00s Sys=0.00s Real=0.00s
[2024-12-18T02:34:32.152+0330][49843.577s][info][gc,start       ] GC(140) Pause Young (Normal) (G1 Evacuation Pause)
[2024-12-18T02:34:32.152+0330][49843.577s][info][gc,task        ] GC(140) Using 4 workers of 4 for evacuation
[2024-12-18T02:34:32.152+0330][49843.580s][info][gc,phases      ] GC(140)   Pre Evacuate Collection Set: 0.1ms
[2024-12-18T02:34:32.152+0330][49843.581s][info][gc,phases      ] GC(140)   Merge Heap Roots: 0.1ms
[2024-12-18T02:34:32.152+0330][49843.581s][info][gc,phases      ] GC(140)   Evacuate Collection Set: 1.5ms
[2024-12-18T02:34:32.152+0330][49843.581s][info][gc,phases      ] GC(140)   Post Evacuate Collection Set: 1.3ms
[2024-12-18T02:34:32.152+0330][49843.581s][info][gc,phases      ] GC(140)   Other: 0.3ms
[2024-12-18T02:34:32.152+0330][49843.581s][info][gc,heap        ] GC(140) Eden regions: 20->0(20)
[2024-12-18T02:34:32.152+0330][49843.581s][info][gc,heap        ] GC(140) Survivor regions: 1->1(3)
[2024-12-18T02:34:32.152+0330][49843.581s][info][gc,heap        ] GC(140) Old regions: 20->20
[2024-12-18T02:34:32.152+0330][49843.581s][info][gc,heap        ] GC(140) Archive regions: 0->0
[2024-12-18T02:34:32.152+0330][49843.581s][info][gc,heap        ] GC(140) Humongous regions: 0->0
[2024-12-18T02:34:32.152+0330][49843.581s][info][gc,metaspace   ] GC(140) Metaspace: 87466K(88064K)->87466K(88064K) NonClass: 75470K(75776K)->75470K(75776K) Class: 11995K(12288K)->11995K(12288K)
[2024-12-18T02:34:32.152+0330][49843.581s][info][gc             ] GC(140) Pause Young (Normal) (G1 Evacuation Pause) 74M->34M(94M) 4.339ms
[2024-12-18T02:34:32.152+0330][49843.582s][info][gc,cpu         ] GC(140) User=0.00s Sys=0.00s Real=0.00s
[2024-12-18T02:43:14.039+0330][50365.465s][info][gc,start       ] GC(141) Pause Young (Normal) (G1 Evacuation Pause)
[2024-12-18T02:43:14.039+0330][50365.465s][info][gc,task        ] GC(141) Using 4 workers of 4 for evacuation
[2024-12-18T02:43:14.039+0330][50365.468s][info][gc,phases      ] GC(141)   Pre Evacuate Collection Set: 0.1ms
[2024-12-18T02:43:14.039+0330][50365.468s][info][gc,phases      ] GC(141)   Merge Heap Roots: 0.1ms
[2024-12-18T02:43:14.039+0330][50365.468s][info][gc,phases      ] GC(141)   Evacuate Collection Set: 1.2ms
[2024-12-18T02:43:14.039+0330][50365.468s][info][gc,phases      ] GC(141)   Post Evacuate Collection Set: 1.1ms
[2024-12-18T02:43:14.039+0330][50365.468s][info][gc,phases      ] GC(141)   Other: 0.3ms
[2024-12-18T02:43:14.039+0330][50365.468s][info][gc,heap        ] GC(141) Eden regions: 20->0(20)
[2024-12-18T02:43:14.039+0330][50365.468s][info][gc,heap        ] GC(141) Survivor regions: 1->1(3)
[2024-12-18T02:43:14.039+0330][50365.468s][info][gc,heap        ] GC(141) Old regions: 20->20
[2024-12-18T02:43:14.039+0330][50365.468s][info][gc,heap        ] GC(141) Archive regions: 0->0
[2024-12-18T02:43:14.039+0330][50365.468s][info][gc,heap        ] GC(141) Humongous regions: 0->0
[2024-12-18T02:43:14.039+0330][50365.468s][info][gc,metaspace   ] GC(141) Metaspace: 87466K(88064K)->87466K(88064K) NonClass: 75470K(75776K)->75470K(75776K) Class: 11995K(12288K)->11995K(12288K)
[2024-12-18T02:43:14.039+0330][50365.468s][info][gc             ] GC(141) Pause Young (Normal) (G1 Evacuation Pause) 74M->33M(94M) 3.409ms
[2024-12-18T02:43:14.039+0330][50365.468s][info][gc,cpu         ] GC(141) User=0.00s Sys=0.00s Real=0.00s
[2024-12-18T02:51:55.013+0330][50886.441s][info][gc,start       ] GC(142) Pause Young (Normal) (G1 Evacuation Pause)
[2024-12-18T02:51:55.013+0330][50886.442s][info][gc,task        ] GC(142) Using 4 workers of 4 for evacuation
[2024-12-18T02:51:55.013+0330][50886.444s][info][gc,phases      ] GC(142)   Pre Evacuate Collection Set: 0.2ms
[2024-12-18T02:51:55.013+0330][50886.444s][info][gc,phases      ] GC(142)   Merge Heap Roots: 0.2ms
[2024-12-18T02:51:55.013+0330][50886.444s][info][gc,phases      ] GC(142)   Evacuate Collection Set: 1.2ms
[2024-12-18T02:51:55.013+0330][50886.444s][info][gc,phases      ] GC(142)   Post Evacuate Collection Set: 0.9ms
[2024-12-18T02:51:55.013+0330][50886.444s][info][gc,phases      ] GC(142)   Other: 0.5ms
[2024-12-18T02:51:55.013+0330][50886.444s][info][gc,heap        ] GC(142) Eden regions: 20->0(20)
[2024-12-18T02:51:55.013+0330][50886.444s][info][gc,heap        ] GC(142) Survivor regions: 1->1(3)
[2024-12-18T02:51:55.013+0330][50886.444s][info][gc,heap        ] GC(142) Old regions: 20->20
[2024-12-18T02:51:55.013+0330][50886.445s][info][gc,heap        ] GC(142) Archive regions: 0->0
[2024-12-18T02:51:55.013+0330][50886.445s][info][gc,heap        ] GC(142) Humongous regions: 0->0
[2024-12-18T02:51:55.013+0330][50886.445s][info][gc,metaspace   ] GC(142) Metaspace: 87466K(88064K)->87466K(88064K) NonClass: 75470K(75776K)->75470K(75776K) Class: 11995K(12288K)->11995K(12288K)
[2024-12-18T02:51:55.013+0330][50886.445s][info][gc             ] GC(142) Pause Young (Normal) (G1 Evacuation Pause) 73M->33M(94M) 3.337ms
[2024-12-18T02:51:55.013+0330][50886.445s][info][gc,cpu         ] GC(142) User=0.00s Sys=0.00s Real=0.00s
[2024-12-18T02:57:57.832+0330][51249.265s][info][gc,start       ] GC(143) Pause Young (Normal) (G1 Evacuation Pause)
[2024-12-18T02:57:57.832+0330][51249.265s][info][gc,task        ] GC(143) Using 4 workers of 4 for evacuation
[2024-12-18T02:57:57.832+0330][51249.268s][info][gc,phases      ] GC(143)   Pre Evacuate Collection Set: 0.1ms
[2024-12-18T02:57:57.832+0330][51249.268s][info][gc,phases      ] GC(143)   Merge Heap Roots: 0.1ms
[2024-12-18T02:57:57.832+0330][51249.268s][info][gc,phases      ] GC(143)   Evacuate Collection Set: 1.5ms
[2024-12-18T02:57:57.832+0330][51249.268s][info][gc,phases      ] GC(143)   Post Evacuate Collection Set: 0.9ms
[2024-12-18T02:57:57.832+0330][51249.268s][info][gc,phases      ] GC(143)   Other: 0.3ms
[2024-12-18T02:57:57.832+0330][51249.268s][info][gc,heap        ] GC(143) Eden regions: 20->0(20)
[2024-12-18T02:57:57.832+0330][51249.268s][info][gc,heap        ] GC(143) Survivor regions: 1->1(3)
[2024-12-18T02:57:57.843+0330][51249.268s][info][gc,heap        ] GC(143) Old regions: 20->20
[2024-12-18T02:57:57.843+0330][51249.268s][info][gc,heap        ] GC(143) Archive regions: 0->0
[2024-12-18T02:57:57.843+0330][51249.268s][info][gc,heap        ] GC(143) Humongous regions: 0->0
[2024-12-18T02:57:57.843+0330][51249.268s][info][gc,metaspace   ] GC(143) Metaspace: 87466K(88064K)->87466K(88064K) NonClass: 75470K(75776K)->75470K(75776K) Class: 11995K(12288K)->11995K(12288K)
[2024-12-18T02:57:57.843+0330][51249.268s][info][gc             ] GC(143) Pause Young (Normal) (G1 Evacuation Pause) 73M->34M(94M) 3.636ms
[2024-12-18T02:57:57.843+0330][51249.268s][info][gc,cpu         ] GC(143) User=0.00s Sys=0.00s Real=0.01s
[2024-12-18T03:06:17.009+0330][51748.435s][info][gc,start       ] GC(144) Pause Young (Normal) (G1 Evacuation Pause)
[2024-12-18T03:06:17.009+0330][51748.435s][info][gc,task        ] GC(144) Using 4 workers of 4 for evacuation
[2024-12-18T03:06:17.009+0330][51748.437s][info][gc,phases      ] GC(144)   Pre Evacuate Collection Set: 0.1ms
[2024-12-18T03:06:17.009+0330][51748.437s][info][gc,phases      ] GC(144)   Merge Heap Roots: 0.1ms
[2024-12-18T03:06:17.009+0330][51748.437s][info][gc,phases      ] GC(144)   Evacuate Collection Set: 1.0ms
[2024-12-18T03:06:17.009+0330][51748.437s][info][gc,phases      ] GC(144)   Post Evacuate Collection Set: 1.1ms
[2024-12-18T03:06:17.009+0330][51748.437s][info][gc,phases      ] GC(144)   Other: 0.3ms
[2024-12-18T03:06:17.009+0330][51748.438s][info][gc,heap        ] GC(144) Eden regions: 20->0(20)
[2024-12-18T03:06:17.009+0330][51748.438s][info][gc,heap        ] GC(144) Survivor regions: 1->1(3)
[2024-12-18T03:06:17.009+0330][51748.438s][info][gc,heap        ] GC(144) Old regions: 20->20
[2024-12-18T03:06:17.009+0330][51748.438s][info][gc,heap        ] GC(144) Archive regions: 0->0
[2024-12-18T03:06:17.009+0330][51748.438s][info][gc,heap        ] GC(144) Humongous regions: 0->0
[2024-12-18T03:06:17.009+0330][51748.438s][info][gc,metaspace   ] GC(144) Metaspace: 87466K(88064K)->87466K(88064K) NonClass: 75470K(75776K)->75470K(75776K) Class: 11995K(12288K)->11995K(12288K)
[2024-12-18T03:06:17.009+0330][51748.438s][info][gc             ] GC(144) Pause Young (Normal) (G1 Evacuation Pause) 74M->34M(94M) 3.153ms
[2024-12-18T03:06:17.009+0330][51748.438s][info][gc,cpu         ] GC(144) User=0.00s Sys=0.00s Real=0.00s
[2024-12-18T03:14:58.867+0330][52270.293s][info][gc,start       ] GC(145) Pause Young (Normal) (G1 Evacuation Pause)
[2024-12-18T03:14:58.867+0330][52270.293s][info][gc,task        ] GC(145) Using 4 workers of 4 for evacuation
[2024-12-18T03:14:58.867+0330][52270.295s][info][gc,phases      ] GC(145)   Pre Evacuate Collection Set: 0.1ms
[2024-12-18T03:14:58.867+0330][52270.295s][info][gc,phases      ] GC(145)   Merge Heap Roots: 0.1ms
[2024-12-18T03:14:58.867+0330][52270.295s][info][gc,phases      ] GC(145)   Evacuate Collection Set: 0.9ms
[2024-12-18T03:14:58.867+0330][52270.295s][info][gc,phases      ] GC(145)   Post Evacuate Collection Set: 0.8ms
[2024-12-18T03:14:58.867+0330][52270.295s][info][gc,phases      ] GC(145)   Other: 0.2ms
[2024-12-18T03:14:58.867+0330][52270.295s][info][gc,heap        ] GC(145) Eden regions: 20->0(20)
[2024-12-18T03:14:58.867+0330][52270.295s][info][gc,heap        ] GC(145) Survivor regions: 1->1(3)
[2024-12-18T03:14:58.867+0330][52270.295s][info][gc,heap        ] GC(145) Old regions: 20->20
[2024-12-18T03:14:58.867+0330][52270.295s][info][gc,heap        ] GC(145) Archive regions: 0->0
[2024-12-18T03:14:58.867+0330][52270.295s][info][gc,heap        ] GC(145) Humongous regions: 0->0
[2024-12-18T03:14:58.867+0330][52270.295s][info][gc,metaspace   ] GC(145) Metaspace: 87466K(88064K)->87466K(88064K) NonClass: 75470K(75776K)->75470K(75776K) Class: 11995K(12288K)->11995K(12288K)
[2024-12-18T03:14:58.867+0330][52270.295s][info][gc             ] GC(145) Pause Young (Normal) (G1 Evacuation Pause) 74M->33M(94M) 2.550ms
[2024-12-18T03:14:58.867+0330][52270.295s][info][gc,cpu         ] GC(145) User=0.00s Sys=0.00s Real=0.00s
[2024-12-18T03:23:26.490+0330][52777.929s][info][gc,start       ] GC(146) Pause Young (Normal) (G1 Evacuation Pause)
[2024-12-18T03:23:26.490+0330][52777.929s][info][gc,task        ] GC(146) Using 4 workers of 4 for evacuation
[2024-12-18T03:23:26.505+0330][52777.933s][info][gc,phases      ] GC(146)   Pre Evacuate Collection Set: 0.1ms
[2024-12-18T03:23:26.505+0330][52777.933s][info][gc,phases      ] GC(146)   Merge Heap Roots: 0.1ms
[2024-12-18T03:23:26.505+0330][52777.933s][info][gc,phases      ] GC(146)   Evacuate Collection Set: 3.3ms
[2024-12-18T03:23:26.505+0330][52777.934s][info][gc,phases      ] GC(146)   Post Evacuate Collection Set: 1.0ms
[2024-12-18T03:23:26.505+0330][52777.934s][info][gc,phases      ] GC(146)   Other: 0.3ms
[2024-12-18T03:23:26.505+0330][52777.934s][info][gc,heap        ] GC(146) Eden regions: 20->0(20)
[2024-12-18T03:23:26.505+0330][52777.934s][info][gc,heap        ] GC(146) Survivor regions: 1->1(3)
[2024-12-18T03:23:26.505+0330][52777.934s][info][gc,heap        ] GC(146) Old regions: 20->20
[2024-12-18T03:23:26.505+0330][52777.934s][info][gc,heap        ] GC(146) Archive regions: 0->0
[2024-12-18T03:23:26.505+0330][52777.934s][info][gc,heap        ] GC(146) Humongous regions: 0->0
[2024-12-18T03:23:26.505+0330][52777.934s][info][gc,metaspace   ] GC(146) Metaspace: 87466K(88064K)->87466K(88064K) NonClass: 75470K(75776K)->75470K(75776K) Class: 11995K(12288K)->11995K(12288K)
[2024-12-18T03:23:26.505+0330][52777.934s][info][gc             ] GC(146) Pause Young (Normal) (G1 Evacuation Pause) 73M->33M(94M) 5.477ms
[2024-12-18T03:23:26.505+0330][52777.934s][info][gc,cpu         ] GC(146) User=0.02s Sys=0.00s Real=0.02s
[2024-12-18T03:29:27.013+0330][53138.439s][info][gc,start       ] GC(147) Pause Young (Normal) (G1 Evacuation Pause)
[2024-12-18T03:29:27.013+0330][53138.439s][info][gc,task        ] GC(147) Using 4 workers of 4 for evacuation
[2024-12-18T03:29:27.013+0330][53138.441s][info][gc,phases      ] GC(147)   Pre Evacuate Collection Set: 0.1ms
[2024-12-18T03:29:27.013+0330][53138.442s][info][gc,phases      ] GC(147)   Merge Heap Roots: 0.1ms
[2024-12-18T03:29:27.013+0330][53138.442s][info][gc,phases      ] GC(147)   Evacuate Collection Set: 1.4ms
[2024-12-18T03:29:27.013+0330][53138.442s][info][gc,phases      ] GC(147)   Post Evacuate Collection Set: 1.1ms
[2024-12-18T03:29:27.013+0330][53138.442s][info][gc,phases      ] GC(147)   Other: 0.3ms
[2024-12-18T03:29:27.013+0330][53138.442s][info][gc,heap        ] GC(147) Eden regions: 20->0(20)
[2024-12-18T03:29:27.013+0330][53138.442s][info][gc,heap        ] GC(147) Survivor regions: 1->1(3)
[2024-12-18T03:29:27.013+0330][53138.442s][info][gc,heap        ] GC(147) Old regions: 20->20
[2024-12-18T03:29:27.013+0330][53138.442s][info][gc,heap        ] GC(147) Archive regions: 0->0
[2024-12-18T03:29:27.013+0330][53138.442s][info][gc,heap        ] GC(147) Humongous regions: 0->0
[2024-12-18T03:29:27.013+0330][53138.442s][info][gc,metaspace   ] GC(147) Metaspace: 87466K(88064K)->87466K(88064K) NonClass: 75470K(75776K)->75470K(75776K) Class: 11995K(12288K)->11995K(12288K)
[2024-12-18T03:29:27.013+0330][53138.442s][info][gc             ] GC(147) Pause Young (Normal) (G1 Evacuation Pause) 73M->34M(94M) 3.608ms
[2024-12-18T03:29:27.013+0330][53138.442s][info][gc,cpu         ] GC(147) User=0.00s Sys=0.00s Real=0.00s
[2024-12-18T03:38:03.009+0330][53654.435s][info][gc,start       ] GC(148) Pause Young (Normal) (G1 Evacuation Pause)
[2024-12-18T03:38:03.009+0330][53654.435s][info][gc,task        ] GC(148) Using 4 workers of 4 for evacuation
[2024-12-18T03:38:03.009+0330][53654.438s][info][gc,phases      ] GC(148)   Pre Evacuate Collection Set: 0.1ms
[2024-12-18T03:38:03.009+0330][53654.438s][info][gc,phases      ] GC(148)   Merge Heap Roots: 0.1ms
[2024-12-18T03:38:03.009+0330][53654.438s][info][gc,phases      ] GC(148)   Evacuate Collection Set: 1.5ms
[2024-12-18T03:38:03.009+0330][53654.438s][info][gc,phases      ] GC(148)   Post Evacuate Collection Set: 1.3ms
[2024-12-18T03:38:03.009+0330][53654.438s][info][gc,phases      ] GC(148)   Other: 0.3ms
[2024-12-18T03:38:03.009+0330][53654.438s][info][gc,heap        ] GC(148) Eden regions: 20->0(20)
[2024-12-18T03:38:03.009+0330][53654.438s][info][gc,heap        ] GC(148) Survivor regions: 1->1(3)
[2024-12-18T03:38:03.009+0330][53654.438s][info][gc,heap        ] GC(148) Old regions: 20->20
[2024-12-18T03:38:03.009+0330][53654.439s][info][gc,heap        ] GC(148) Archive regions: 0->0
[2024-12-18T03:38:03.009+0330][53654.439s][info][gc,heap        ] GC(148) Humongous regions: 0->0
[2024-12-18T03:38:03.009+0330][53654.439s][info][gc,metaspace   ] GC(148) Metaspace: 87466K(88064K)->87466K(88064K) NonClass: 75470K(75776K)->75470K(75776K) Class: 11995K(12288K)->11995K(12288K)
[2024-12-18T03:38:03.009+0330][53654.439s][info][gc             ] GC(148) Pause Young (Normal) (G1 Evacuation Pause) 74M->34M(94M) 4.033ms
[2024-12-18T03:38:03.009+0330][53654.439s][info][gc,cpu         ] GC(148) User=0.00s Sys=0.00s Real=0.00s
[2024-12-18T03:46:42.012+0330][54173.438s][info][gc,start       ] GC(149) Pause Young (Normal) (G1 Evacuation Pause)
[2024-12-18T03:46:42.012+0330][54173.438s][info][gc,task        ] GC(149) Using 4 workers of 4 for evacuation
[2024-12-18T03:46:42.012+0330][54173.441s][info][gc,phases      ] GC(149)   Pre Evacuate Collection Set: 0.1ms
[2024-12-18T03:46:42.012+0330][54173.441s][info][gc,phases      ] GC(149)   Merge Heap Roots: 0.1ms
[2024-12-18T03:46:42.012+0330][54173.441s][info][gc,phases      ] GC(149)   Evacuate Collection Set: 1.3ms
[2024-12-18T03:46:42.012+0330][54173.441s][info][gc,phases      ] GC(149)   Post Evacuate Collection Set: 1.1ms
[2024-12-18T03:46:42.012+0330][54173.441s][info][gc,phases      ] GC(149)   Other: 0.3ms
[2024-12-18T03:46:42.012+0330][54173.441s][info][gc,heap        ] GC(149) Eden regions: 20->0(20)
[2024-12-18T03:46:42.012+0330][54173.441s][info][gc,heap        ] GC(149) Survivor regions: 1->1(3)
[2024-12-18T03:46:42.012+0330][54173.441s][info][gc,heap        ] GC(149) Old regions: 20->20
[2024-12-18T03:46:42.012+0330][54173.441s][info][gc,heap        ] GC(149) Archive regions: 0->0
[2024-12-18T03:46:42.012+0330][54173.441s][info][gc,heap        ] GC(149) Humongous regions: 0->0
[2024-12-18T03:46:42.012+0330][54173.441s][info][gc,metaspace   ] GC(149) Metaspace: 87466K(88064K)->87466K(88064K) NonClass: 75470K(75776K)->75470K(75776K) Class: 11995K(12288K)->11995K(12288K)
[2024-12-18T03:46:42.012+0330][54173.441s][info][gc             ] GC(149) Pause Young (Normal) (G1 Evacuation Pause) 74M->33M(94M) 3.615ms
[2024-12-18T03:46:42.012+0330][54173.441s][info][gc,cpu         ] GC(149) User=0.00s Sys=0.00s Real=0.00s
[2024-12-18T03:54:12.606+0330][54624.031s][info][gc,start       ] GC(150) Pause Young (Normal) (G1 Evacuation Pause)
[2024-12-18T03:54:12.606+0330][54624.031s][info][gc,task        ] GC(150) Using 4 workers of 4 for evacuation
[2024-12-18T03:54:12.606+0330][54624.033s][info][gc,phases      ] GC(150)   Pre Evacuate Collection Set: 0.1ms
[2024-12-18T03:54:12.606+0330][54624.034s][info][gc,phases      ] GC(150)   Merge Heap Roots: 0.1ms
[2024-12-18T03:54:12.606+0330][54624.034s][info][gc,phases      ] GC(150)   Evacuate Collection Set: 1.4ms
[2024-12-18T03:54:12.606+0330][54624.034s][info][gc,phases      ] GC(150)   Post Evacuate Collection Set: 0.8ms
[2024-12-18T03:54:12.606+0330][54624.034s][info][gc,phases      ] GC(150)   Other: 0.3ms
[2024-12-18T03:54:12.606+0330][54624.034s][info][gc,heap        ] GC(150) Eden regions: 20->0(20)
[2024-12-18T03:54:12.606+0330][54624.034s][info][gc,heap        ] GC(150) Survivor regions: 1->1(3)
[2024-12-18T03:54:12.606+0330][54624.034s][info][gc,heap        ] GC(150) Old regions: 20->20
[2024-12-18T03:54:12.606+0330][54624.034s][info][gc,heap        ] GC(150) Archive regions: 0->0
[2024-12-18T03:54:12.606+0330][54624.034s][info][gc,heap        ] GC(150) Humongous regions: 0->0
[2024-12-18T03:54:12.606+0330][54624.034s][info][gc,metaspace   ] GC(150) Metaspace: 87466K(88064K)->87466K(88064K) NonClass: 75470K(75776K)->75470K(75776K) Class: 11995K(12288K)->11995K(12288K)
[2024-12-18T03:54:12.606+0330][54624.034s][info][gc             ] GC(150) Pause Young (Normal) (G1 Evacuation Pause) 73M->33M(94M) 3.245ms
[2024-12-18T03:54:12.606+0330][54624.034s][info][gc,cpu         ] GC(150) User=0.00s Sys=0.00s Real=0.00s
[2024-12-18T04:01:06.002+0330][55037.427s][info][gc,start       ] GC(151) Pause Young (Normal) (G1 Evacuation Pause)
[2024-12-18T04:01:06.002+0330][55037.427s][info][gc,task        ] GC(151) Using 4 workers of 4 for evacuation
[2024-12-18T04:01:06.002+0330][55037.429s][info][gc,phases      ] GC(151)   Pre Evacuate Collection Set: 0.1ms
[2024-12-18T04:01:06.002+0330][55037.429s][info][gc,phases      ] GC(151)   Merge Heap Roots: 0.1ms
[2024-12-18T04:01:06.002+0330][55037.429s][info][gc,phases      ] GC(151)   Evacuate Collection Set: 0.9ms
[2024-12-18T04:01:06.002+0330][55037.429s][info][gc,phases      ] GC(151)   Post Evacuate Collection Set: 0.8ms
[2024-12-18T04:01:06.002+0330][55037.429s][info][gc,phases      ] GC(151)   Other: 0.3ms
[2024-12-18T04:01:06.002+0330][55037.429s][info][gc,heap        ] GC(151) Eden regions: 20->0(20)
[2024-12-18T04:01:06.002+0330][55037.429s][info][gc,heap        ] GC(151) Survivor regions: 1->1(3)
[2024-12-18T04:01:06.002+0330][55037.430s][info][gc,heap        ] GC(151) Old regions: 20->20
[2024-12-18T04:01:06.002+0330][55037.430s][info][gc,heap        ] GC(151) Archive regions: 0->0
[2024-12-18T04:01:06.002+0330][55037.430s][info][gc,heap        ] GC(151) Humongous regions: 0->0
[2024-12-18T04:01:06.002+0330][55037.430s][info][gc,metaspace   ] GC(151) Metaspace: 87466K(88064K)->87466K(88064K) NonClass: 75470K(75776K)->75470K(75776K) Class: 11995K(12288K)->11995K(12288K)
[2024-12-18T04:01:06.002+0330][55037.430s][info][gc             ] GC(151) Pause Young (Normal) (G1 Evacuation Pause) 73M->34M(94M) 2.968ms
[2024-12-18T04:01:06.002+0330][55037.430s][info][gc,cpu         ] GC(151) User=0.00s Sys=0.00s Real=0.00s
[2024-12-18T04:09:49.009+0330][55560.440s][info][gc,start       ] GC(152) Pause Young (Normal) (G1 Evacuation Pause)
[2024-12-18T04:09:49.009+0330][55560.440s][info][gc,task        ] GC(152) Using 4 workers of 4 for evacuation
[2024-12-18T04:09:49.009+0330][55560.443s][info][gc,phases      ] GC(152)   Pre Evacuate Collection Set: 0.1ms
[2024-12-18T04:09:49.009+0330][55560.443s][info][gc,phases      ] GC(152)   Merge Heap Roots: 0.1ms
[2024-12-18T04:09:49.009+0330][55560.443s][info][gc,phases      ] GC(152)   Evacuate Collection Set: 1.3ms
[2024-12-18T04:09:49.009+0330][55560.443s][info][gc,phases      ] GC(152)   Post Evacuate Collection Set: 1.2ms
[2024-12-18T04:09:49.009+0330][55560.443s][info][gc,phases      ] GC(152)   Other: 0.3ms
[2024-12-18T04:09:49.009+0330][55560.443s][info][gc,heap        ] GC(152) Eden regions: 20->0(20)
[2024-12-18T04:09:49.009+0330][55560.443s][info][gc,heap        ] GC(152) Survivor regions: 1->1(3)
[2024-12-18T04:09:49.009+0330][55560.443s][info][gc,heap        ] GC(152) Old regions: 20->20
[2024-12-18T04:09:49.009+0330][55560.443s][info][gc,heap        ] GC(152) Archive regions: 0->0
[2024-12-18T04:09:49.009+0330][55560.443s][info][gc,heap        ] GC(152) Humongous regions: 0->0
[2024-12-18T04:09:49.009+0330][55560.444s][info][gc,metaspace   ] GC(152) Metaspace: 87466K(88064K)->87466K(88064K) NonClass: 75470K(75776K)->75470K(75776K) Class: 11995K(12288K)->11995K(12288K)
[2024-12-18T04:09:49.009+0330][55560.444s][info][gc             ] GC(152) Pause Young (Normal) (G1 Evacuation Pause) 74M->33M(94M) 3.628ms
[2024-12-18T04:09:49.009+0330][55560.444s][info][gc,cpu         ] GC(152) User=0.00s Sys=0.00s Real=0.00s
[2024-12-18T04:18:31.014+0330][56082.442s][info][gc,start       ] GC(153) Pause Young (Normal) (G1 Evacuation Pause)
[2024-12-18T04:18:31.014+0330][56082.442s][info][gc,task        ] GC(153) Using 4 workers of 4 for evacuation
[2024-12-18T04:18:31.014+0330][56082.445s][info][gc,phases      ] GC(153)   Pre Evacuate Collection Set: 0.1ms
[2024-12-18T04:18:31.014+0330][56082.445s][info][gc,phases      ] GC(153)   Merge Heap Roots: 0.1ms
[2024-12-18T04:18:31.014+0330][56082.445s][info][gc,phases      ] GC(153)   Evacuate Collection Set: 1.0ms
[2024-12-18T04:18:31.014+0330][56082.445s][info][gc,phases      ] GC(153)   Post Evacuate Collection Set: 0.9ms
[2024-12-18T04:18:31.014+0330][56082.445s][info][gc,phases      ] GC(153)   Other: 0.2ms
[2024-12-18T04:18:31.014+0330][56082.445s][info][gc,heap        ] GC(153) Eden regions: 20->0(20)
[2024-12-18T04:18:31.014+0330][56082.445s][info][gc,heap        ] GC(153) Survivor regions: 1->1(3)
[2024-12-18T04:18:31.014+0330][56082.445s][info][gc,heap        ] GC(153) Old regions: 20->20
[2024-12-18T04:18:31.014+0330][56082.445s][info][gc,heap        ] GC(153) Archive regions: 0->0
[2024-12-18T04:18:31.014+0330][56082.445s][info][gc,heap        ] GC(153) Humongous regions: 0->0
[2024-12-18T04:18:31.014+0330][56082.445s][info][gc,metaspace   ] GC(153) Metaspace: 87466K(88064K)->87466K(88064K) NonClass: 75470K(75776K)->75470K(75776K) Class: 11995K(12288K)->11995K(12288K)
[2024-12-18T04:18:31.014+0330][56082.445s][info][gc             ] GC(153) Pause Young (Normal) (G1 Evacuation Pause) 73M->33M(94M) 3.069ms
[2024-12-18T04:18:31.014+0330][56082.445s][info][gc,cpu         ] GC(153) User=0.02s Sys=0.00s Real=0.00s
[2024-12-18T04:25:28.992+0330][56500.420s][info][gc,start       ] GC(154) Pause Young (Normal) (G1 Evacuation Pause)
[2024-12-18T04:25:28.992+0330][56500.420s][info][gc,task        ] GC(154) Using 4 workers of 4 for evacuation
[2024-12-18T04:25:28.998+0330][56500.426s][info][gc,phases      ] GC(154)   Pre Evacuate Collection Set: 0.1ms
[2024-12-18T04:25:28.998+0330][56500.426s][info][gc,phases      ] GC(154)   Merge Heap Roots: 0.1ms
[2024-12-18T04:25:28.998+0330][56500.426s][info][gc,phases      ] GC(154)   Evacuate Collection Set: 4.8ms
[2024-12-18T04:25:28.998+0330][56500.427s][info][gc,phases      ] GC(154)   Post Evacuate Collection Set: 0.8ms
[2024-12-18T04:25:28.998+0330][56500.427s][info][gc,phases      ] GC(154)   Other: 0.9ms
[2024-12-18T04:25:28.998+0330][56500.427s][info][gc,heap        ] GC(154) Eden regions: 20->0(20)
[2024-12-18T04:25:28.998+0330][56500.427s][info][gc,heap        ] GC(154) Survivor regions: 1->1(3)
[2024-12-18T04:25:28.998+0330][56500.427s][info][gc,heap        ] GC(154) Old regions: 20->20
[2024-12-18T04:25:28.998+0330][56500.427s][info][gc,heap        ] GC(154) Archive regions: 0->0
[2024-12-18T04:25:28.998+0330][56500.427s][info][gc,heap        ] GC(154) Humongous regions: 0->0
[2024-12-18T04:25:28.998+0330][56500.427s][info][gc,metaspace   ] GC(154) Metaspace: 87466K(88064K)->87466K(88064K) NonClass: 75470K(75776K)->75470K(75776K) Class: 11995K(12288K)->11995K(12288K)
[2024-12-18T04:25:28.998+0330][56500.427s][info][gc             ] GC(154) Pause Young (Normal) (G1 Evacuation Pause) 73M->34M(94M) 7.302ms
[2024-12-18T04:25:28.998+0330][56500.427s][info][gc,cpu         ] GC(154) User=0.00s Sys=0.00s Real=0.01s
[2024-12-18T04:33:04.649+0330][56956.074s][info][gc,start       ] GC(155) Pause Young (Normal) (G1 Evacuation Pause)
[2024-12-18T04:33:04.649+0330][56956.075s][info][gc,task        ] GC(155) Using 4 workers of 4 for evacuation
[2024-12-18T04:33:04.652+0330][56956.077s][info][gc,phases      ] GC(155)   Pre Evacuate Collection Set: 0.1ms
[2024-12-18T04:33:04.652+0330][56956.077s][info][gc,phases      ] GC(155)   Merge Heap Roots: 0.1ms
[2024-12-18T04:33:04.652+0330][56956.077s][info][gc,phases      ] GC(155)   Evacuate Collection Set: 1.0ms
[2024-12-18T04:33:04.652+0330][56956.077s][info][gc,phases      ] GC(155)   Post Evacuate Collection Set: 1.1ms
[2024-12-18T04:33:04.652+0330][56956.077s][info][gc,phases      ] GC(155)   Other: 0.3ms
[2024-12-18T04:33:04.652+0330][56956.077s][info][gc,heap        ] GC(155) Eden regions: 20->0(20)
[2024-12-18T04:33:04.652+0330][56956.077s][info][gc,heap        ] GC(155) Survivor regions: 1->1(3)
[2024-12-18T04:33:04.652+0330][56956.078s][info][gc,heap        ] GC(155) Old regions: 20->20
[2024-12-18T04:33:04.652+0330][56956.078s][info][gc,heap        ] GC(155) Archive regions: 0->0
[2024-12-18T04:33:04.652+0330][56956.078s][info][gc,heap        ] GC(155) Humongous regions: 0->0
[2024-12-18T04:33:04.652+0330][56956.078s][info][gc,metaspace   ] GC(155) Metaspace: 87466K(88064K)->87466K(88064K) NonClass: 75470K(75776K)->75470K(75776K) Class: 11995K(12288K)->11995K(12288K)
[2024-12-18T04:33:04.652+0330][56956.078s][info][gc             ] GC(155) Pause Young (Normal) (G1 Evacuation Pause) 74M->34M(94M) 3.361ms
[2024-12-18T04:33:04.652+0330][56956.078s][info][gc,cpu         ] GC(155) User=0.00s Sys=0.00s Real=0.00s
[2024-12-18T04:41:43.015+0330][57474.442s][info][gc,start       ] GC(156) Pause Young (Normal) (G1 Evacuation Pause)
[2024-12-18T04:41:43.015+0330][57474.442s][info][gc,task        ] GC(156) Using 4 workers of 4 for evacuation
[2024-12-18T04:41:43.015+0330][57474.445s][info][gc,phases      ] GC(156)   Pre Evacuate Collection Set: 0.1ms
[2024-12-18T04:41:43.015+0330][57474.445s][info][gc,phases      ] GC(156)   Merge Heap Roots: 0.1ms
[2024-12-18T04:41:43.015+0330][57474.445s][info][gc,phases      ] GC(156)   Evacuate Collection Set: 1.2ms
[2024-12-18T04:41:43.015+0330][57474.445s][info][gc,phases      ] GC(156)   Post Evacuate Collection Set: 1.0ms
[2024-12-18T04:41:43.015+0330][57474.445s][info][gc,phases      ] GC(156)   Other: 0.2ms
[2024-12-18T04:41:43.015+0330][57474.445s][info][gc,heap        ] GC(156) Eden regions: 20->0(20)
[2024-12-18T04:41:43.015+0330][57474.445s][info][gc,heap        ] GC(156) Survivor regions: 1->1(3)
[2024-12-18T04:41:43.015+0330][57474.445s][info][gc,heap        ] GC(156) Old regions: 20->20
[2024-12-18T04:41:43.015+0330][57474.445s][info][gc,heap        ] GC(156) Archive regions: 0->0
[2024-12-18T04:41:43.015+0330][57474.445s][info][gc,heap        ] GC(156) Humongous regions: 0->0
[2024-12-18T04:41:43.015+0330][57474.445s][info][gc,metaspace   ] GC(156) Metaspace: 87466K(88064K)->87466K(88064K) NonClass: 75470K(75776K)->75470K(75776K) Class: 11995K(12288K)->11995K(12288K)
[2024-12-18T04:41:43.015+0330][57474.445s][info][gc             ] GC(156) Pause Young (Normal) (G1 Evacuation Pause) 74M->33M(94M) 3.558ms
[2024-12-18T04:41:43.015+0330][57474.446s][info][gc,cpu         ] GC(156) User=0.00s Sys=0.00s Real=0.00s
[2024-12-18T04:50:24.068+0330][57995.493s][info][gc,start       ] GC(157) Pause Young (Normal) (G1 Evacuation Pause)
[2024-12-18T04:50:24.068+0330][57995.493s][info][gc,task        ] GC(157) Using 4 workers of 4 for evacuation
[2024-12-18T04:50:24.069+0330][57995.496s][info][gc,phases      ] GC(157)   Pre Evacuate Collection Set: 0.1ms
[2024-12-18T04:50:24.069+0330][57995.496s][info][gc,phases      ] GC(157)   Merge Heap Roots: 0.1ms
[2024-12-18T04:50:24.069+0330][57995.496s][info][gc,phases      ] GC(157)   Evacuate Collection Set: 1.3ms
[2024-12-18T04:50:24.069+0330][57995.496s][info][gc,phases      ] GC(157)   Post Evacuate Collection Set: 1.1ms
[2024-12-18T04:50:24.069+0330][57995.496s][info][gc,phases      ] GC(157)   Other: 0.3ms
[2024-12-18T04:50:24.069+0330][57995.496s][info][gc,heap        ] GC(157) Eden regions: 20->0(20)
[2024-12-18T04:50:24.069+0330][57995.496s][info][gc,heap        ] GC(157) Survivor regions: 1->1(3)
[2024-12-18T04:50:24.069+0330][57995.496s][info][gc,heap        ] GC(157) Old regions: 20->20
[2024-12-18T04:50:24.069+0330][57995.496s][info][gc,heap        ] GC(157) Archive regions: 0->0
[2024-12-18T04:50:24.069+0330][57995.496s][info][gc,heap        ] GC(157) Humongous regions: 0->0
[2024-12-18T04:50:24.069+0330][57995.496s][info][gc,metaspace   ] GC(157) Metaspace: 87466K(88064K)->87466K(88064K) NonClass: 75470K(75776K)->75470K(75776K) Class: 11995K(12288K)->11995K(12288K)
[2024-12-18T04:50:24.069+0330][57995.496s][info][gc             ] GC(157) Pause Young (Normal) (G1 Evacuation Pause) 73M->33M(94M) 3.549ms
[2024-12-18T04:50:24.069+0330][57995.496s][info][gc,cpu         ] GC(157) User=0.00s Sys=0.00s Real=0.00s
[2024-12-18T04:56:25.692+0330][58357.123s][info][gc,start       ] GC(158) Pause Young (Normal) (G1 Evacuation Pause)
[2024-12-18T04:56:25.692+0330][58357.123s][info][gc,task        ] GC(158) Using 4 workers of 4 for evacuation
[2024-12-18T04:56:25.692+0330][58357.126s][info][gc,phases      ] GC(158)   Pre Evacuate Collection Set: 0.1ms
[2024-12-18T04:56:25.692+0330][58357.126s][info][gc,phases      ] GC(158)   Merge Heap Roots: 0.1ms
[2024-12-18T04:56:25.692+0330][58357.126s][info][gc,phases      ] GC(158)   Evacuate Collection Set: 1.8ms
[2024-12-18T04:56:25.692+0330][58357.126s][info][gc,phases      ] GC(158)   Post Evacuate Collection Set: 1.0ms
[2024-12-18T04:56:25.692+0330][58357.126s][info][gc,phases      ] GC(158)   Other: 0.3ms
[2024-12-18T04:56:25.692+0330][58357.126s][info][gc,heap        ] GC(158) Eden regions: 20->0(20)
[2024-12-18T04:56:25.692+0330][58357.126s][info][gc,heap        ] GC(158) Survivor regions: 1->1(3)
[2024-12-18T04:56:25.692+0330][58357.126s][info][gc,heap        ] GC(158) Old regions: 20->20
[2024-12-18T04:56:25.692+0330][58357.127s][info][gc,heap        ] GC(158) Archive regions: 0->0
[2024-12-18T04:56:25.692+0330][58357.127s][info][gc,heap        ] GC(158) Humongous regions: 0->0
[2024-12-18T04:56:25.692+0330][58357.127s][info][gc,metaspace   ] GC(158) Metaspace: 87466K(88064K)->87466K(88064K) NonClass: 75470K(75776K)->75470K(75776K) Class: 11995K(12288K)->11995K(12288K)
[2024-12-18T04:56:25.692+0330][58357.127s][info][gc             ] GC(158) Pause Young (Normal) (G1 Evacuation Pause) 73M->34M(94M) 3.893ms
[2024-12-18T04:56:25.692+0330][58357.127s][info][gc,cpu         ] GC(158) User=0.02s Sys=0.00s Real=0.00s
[2024-12-18T05:04:46.021+0330][58857.447s][info][gc,start       ] GC(159) Pause Young (Normal) (G1 Evacuation Pause)
[2024-12-18T05:04:46.021+0330][58857.447s][info][gc,task        ] GC(159) Using 4 workers of 4 for evacuation
[2024-12-18T05:04:46.021+0330][58857.449s][info][gc,phases      ] GC(159)   Pre Evacuate Collection Set: 0.1ms
[2024-12-18T05:04:46.021+0330][58857.449s][info][gc,phases      ] GC(159)   Merge Heap Roots: 0.1ms
[2024-12-18T05:04:46.021+0330][58857.449s][info][gc,phases      ] GC(159)   Evacuate Collection Set: 1.0ms
[2024-12-18T05:04:46.021+0330][58857.449s][info][gc,phases      ] GC(159)   Post Evacuate Collection Set: 1.1ms
[2024-12-18T05:04:46.021+0330][58857.450s][info][gc,phases      ] GC(159)   Other: 0.2ms
[2024-12-18T05:04:46.021+0330][58857.450s][info][gc,heap        ] GC(159) Eden regions: 20->0(20)
[2024-12-18T05:04:46.021+0330][58857.450s][info][gc,heap        ] GC(159) Survivor regions: 1->1(3)
[2024-12-18T05:04:46.021+0330][58857.450s][info][gc,heap        ] GC(159) Old regions: 20->20
[2024-12-18T05:04:46.021+0330][58857.450s][info][gc,heap        ] GC(159) Archive regions: 0->0
[2024-12-18T05:04:46.021+0330][58857.450s][info][gc,heap        ] GC(159) Humongous regions: 0->0
[2024-12-18T05:04:46.021+0330][58857.450s][info][gc,metaspace   ] GC(159) Metaspace: 87466K(88064K)->87466K(88064K) NonClass: 75470K(75776K)->75470K(75776K) Class: 11995K(12288K)->11995K(12288K)
[2024-12-18T05:04:46.021+0330][58857.450s][info][gc             ] GC(159) Pause Young (Normal) (G1 Evacuation Pause) 74M->34M(94M) 2.974ms
[2024-12-18T05:04:46.021+0330][58857.450s][info][gc,cpu         ] GC(159) User=0.00s Sys=0.00s Real=0.00s
[2024-12-18T05:13:25.231+0330][59376.656s][info][gc,start       ] GC(160) Pause Young (Normal) (G1 Evacuation Pause)
[2024-12-18T05:13:25.231+0330][59376.656s][info][gc,task        ] GC(160) Using 4 workers of 4 for evacuation
[2024-12-18T05:13:25.231+0330][59376.658s][info][gc,phases      ] GC(160)   Pre Evacuate Collection Set: 0.1ms
[2024-12-18T05:13:25.231+0330][59376.658s][info][gc,phases      ] GC(160)   Merge Heap Roots: 0.1ms
[2024-12-18T05:13:25.231+0330][59376.658s][info][gc,phases      ] GC(160)   Evacuate Collection Set: 1.2ms
[2024-12-18T05:13:25.231+0330][59376.658s][info][gc,phases      ] GC(160)   Post Evacuate Collection Set: 1.0ms
[2024-12-18T05:13:25.231+0330][59376.659s][info][gc,phases      ] GC(160)   Other: 0.3ms
[2024-12-18T05:13:25.231+0330][59376.659s][info][gc,heap        ] GC(160) Eden regions: 20->0(20)
[2024-12-18T05:13:25.231+0330][59376.659s][info][gc,heap        ] GC(160) Survivor regions: 1->1(3)
[2024-12-18T05:13:25.231+0330][59376.659s][info][gc,heap        ] GC(160) Old regions: 20->20
[2024-12-18T05:13:25.231+0330][59376.659s][info][gc,heap        ] GC(160) Archive regions: 0->0
[2024-12-18T05:13:25.231+0330][59376.659s][info][gc,heap        ] GC(160) Humongous regions: 0->0
[2024-12-18T05:13:25.231+0330][59376.659s][info][gc,metaspace   ] GC(160) Metaspace: 87466K(88064K)->87466K(88064K) NonClass: 75470K(75776K)->75470K(75776K) Class: 11995K(12288K)->11995K(12288K)
[2024-12-18T05:13:25.231+0330][59376.659s][info][gc             ] GC(160) Pause Young (Normal) (G1 Evacuation Pause) 74M->33M(94M) 3.332ms
[2024-12-18T05:13:25.231+0330][59376.659s][info][gc,cpu         ] GC(160) User=0.02s Sys=0.00s Real=0.00s
[2024-12-18T05:21:46.805+0330][59878.231s][info][gc,start       ] GC(161) Pause Young (Normal) (G1 Evacuation Pause)
[2024-12-18T05:21:46.805+0330][59878.231s][info][gc,task        ] GC(161) Using 4 workers of 4 for evacuation
[2024-12-18T05:21:46.805+0330][59878.233s][info][gc,phases      ] GC(161)   Pre Evacuate Collection Set: 0.1ms
[2024-12-18T05:21:46.805+0330][59878.233s][info][gc,phases      ] GC(161)   Merge Heap Roots: 0.1ms
[2024-12-18T05:21:46.805+0330][59878.234s][info][gc,phases      ] GC(161)   Evacuate Collection Set: 1.2ms
[2024-12-18T05:21:46.805+0330][59878.234s][info][gc,phases      ] GC(161)   Post Evacuate Collection Set: 0.9ms
[2024-12-18T05:21:46.805+0330][59878.234s][info][gc,phases      ] GC(161)   Other: 0.3ms
[2024-12-18T05:21:46.805+0330][59878.234s][info][gc,heap        ] GC(161) Eden regions: 20->0(20)
[2024-12-18T05:21:46.805+0330][59878.234s][info][gc,heap        ] GC(161) Survivor regions: 1->1(3)
[2024-12-18T05:21:46.805+0330][59878.234s][info][gc,heap        ] GC(161) Old regions: 20->20
[2024-12-18T05:21:46.805+0330][59878.234s][info][gc,heap        ] GC(161) Archive regions: 0->0
[2024-12-18T05:21:46.805+0330][59878.234s][info][gc,heap        ] GC(161) Humongous regions: 0->0
[2024-12-18T05:21:46.805+0330][59878.234s][info][gc,metaspace   ] GC(161) Metaspace: 87466K(88064K)->87466K(88064K) NonClass: 75470K(75776K)->75470K(75776K) Class: 11995K(12288K)->11995K(12288K)
[2024-12-18T05:21:46.805+0330][59878.234s][info][gc             ] GC(161) Pause Young (Normal) (G1 Evacuation Pause) 73M->33M(94M) 3.373ms
[2024-12-18T05:21:46.805+0330][59878.234s][info][gc,cpu         ] GC(161) User=0.00s Sys=0.00s Real=0.00s
[2024-12-18T05:27:52.184+0330][60243.612s][info][gc,start       ] GC(162) Pause Young (Normal) (G1 Evacuation Pause)
[2024-12-18T05:27:52.184+0330][60243.612s][info][gc,task        ] GC(162) Using 4 workers of 4 for evacuation
[2024-12-18T05:27:52.184+0330][60243.614s][info][gc,phases      ] GC(162)   Pre Evacuate Collection Set: 0.1ms
[2024-12-18T05:27:52.184+0330][60243.614s][info][gc,phases      ] GC(162)   Merge Heap Roots: 0.1ms
[2024-12-18T05:27:52.184+0330][60243.614s][info][gc,phases      ] GC(162)   Evacuate Collection Set: 1.1ms
[2024-12-18T05:27:52.184+0330][60243.614s][info][gc,phases      ] GC(162)   Post Evacuate Collection Set: 0.9ms
[2024-12-18T05:27:52.184+0330][60243.614s][info][gc,phases      ] GC(162)   Other: 0.2ms
[2024-12-18T05:27:52.184+0330][60243.615s][info][gc,heap        ] GC(162) Eden regions: 20->0(20)
[2024-12-18T05:27:52.184+0330][60243.615s][info][gc,heap        ] GC(162) Survivor regions: 1->1(3)
[2024-12-18T05:27:52.184+0330][60243.615s][info][gc,heap        ] GC(162) Old regions: 20->20
[2024-12-18T05:27:52.184+0330][60243.615s][info][gc,heap        ] GC(162) Archive regions: 0->0
[2024-12-18T05:27:52.184+0330][60243.615s][info][gc,heap        ] GC(162) Humongous regions: 0->0
[2024-12-18T05:27:52.184+0330][60243.615s][info][gc,metaspace   ] GC(162) Metaspace: 87466K(88064K)->87466K(88064K) NonClass: 75470K(75776K)->75470K(75776K) Class: 11995K(12288K)->11995K(12288K)
[2024-12-18T05:27:52.184+0330][60243.615s][info][gc             ] GC(162) Pause Young (Normal) (G1 Evacuation Pause) 73M->34M(94M) 3.083ms
[2024-12-18T05:27:52.184+0330][60243.615s][info][gc,cpu         ] GC(162) User=0.00s Sys=0.00s Real=0.00s
[2024-12-18T05:36:28.859+0330][60760.284s][info][gc,start       ] GC(163) Pause Young (Normal) (G1 Evacuation Pause)
[2024-12-18T05:36:28.859+0330][60760.284s][info][gc,task        ] GC(163) Using 4 workers of 4 for evacuation
[2024-12-18T05:36:28.859+0330][60760.286s][info][gc,phases      ] GC(163)   Pre Evacuate Collection Set: 0.1ms
[2024-12-18T05:36:28.859+0330][60760.286s][info][gc,phases      ] GC(163)   Merge Heap Roots: 0.1ms
[2024-12-18T05:36:28.859+0330][60760.286s][info][gc,phases      ] GC(163)   Evacuate Collection Set: 0.9ms
[2024-12-18T05:36:28.859+0330][60760.286s][info][gc,phases      ] GC(163)   Post Evacuate Collection Set: 1.0ms
[2024-12-18T05:36:28.859+0330][60760.286s][info][gc,phases      ] GC(163)   Other: 0.3ms
[2024-12-18T05:36:28.859+0330][60760.286s][info][gc,heap        ] GC(163) Eden regions: 20->0(20)
[2024-12-18T05:36:28.859+0330][60760.286s][info][gc,heap        ] GC(163) Survivor regions: 1->1(3)
[2024-12-18T05:36:28.859+0330][60760.286s][info][gc,heap        ] GC(163) Old regions: 20->20
[2024-12-18T05:36:28.859+0330][60760.286s][info][gc,heap        ] GC(163) Archive regions: 0->0
[2024-12-18T05:36:28.859+0330][60760.286s][info][gc,heap        ] GC(163) Humongous regions: 0->0
[2024-12-18T05:36:28.859+0330][60760.287s][info][gc,metaspace   ] GC(163) Metaspace: 87466K(88064K)->87466K(88064K) NonClass: 75470K(75776K)->75470K(75776K) Class: 11995K(12288K)->11995K(12288K)
[2024-12-18T05:36:28.859+0330][60760.287s][info][gc             ] GC(163) Pause Young (Normal) (G1 Evacuation Pause) 74M->34M(94M) 2.905ms
[2024-12-18T05:36:28.859+0330][60760.287s][info][gc,cpu         ] GC(163) User=0.00s Sys=0.00s Real=0.00s
[2024-12-18T05:45:10.172+0330][61281.556s][info][gc,start       ] GC(164) Pause Young (Normal) (G1 Evacuation Pause)
[2024-12-18T05:45:10.172+0330][61281.556s][info][gc,task        ] GC(164) Using 4 workers of 4 for evacuation
[2024-12-18T05:45:10.172+0330][61281.558s][info][gc,phases      ] GC(164)   Pre Evacuate Collection Set: 0.1ms
[2024-12-18T05:45:10.172+0330][61281.558s][info][gc,phases      ] GC(164)   Merge Heap Roots: 0.1ms
[2024-12-18T05:45:10.172+0330][61281.558s][info][gc,phases      ] GC(164)   Evacuate Collection Set: 0.8ms
[2024-12-18T05:45:10.172+0330][61281.558s][info][gc,phases      ] GC(164)   Post Evacuate Collection Set: 0.7ms
[2024-12-18T05:45:10.172+0330][61281.558s][info][gc,phases      ] GC(164)   Other: 0.3ms
[2024-12-18T05:45:10.172+0330][61281.558s][info][gc,heap        ] GC(164) Eden regions: 20->0(20)
[2024-12-18T05:45:10.172+0330][61281.558s][info][gc,heap        ] GC(164) Survivor regions: 1->1(3)
[2024-12-18T05:45:10.172+0330][61281.558s][info][gc,heap        ] GC(164) Old regions: 20->20
[2024-12-18T05:45:10.172+0330][61281.558s][info][gc,heap        ] GC(164) Archive regions: 0->0
[2024-12-18T05:45:10.172+0330][61281.558s][info][gc,heap        ] GC(164) Humongous regions: 0->0
[2024-12-18T05:45:10.172+0330][61281.558s][info][gc,metaspace   ] GC(164) Metaspace: 87466K(88064K)->87466K(88064K) NonClass: 75470K(75776K)->75470K(75776K) Class: 11995K(12288K)->11995K(12288K)
[2024-12-18T05:45:10.172+0330][61281.559s][info][gc             ] GC(164) Pause Young (Normal) (G1 Evacuation Pause) 74M->33M(94M) 2.692ms
[2024-12-18T05:45:10.172+0330][61281.559s][info][gc,cpu         ] GC(164) User=0.00s Sys=0.00s Real=0.00s
[2024-12-18T05:53:13.990+0330][61765.295s][info][gc,start       ] GC(165) Pause Young (Normal) (G1 Evacuation Pause)
[2024-12-18T05:53:13.990+0330][61765.295s][info][gc,task        ] GC(165) Using 4 workers of 4 for evacuation
[2024-12-18T05:53:13.990+0330][61765.298s][info][gc,phases      ] GC(165)   Pre Evacuate Collection Set: 0.1ms
[2024-12-18T05:53:13.990+0330][61765.298s][info][gc,phases      ] GC(165)   Merge Heap Roots: 0.1ms
[2024-12-18T05:53:13.990+0330][61765.298s][info][gc,phases      ] GC(165)   Evacuate Collection Set: 1.6ms
[2024-12-18T05:53:13.990+0330][61765.298s][info][gc,phases      ] GC(165)   Post Evacuate Collection Set: 1.1ms
[2024-12-18T05:53:13.990+0330][61765.298s][info][gc,phases      ] GC(165)   Other: 0.3ms
[2024-12-18T05:53:13.990+0330][61765.298s][info][gc,heap        ] GC(165) Eden regions: 20->0(20)
[2024-12-18T05:53:13.990+0330][61765.298s][info][gc,heap        ] GC(165) Survivor regions: 1->1(3)
[2024-12-18T05:53:13.990+0330][61765.298s][info][gc,heap        ] GC(165) Old regions: 20->20
[2024-12-18T05:53:13.990+0330][61765.299s][info][gc,heap        ] GC(165) Archive regions: 0->0
[2024-12-18T05:53:13.990+0330][61765.299s][info][gc,heap        ] GC(165) Humongous regions: 0->0
[2024-12-18T05:53:13.990+0330][61765.299s][info][gc,metaspace   ] GC(165) Metaspace: 87466K(88064K)->87466K(88064K) NonClass: 75470K(75776K)->75470K(75776K) Class: 11995K(12288K)->11995K(12288K)
[2024-12-18T05:53:13.990+0330][61765.299s][info][gc             ] GC(165) Pause Young (Normal) (G1 Evacuation Pause) 73M->33M(94M) 3.817ms
[2024-12-18T05:53:13.990+0330][61765.299s][info][gc,cpu         ] GC(165) User=0.00s Sys=0.00s Real=0.00s
[2024-12-18T05:59:35.471+0330][62146.715s][info][gc,start       ] GC(166) Pause Young (Normal) (G1 Evacuation Pause)
[2024-12-18T05:59:35.471+0330][62146.715s][info][gc,task        ] GC(166) Using 4 workers of 4 for evacuation
[2024-12-18T05:59:35.471+0330][62146.717s][info][gc,phases      ] GC(166)   Pre Evacuate Collection Set: 0.1ms
[2024-12-18T05:59:35.471+0330][62146.717s][info][gc,phases      ] GC(166)   Merge Heap Roots: 0.1ms
[2024-12-18T05:59:35.471+0330][62146.717s][info][gc,phases      ] GC(166)   Evacuate Collection Set: 1.0ms
[2024-12-18T05:59:35.471+0330][62146.718s][info][gc,phases      ] GC(166)   Post Evacuate Collection Set: 0.8ms
[2024-12-18T05:59:35.471+0330][62146.718s][info][gc,phases      ] GC(166)   Other: 0.3ms
[2024-12-18T05:59:35.471+0330][62146.718s][info][gc,heap        ] GC(166) Eden regions: 20->0(20)
[2024-12-18T05:59:35.471+0330][62146.718s][info][gc,heap        ] GC(166) Survivor regions: 1->1(3)
[2024-12-18T05:59:35.471+0330][62146.718s][info][gc,heap        ] GC(166) Old regions: 20->20
[2024-12-18T05:59:35.471+0330][62146.718s][info][gc,heap        ] GC(166) Archive regions: 0->0
[2024-12-18T05:59:35.471+0330][62146.718s][info][gc,heap        ] GC(166) Humongous regions: 0->0
[2024-12-18T05:59:35.471+0330][62146.718s][info][gc,metaspace   ] GC(166) Metaspace: 87466K(88064K)->87466K(88064K) NonClass: 75470K(75776K)->75470K(75776K) Class: 11995K(12288K)->11995K(12288K)
[2024-12-18T05:59:35.471+0330][62146.718s][info][gc             ] GC(166) Pause Young (Normal) (G1 Evacuation Pause) 73M->34M(94M) 2.854ms
[2024-12-18T05:59:35.471+0330][62146.718s][info][gc,cpu         ] GC(166) User=0.00s Sys=0.00s Real=0.00s
[2024-12-18T06:08:15.274+0330][62666.452s][info][gc,start       ] GC(167) Pause Young (Normal) (G1 Evacuation Pause)
[2024-12-18T06:08:15.274+0330][62666.453s][info][gc,task        ] GC(167) Using 4 workers of 4 for evacuation
[2024-12-18T06:08:15.274+0330][62666.455s][info][gc,phases      ] GC(167)   Pre Evacuate Collection Set: 0.1ms
[2024-12-18T06:08:15.274+0330][62666.455s][info][gc,phases      ] GC(167)   Merge Heap Roots: 0.1ms
[2024-12-18T06:08:15.274+0330][62666.455s][info][gc,phases      ] GC(167)   Evacuate Collection Set: 1.0ms
[2024-12-18T06:08:15.274+0330][62666.455s][info][gc,phases      ] GC(167)   Post Evacuate Collection Set: 1.0ms
[2024-12-18T06:08:15.274+0330][62666.455s][info][gc,phases      ] GC(167)   Other: 0.3ms
[2024-12-18T06:08:15.274+0330][62666.455s][info][gc,heap        ] GC(167) Eden regions: 20->0(20)
[2024-12-18T06:08:15.274+0330][62666.455s][info][gc,heap        ] GC(167) Survivor regions: 1->1(3)
[2024-12-18T06:08:15.274+0330][62666.455s][info][gc,heap        ] GC(167) Old regions: 20->20
[2024-12-18T06:08:15.274+0330][62666.455s][info][gc,heap        ] GC(167) Archive regions: 0->0
[2024-12-18T06:08:15.274+0330][62666.456s][info][gc,heap        ] GC(167) Humongous regions: 0->0
[2024-12-18T06:08:15.274+0330][62666.456s][info][gc,metaspace   ] GC(167) Metaspace: 87466K(88064K)->87466K(88064K) NonClass: 75470K(75776K)->75470K(75776K) Class: 11995K(12288K)->11995K(12288K)
[2024-12-18T06:08:15.274+0330][62666.456s][info][gc             ] GC(167) Pause Young (Normal) (G1 Evacuation Pause) 74M->33M(94M) 3.174ms
[2024-12-18T06:08:15.274+0330][62666.456s][info][gc,cpu         ] GC(167) User=0.00s Sys=0.00s Real=0.00s
[2024-12-18T06:16:54.663+0330][63185.785s][info][gc,start       ] GC(168) Pause Young (Normal) (G1 Evacuation Pause)
[2024-12-18T06:16:54.663+0330][63185.785s][info][gc,task        ] GC(168) Using 4 workers of 4 for evacuation
[2024-12-18T06:16:54.663+0330][63185.787s][info][gc,phases      ] GC(168)   Pre Evacuate Collection Set: 0.1ms
[2024-12-18T06:16:54.663+0330][63185.787s][info][gc,phases      ] GC(168)   Merge Heap Roots: 0.1ms
[2024-12-18T06:16:54.663+0330][63185.787s][info][gc,phases      ] GC(168)   Evacuate Collection Set: 0.9ms
[2024-12-18T06:16:54.663+0330][63185.787s][info][gc,phases      ] GC(168)   Post Evacuate Collection Set: 0.7ms
[2024-12-18T06:16:54.663+0330][63185.787s][info][gc,phases      ] GC(168)   Other: 0.3ms
[2024-12-18T06:16:54.663+0330][63185.787s][info][gc,heap        ] GC(168) Eden regions: 20->0(20)
[2024-12-18T06:16:54.663+0330][63185.787s][info][gc,heap        ] GC(168) Survivor regions: 1->1(3)
[2024-12-18T06:16:54.663+0330][63185.787s][info][gc,heap        ] GC(168) Old regions: 20->20
[2024-12-18T06:16:54.663+0330][63185.787s][info][gc,heap        ] GC(168) Archive regions: 0->0
[2024-12-18T06:16:54.663+0330][63185.787s][info][gc,heap        ] GC(168) Humongous regions: 0->0
[2024-12-18T06:16:54.663+0330][63185.787s][info][gc,metaspace   ] GC(168) Metaspace: 87466K(88064K)->87466K(88064K) NonClass: 75470K(75776K)->75470K(75776K) Class: 11995K(12288K)->11995K(12288K)
[2024-12-18T06:16:54.663+0330][63185.787s][info][gc             ] GC(168) Pause Young (Normal) (G1 Evacuation Pause) 73M->33M(94M) 2.741ms
[2024-12-18T06:16:54.663+0330][63185.788s][info][gc,cpu         ] GC(168) User=0.00s Sys=0.00s Real=0.00s
[2024-12-18T06:23:47.194+0330][63598.280s][info][gc,start       ] GC(169) Pause Young (Normal) (G1 Evacuation Pause)
[2024-12-18T06:23:47.194+0330][63598.280s][info][gc,task        ] GC(169) Using 4 workers of 4 for evacuation
[2024-12-18T06:23:47.194+0330][63598.283s][info][gc,phases      ] GC(169)   Pre Evacuate Collection Set: 0.1ms
[2024-12-18T06:23:47.194+0330][63598.283s][info][gc,phases      ] GC(169)   Merge Heap Roots: 0.1ms
[2024-12-18T06:23:47.194+0330][63598.284s][info][gc,phases      ] GC(169)   Evacuate Collection Set: 1.5ms
[2024-12-18T06:23:47.194+0330][63598.284s][info][gc,phases      ] GC(169)   Post Evacuate Collection Set: 1.4ms
[2024-12-18T06:23:47.194+0330][63598.284s][info][gc,phases      ] GC(169)   Other: 0.3ms
[2024-12-18T06:23:47.194+0330][63598.284s][info][gc,heap        ] GC(169) Eden regions: 20->0(20)
[2024-12-18T06:23:47.194+0330][63598.284s][info][gc,heap        ] GC(169) Survivor regions: 1->1(3)
[2024-12-18T06:23:47.194+0330][63598.284s][info][gc,heap        ] GC(169) Old regions: 20->20
[2024-12-18T06:23:47.194+0330][63598.284s][info][gc,heap        ] GC(169) Archive regions: 0->0
[2024-12-18T06:23:47.194+0330][63598.284s][info][gc,heap        ] GC(169) Humongous regions: 0->0
[2024-12-18T06:23:47.194+0330][63598.284s][info][gc,metaspace   ] GC(169) Metaspace: 87466K(88064K)->87466K(88064K) NonClass: 75470K(75776K)->75470K(75776K) Class: 11995K(12288K)->11995K(12288K)
[2024-12-18T06:23:47.194+0330][63598.285s][info][gc             ] GC(169) Pause Young (Normal) (G1 Evacuation Pause) 73M->34M(94M) 4.730ms
[2024-12-18T06:23:47.194+0330][63598.285s][info][gc,cpu         ] GC(169) User=0.00s Sys=0.00s Real=0.00s
[2024-12-18T06:31:21.759+0330][64052.805s][info][gc,start       ] GC(170) Pause Young (Normal) (G1 Evacuation Pause)
[2024-12-18T06:31:21.759+0330][64052.805s][info][gc,task        ] GC(170) Using 4 workers of 4 for evacuation
[2024-12-18T06:31:21.759+0330][64052.808s][info][gc,phases      ] GC(170)   Pre Evacuate Collection Set: 0.1ms
[2024-12-18T06:31:21.759+0330][64052.808s][info][gc,phases      ] GC(170)   Merge Heap Roots: 0.1ms
[2024-12-18T06:31:21.759+0330][64052.808s][info][gc,phases      ] GC(170)   Evacuate Collection Set: 1.7ms
[2024-12-18T06:31:21.759+0330][64052.808s][info][gc,phases      ] GC(170)   Post Evacuate Collection Set: 0.9ms
[2024-12-18T06:31:21.759+0330][64052.808s][info][gc,phases      ] GC(170)   Other: 0.3ms
[2024-12-18T06:31:21.759+0330][64052.808s][info][gc,heap        ] GC(170) Eden regions: 20->0(20)
[2024-12-18T06:31:21.759+0330][64052.808s][info][gc,heap        ] GC(170) Survivor regions: 1->1(3)
[2024-12-18T06:31:21.759+0330][64052.808s][info][gc,heap        ] GC(170) Old regions: 20->20
[2024-12-18T06:31:21.759+0330][64052.808s][info][gc,heap        ] GC(170) Archive regions: 0->0
[2024-12-18T06:31:21.759+0330][64052.808s][info][gc,heap        ] GC(170) Humongous regions: 0->0
[2024-12-18T06:31:21.759+0330][64052.808s][info][gc,metaspace   ] GC(170) Metaspace: 87466K(88064K)->87466K(88064K) NonClass: 75470K(75776K)->75470K(75776K) Class: 11995K(12288K)->11995K(12288K)
[2024-12-18T06:31:21.759+0330][64052.808s][info][gc             ] GC(170) Pause Young (Normal) (G1 Evacuation Pause) 74M->34M(94M) 3.543ms
[2024-12-18T06:31:21.759+0330][64052.808s][info][gc,cpu         ] GC(170) User=0.00s Sys=0.00s Real=0.00s
[2024-12-18T06:40:04.135+0330][64575.148s][info][gc,start       ] GC(171) Pause Young (Normal) (G1 Evacuation Pause)
[2024-12-18T06:40:04.135+0330][64575.148s][info][gc,task        ] GC(171) Using 4 workers of 4 for evacuation
[2024-12-18T06:40:04.135+0330][64575.150s][info][gc,phases      ] GC(171)   Pre Evacuate Collection Set: 0.1ms
[2024-12-18T06:40:04.139+0330][64575.150s][info][gc,phases      ] GC(171)   Merge Heap Roots: 0.1ms
[2024-12-18T06:40:04.139+0330][64575.151s][info][gc,phases      ] GC(171)   Evacuate Collection Set: 1.0ms
[2024-12-18T06:40:04.139+0330][64575.151s][info][gc,phases      ] GC(171)   Post Evacuate Collection Set: 1.0ms
[2024-12-18T06:40:04.139+0330][64575.151s][info][gc,phases      ] GC(171)   Other: 0.2ms
[2024-12-18T06:40:04.139+0330][64575.151s][info][gc,heap        ] GC(171) Eden regions: 20->0(20)
[2024-12-18T06:40:04.139+0330][64575.151s][info][gc,heap        ] GC(171) Survivor regions: 1->1(3)
[2024-12-18T06:40:04.139+0330][64575.151s][info][gc,heap        ] GC(171) Old regions: 20->20
[2024-12-18T06:40:04.139+0330][64575.151s][info][gc,heap        ] GC(171) Archive regions: 0->0
[2024-12-18T06:40:04.139+0330][64575.151s][info][gc,heap        ] GC(171) Humongous regions: 0->0
[2024-12-18T06:40:04.139+0330][64575.151s][info][gc,metaspace   ] GC(171) Metaspace: 87466K(88064K)->87466K(88064K) NonClass: 75470K(75776K)->75470K(75776K) Class: 11995K(12288K)->11995K(12288K)
[2024-12-18T06:40:04.139+0330][64575.151s][info][gc             ] GC(171) Pause Young (Normal) (G1 Evacuation Pause) 74M->33M(94M) 2.958ms
[2024-12-18T06:40:04.139+0330][64575.151s][info][gc,cpu         ] GC(171) User=0.00s Sys=0.00s Real=0.00s
[2024-12-18T06:48:46.473+0330][65097.452s][info][gc,start       ] GC(172) Pause Young (Normal) (G1 Evacuation Pause)
[2024-12-18T06:48:46.473+0330][65097.452s][info][gc,task        ] GC(172) Using 4 workers of 4 for evacuation
[2024-12-18T06:48:46.475+0330][65097.454s][info][gc,phases      ] GC(172)   Pre Evacuate Collection Set: 0.1ms
[2024-12-18T06:48:46.475+0330][65097.454s][info][gc,phases      ] GC(172)   Merge Heap Roots: 0.1ms
[2024-12-18T06:48:46.475+0330][65097.455s][info][gc,phases      ] GC(172)   Evacuate Collection Set: 1.0ms
[2024-12-18T06:48:46.475+0330][65097.455s][info][gc,phases      ] GC(172)   Post Evacuate Collection Set: 0.9ms
[2024-12-18T06:48:46.475+0330][65097.455s][info][gc,phases      ] GC(172)   Other: 0.4ms
[2024-12-18T06:48:46.475+0330][65097.455s][info][gc,heap        ] GC(172) Eden regions: 20->0(20)
[2024-12-18T06:48:46.475+0330][65097.455s][info][gc,heap        ] GC(172) Survivor regions: 1->1(3)
[2024-12-18T06:48:46.475+0330][65097.455s][info][gc,heap        ] GC(172) Old regions: 20->20
[2024-12-18T06:48:46.475+0330][65097.455s][info][gc,heap        ] GC(172) Archive regions: 0->0
[2024-12-18T06:48:46.475+0330][65097.455s][info][gc,heap        ] GC(172) Humongous regions: 0->0
[2024-12-18T06:48:46.475+0330][65097.455s][info][gc,metaspace   ] GC(172) Metaspace: 87466K(88064K)->87466K(88064K) NonClass: 75470K(75776K)->75470K(75776K) Class: 11995K(12288K)->11995K(12288K)
[2024-12-18T06:48:46.475+0330][65097.455s][info][gc             ] GC(172) Pause Young (Normal) (G1 Evacuation Pause) 73M->33M(94M) 3.368ms
[2024-12-18T06:48:46.475+0330][65097.455s][info][gc,cpu         ] GC(172) User=0.00s Sys=0.00s Real=0.00s
[2024-12-18T06:54:47.049+0330][65458.016s][info][gc,start       ] GC(173) Pause Young (Normal) (G1 Evacuation Pause)
[2024-12-18T06:54:47.049+0330][65458.016s][info][gc,task        ] GC(173) Using 4 workers of 4 for evacuation
[2024-12-18T06:54:47.049+0330][65458.019s][info][gc,phases      ] GC(173)   Pre Evacuate Collection Set: 0.2ms
[2024-12-18T06:54:47.049+0330][65458.019s][info][gc,phases      ] GC(173)   Merge Heap Roots: 0.2ms
[2024-12-18T06:54:47.049+0330][65458.019s][info][gc,phases      ] GC(173)   Evacuate Collection Set: 1.5ms
[2024-12-18T06:54:47.049+0330][65458.019s][info][gc,phases      ] GC(173)   Post Evacuate Collection Set: 1.0ms
[2024-12-18T06:54:47.049+0330][65458.019s][info][gc,phases      ] GC(173)   Other: 0.2ms
[2024-12-18T06:54:47.049+0330][65458.020s][info][gc,heap        ] GC(173) Eden regions: 20->0(20)
[2024-12-18T06:54:47.049+0330][65458.020s][info][gc,heap        ] GC(173) Survivor regions: 1->1(3)
[2024-12-18T06:54:47.049+0330][65458.020s][info][gc,heap        ] GC(173) Old regions: 20->20
[2024-12-18T06:54:47.049+0330][65458.020s][info][gc,heap        ] GC(173) Archive regions: 0->0
[2024-12-18T06:54:47.049+0330][65458.020s][info][gc,heap        ] GC(173) Humongous regions: 0->0
[2024-12-18T06:54:47.049+0330][65458.020s][info][gc,metaspace   ] GC(173) Metaspace: 87466K(88064K)->87466K(88064K) NonClass: 75470K(75776K)->75470K(75776K) Class: 11995K(12288K)->11995K(12288K)
[2024-12-18T06:54:47.049+0330][65458.020s][info][gc             ] GC(173) Pause Young (Normal) (G1 Evacuation Pause) 73M->34M(94M) 3.769ms
[2024-12-18T06:54:47.049+0330][65458.020s][info][gc,cpu         ] GC(173) User=0.00s Sys=0.00s Real=0.00s
[2024-12-18T07:03:08.799+0330][65959.738s][info][gc,start       ] GC(174) Pause Young (Normal) (G1 Evacuation Pause)
[2024-12-18T07:03:08.799+0330][65959.738s][info][gc,task        ] GC(174) Using 4 workers of 4 for evacuation
[2024-12-18T07:03:08.799+0330][65959.741s][info][gc,phases      ] GC(174)   Pre Evacuate Collection Set: 0.1ms
[2024-12-18T07:03:08.799+0330][65959.741s][info][gc,phases      ] GC(174)   Merge Heap Roots: 0.1ms
[2024-12-18T07:03:08.799+0330][65959.741s][info][gc,phases      ] GC(174)   Evacuate Collection Set: 1.6ms
[2024-12-18T07:03:08.799+0330][65959.741s][info][gc,phases      ] GC(174)   Post Evacuate Collection Set: 1.2ms
[2024-12-18T07:03:08.799+0330][65959.741s][info][gc,phases      ] GC(174)   Other: 0.3ms
[2024-12-18T07:03:08.799+0330][65959.741s][info][gc,heap        ] GC(174) Eden regions: 20->0(20)
[2024-12-18T07:03:08.799+0330][65959.741s][info][gc,heap        ] GC(174) Survivor regions: 1->1(3)
[2024-12-18T07:03:08.799+0330][65959.741s][info][gc,heap        ] GC(174) Old regions: 20->20
[2024-12-18T07:03:08.799+0330][65959.741s][info][gc,heap        ] GC(174) Archive regions: 0->0
[2024-12-18T07:03:08.799+0330][65959.741s][info][gc,heap        ] GC(174) Humongous regions: 0->0
[2024-12-18T07:03:08.799+0330][65959.742s][info][gc,metaspace   ] GC(174) Metaspace: 87466K(88064K)->87466K(88064K) NonClass: 75470K(75776K)->75470K(75776K) Class: 11995K(12288K)->11995K(12288K)
[2024-12-18T07:03:08.799+0330][65959.742s][info][gc             ] GC(174) Pause Young (Normal) (G1 Evacuation Pause) 74M->34M(94M) 3.952ms
[2024-12-18T07:03:08.799+0330][65959.742s][info][gc,cpu         ] GC(174) User=0.00s Sys=0.00s Real=0.00s
[2024-12-18T07:11:46.355+0330][66477.270s][info][gc,start       ] GC(175) Pause Young (Normal) (G1 Evacuation Pause)
[2024-12-18T07:11:46.355+0330][66477.270s][info][gc,task        ] GC(175) Using 4 workers of 4 for evacuation
[2024-12-18T07:11:46.355+0330][66477.273s][info][gc,phases      ] GC(175)   Pre Evacuate Collection Set: 0.1ms
[2024-12-18T07:11:46.355+0330][66477.273s][info][gc,phases      ] GC(175)   Merge Heap Roots: 0.1ms
[2024-12-18T07:11:46.355+0330][66477.273s][info][gc,phases      ] GC(175)   Evacuate Collection Set: 1.2ms
[2024-12-18T07:11:46.355+0330][66477.273s][info][gc,phases      ] GC(175)   Post Evacuate Collection Set: 1.0ms
[2024-12-18T07:11:46.355+0330][66477.273s][info][gc,phases      ] GC(175)   Other: 0.3ms
[2024-12-18T07:11:46.355+0330][66477.273s][info][gc,heap        ] GC(175) Eden regions: 20->0(20)
[2024-12-18T07:11:46.355+0330][66477.273s][info][gc,heap        ] GC(175) Survivor regions: 1->1(3)
[2024-12-18T07:11:46.355+0330][66477.273s][info][gc,heap        ] GC(175) Old regions: 20->20
[2024-12-18T07:11:46.355+0330][66477.273s][info][gc,heap        ] GC(175) Archive regions: 0->0
[2024-12-18T07:11:46.355+0330][66477.273s][info][gc,heap        ] GC(175) Humongous regions: 0->0
[2024-12-18T07:11:46.355+0330][66477.273s][info][gc,metaspace   ] GC(175) Metaspace: 87466K(88064K)->87466K(88064K) NonClass: 75470K(75776K)->75470K(75776K) Class: 11995K(12288K)->11995K(12288K)
[2024-12-18T07:11:46.355+0330][66477.273s][info][gc             ] GC(175) Pause Young (Normal) (G1 Evacuation Pause) 74M->33M(94M) 3.405ms
[2024-12-18T07:11:46.355+0330][66477.274s][info][gc,cpu         ] GC(175) User=0.00s Sys=0.00s Real=0.00s
[2024-12-18T07:20:13.887+0330][66984.790s][info][gc,start       ] GC(176) Pause Young (Normal) (G1 Evacuation Pause)
[2024-12-18T07:20:13.887+0330][66984.791s][info][gc,task        ] GC(176) Using 4 workers of 4 for evacuation
[2024-12-18T07:20:13.887+0330][66984.793s][info][gc,phases      ] GC(176)   Pre Evacuate Collection Set: 0.1ms
[2024-12-18T07:20:13.887+0330][66984.793s][info][gc,phases      ] GC(176)   Merge Heap Roots: 0.1ms
[2024-12-18T07:20:13.887+0330][66984.793s][info][gc,phases      ] GC(176)   Evacuate Collection Set: 1.0ms
[2024-12-18T07:20:13.887+0330][66984.793s][info][gc,phases      ] GC(176)   Post Evacuate Collection Set: 0.9ms
[2024-12-18T07:20:13.887+0330][66984.793s][info][gc,phases      ] GC(176)   Other: 0.3ms
[2024-12-18T07:20:13.887+0330][66984.793s][info][gc,heap        ] GC(176) Eden regions: 20->0(20)
[2024-12-18T07:20:13.887+0330][66984.793s][info][gc,heap        ] GC(176) Survivor regions: 1->1(3)
[2024-12-18T07:20:13.887+0330][66984.793s][info][gc,heap        ] GC(176) Old regions: 20->20
[2024-12-18T07:20:13.887+0330][66984.793s][info][gc,heap        ] GC(176) Archive regions: 0->0
[2024-12-18T07:20:13.887+0330][66984.793s][info][gc,heap        ] GC(176) Humongous regions: 0->0
[2024-12-18T07:20:13.887+0330][66984.793s][info][gc,metaspace   ] GC(176) Metaspace: 87466K(88064K)->87466K(88064K) NonClass: 75470K(75776K)->75470K(75776K) Class: 11995K(12288K)->11995K(12288K)
[2024-12-18T07:20:13.887+0330][66984.794s][info][gc             ] GC(176) Pause Young (Normal) (G1 Evacuation Pause) 73M->33M(94M) 3.061ms
[2024-12-18T07:20:13.887+0330][66984.794s][info][gc,cpu         ] GC(176) User=0.00s Sys=0.00s Real=0.00s
[2024-12-18T07:26:20.886+0330][67351.771s][info][gc,start       ] GC(177) Pause Young (Normal) (G1 Evacuation Pause)
[2024-12-18T07:26:20.886+0330][67351.771s][info][gc,task        ] GC(177) Using 4 workers of 4 for evacuation
[2024-12-18T07:26:20.886+0330][67351.774s][info][gc,phases      ] GC(177)   Pre Evacuate Collection Set: 0.1ms
[2024-12-18T07:26:20.886+0330][67351.774s][info][gc,phases      ] GC(177)   Merge Heap Roots: 0.1ms
[2024-12-18T07:26:20.886+0330][67351.774s][info][gc,phases      ] GC(177)   Evacuate Collection Set: 2.1ms
[2024-12-18T07:26:20.886+0330][67351.775s][info][gc,phases      ] GC(177)   Post Evacuate Collection Set: 0.9ms
[2024-12-18T07:26:20.886+0330][67351.775s][info][gc,phases      ] GC(177)   Other: 0.3ms
[2024-12-18T07:26:20.886+0330][67351.775s][info][gc,heap        ] GC(177) Eden regions: 20->0(20)
[2024-12-18T07:26:20.886+0330][67351.775s][info][gc,heap        ] GC(177) Survivor regions: 1->1(3)
[2024-12-18T07:26:20.886+0330][67351.775s][info][gc,heap        ] GC(177) Old regions: 20->20
[2024-12-18T07:26:20.886+0330][67351.775s][info][gc,heap        ] GC(177) Archive regions: 0->0
[2024-12-18T07:26:20.886+0330][67351.775s][info][gc,heap        ] GC(177) Humongous regions: 0->0
[2024-12-18T07:26:20.886+0330][67351.775s][info][gc,metaspace   ] GC(177) Metaspace: 87466K(88064K)->87466K(88064K) NonClass: 75470K(75776K)->75470K(75776K) Class: 11995K(12288K)->11995K(12288K)
[2024-12-18T07:26:20.886+0330][67351.775s][info][gc             ] GC(177) Pause Young (Normal) (G1 Evacuation Pause) 73M->34M(94M) 4.133ms
[2024-12-18T07:26:20.886+0330][67351.775s][info][gc,cpu         ] GC(177) User=0.00s Sys=0.00s Real=0.00s
[2024-12-18T07:34:58.539+0330][67869.409s][info][gc,start       ] GC(178) Pause Young (Normal) (G1 Evacuation Pause)
[2024-12-18T07:34:58.539+0330][67869.409s][info][gc,task        ] GC(178) Using 4 workers of 4 for evacuation
[2024-12-18T07:34:58.541+0330][67869.412s][info][gc,phases      ] GC(178)   Pre Evacuate Collection Set: 0.1ms
[2024-12-18T07:34:58.541+0330][67869.412s][info][gc,phases      ] GC(178)   Merge Heap Roots: 0.1ms
[2024-12-18T07:34:58.541+0330][67869.412s][info][gc,phases      ] GC(178)   Evacuate Collection Set: 1.0ms
[2024-12-18T07:34:58.541+0330][67869.412s][info][gc,phases      ] GC(178)   Post Evacuate Collection Set: 1.1ms
[2024-12-18T07:34:58.541+0330][67869.412s][info][gc,phases      ] GC(178)   Other: 0.3ms
[2024-12-18T07:34:58.541+0330][67869.412s][info][gc,heap        ] GC(178) Eden regions: 20->0(20)
[2024-12-18T07:34:58.541+0330][67869.412s][info][gc,heap        ] GC(178) Survivor regions: 1->1(3)
[2024-12-18T07:34:58.541+0330][67869.412s][info][gc,heap        ] GC(178) Old regions: 20->20
[2024-12-18T07:34:58.541+0330][67869.412s][info][gc,heap        ] GC(178) Archive regions: 0->0
[2024-12-18T07:34:58.541+0330][67869.412s][info][gc,heap        ] GC(178) Humongous regions: 0->0
[2024-12-18T07:34:58.541+0330][67869.412s][info][gc,metaspace   ] GC(178) Metaspace: 87466K(88064K)->87466K(88064K) NonClass: 75470K(75776K)->75470K(75776K) Class: 11995K(12288K)->11995K(12288K)
[2024-12-18T07:34:58.541+0330][67869.412s][info][gc             ] GC(178) Pause Young (Normal) (G1 Evacuation Pause) 74M->34M(94M) 3.295ms
[2024-12-18T07:34:58.541+0330][67869.412s][info][gc,cpu         ] GC(178) User=0.00s Sys=0.00s Real=0.00s
[2024-12-18T07:43:37.593+0330][68388.449s][info][gc,start       ] GC(179) Pause Young (Normal) (G1 Evacuation Pause)
[2024-12-18T07:43:37.593+0330][68388.449s][info][gc,task        ] GC(179) Using 4 workers of 4 for evacuation
[2024-12-18T07:43:37.593+0330][68388.451s][info][gc,phases      ] GC(179)   Pre Evacuate Collection Set: 0.1ms
[2024-12-18T07:43:37.593+0330][68388.451s][info][gc,phases      ] GC(179)   Merge Heap Roots: 0.1ms
[2024-12-18T07:43:37.593+0330][68388.451s][info][gc,phases      ] GC(179)   Evacuate Collection Set: 1.3ms
[2024-12-18T07:43:37.593+0330][68388.452s][info][gc,phases      ] GC(179)   Post Evacuate Collection Set: 0.9ms
[2024-12-18T07:43:37.593+0330][68388.452s][info][gc,phases      ] GC(179)   Other: 0.3ms
[2024-12-18T07:43:37.593+0330][68388.452s][info][gc,heap        ] GC(179) Eden regions: 20->0(20)
[2024-12-18T07:43:37.593+0330][68388.452s][info][gc,heap        ] GC(179) Survivor regions: 1->1(3)
[2024-12-18T07:43:37.593+0330][68388.452s][info][gc,heap        ] GC(179) Old regions: 20->20
[2024-12-18T07:43:37.593+0330][68388.452s][info][gc,heap        ] GC(179) Archive regions: 0->0
[2024-12-18T07:43:37.593+0330][68388.452s][info][gc,heap        ] GC(179) Humongous regions: 0->0
[2024-12-18T07:43:37.593+0330][68388.452s][info][gc,metaspace   ] GC(179) Metaspace: 87466K(88064K)->87466K(88064K) NonClass: 75470K(75776K)->75470K(75776K) Class: 11995K(12288K)->11995K(12288K)
[2024-12-18T07:43:37.593+0330][68388.452s][info][gc             ] GC(179) Pause Young (Normal) (G1 Evacuation Pause) 74M->33M(94M) 3.353ms
[2024-12-18T07:43:37.593+0330][68388.452s][info][gc,cpu         ] GC(179) User=0.00s Sys=0.00s Real=0.00s
[2024-12-18T07:51:45.172+0330][68876.022s][info][gc,start       ] GC(180) Pause Young (Normal) (G1 Evacuation Pause)
[2024-12-18T07:51:45.172+0330][68876.022s][info][gc,task        ] GC(180) Using 4 workers of 4 for evacuation
[2024-12-18T07:51:45.172+0330][68876.025s][info][gc,phases      ] GC(180)   Pre Evacuate Collection Set: 0.1ms
[2024-12-18T07:51:45.172+0330][68876.025s][info][gc,phases      ] GC(180)   Merge Heap Roots: 0.1ms
[2024-12-18T07:51:45.172+0330][68876.026s][info][gc,phases      ] GC(180)   Evacuate Collection Set: 1.7ms
[2024-12-18T07:51:45.172+0330][68876.026s][info][gc,phases      ] GC(180)   Post Evacuate Collection Set: 1.3ms
[2024-12-18T07:51:45.172+0330][68876.026s][info][gc,phases      ] GC(180)   Other: 0.3ms
[2024-12-18T07:51:45.172+0330][68876.026s][info][gc,heap        ] GC(180) Eden regions: 20->0(20)
[2024-12-18T07:51:45.172+0330][68876.026s][info][gc,heap        ] GC(180) Survivor regions: 1->1(3)
[2024-12-18T07:51:45.172+0330][68876.026s][info][gc,heap        ] GC(180) Old regions: 20->20
[2024-12-18T07:51:45.172+0330][68876.026s][info][gc,heap        ] GC(180) Archive regions: 0->0
[2024-12-18T07:51:45.172+0330][68876.026s][info][gc,heap        ] GC(180) Humongous regions: 0->0
[2024-12-18T07:51:45.172+0330][68876.026s][info][gc,metaspace   ] GC(180) Metaspace: 87466K(88064K)->87466K(88064K) NonClass: 75470K(75776K)->75470K(75776K) Class: 11995K(12288K)->11995K(12288K)
[2024-12-18T07:51:45.172+0330][68876.026s][info][gc             ] GC(180) Pause Young (Normal) (G1 Evacuation Pause) 73M->33M(94M) 3.962ms
[2024-12-18T07:51:45.172+0330][68876.026s][info][gc,cpu         ] GC(180) User=0.00s Sys=0.00s Real=0.00s
[2024-12-18T07:58:10.606+0330][69261.447s][info][gc,start       ] GC(181) Pause Young (Normal) (G1 Evacuation Pause)
[2024-12-18T07:58:10.606+0330][69261.447s][info][gc,task        ] GC(181) Using 4 workers of 4 for evacuation
[2024-12-18T07:58:10.606+0330][69261.450s][info][gc,phases      ] GC(181)   Pre Evacuate Collection Set: 0.1ms
[2024-12-18T07:58:10.606+0330][69261.450s][info][gc,phases      ] GC(181)   Merge Heap Roots: 0.1ms
[2024-12-18T07:58:10.606+0330][69261.451s][info][gc,phases      ] GC(181)   Evacuate Collection Set: 1.0ms
[2024-12-18T07:58:10.606+0330][69261.451s][info][gc,phases      ] GC(181)   Post Evacuate Collection Set: 0.8ms
[2024-12-18T07:58:10.606+0330][69261.451s][info][gc,phases      ] GC(181)   Other: 1.9ms
[2024-12-18T07:58:10.606+0330][69261.451s][info][gc,heap        ] GC(181) Eden regions: 20->0(20)
[2024-12-18T07:58:10.606+0330][69261.451s][info][gc,heap        ] GC(181) Survivor regions: 1->1(3)
[2024-12-18T07:58:10.606+0330][69261.451s][info][gc,heap        ] GC(181) Old regions: 20->20
[2024-12-18T07:58:10.606+0330][69261.451s][info][gc,heap        ] GC(181) Archive regions: 0->0
[2024-12-18T07:58:10.606+0330][69261.451s][info][gc,heap        ] GC(181) Humongous regions: 0->0
[2024-12-18T07:58:10.606+0330][69261.451s][info][gc,metaspace   ] GC(181) Metaspace: 87466K(88064K)->87466K(88064K) NonClass: 75470K(75776K)->75470K(75776K) Class: 11995K(12288K)->11995K(12288K)
[2024-12-18T07:58:10.606+0330][69261.451s][info][gc             ] GC(181) Pause Young (Normal) (G1 Evacuation Pause) 73M->34M(94M) 4.575ms
[2024-12-18T07:58:10.606+0330][69261.451s][info][gc,cpu         ] GC(181) User=0.00s Sys=0.00s Real=0.00s
[2024-12-18T08:06:52.618+0330][69783.446s][info][gc,start       ] GC(182) Pause Young (Normal) (G1 Evacuation Pause)
[2024-12-18T08:06:52.618+0330][69783.446s][info][gc,task        ] GC(182) Using 4 workers of 4 for evacuation
[2024-12-18T08:06:52.618+0330][69783.448s][info][gc,phases      ] GC(182)   Pre Evacuate Collection Set: 0.1ms
[2024-12-18T08:06:52.618+0330][69783.448s][info][gc,phases      ] GC(182)   Merge Heap Roots: 0.1ms
[2024-12-18T08:06:52.618+0330][69783.449s][info][gc,phases      ] GC(182)   Evacuate Collection Set: 1.0ms
[2024-12-18T08:06:52.618+0330][69783.449s][info][gc,phases      ] GC(182)   Post Evacuate Collection Set: 1.0ms
[2024-12-18T08:06:52.618+0330][69783.449s][info][gc,phases      ] GC(182)   Other: 0.3ms
[2024-12-18T08:06:52.618+0330][69783.449s][info][gc,heap        ] GC(182) Eden regions: 20->0(20)
[2024-12-18T08:06:52.618+0330][69783.449s][info][gc,heap        ] GC(182) Survivor regions: 1->1(3)
[2024-12-18T08:06:52.618+0330][69783.449s][info][gc,heap        ] GC(182) Old regions: 20->20
[2024-12-18T08:06:52.618+0330][69783.449s][info][gc,heap        ] GC(182) Archive regions: 0->0
[2024-12-18T08:06:52.618+0330][69783.449s][info][gc,heap        ] GC(182) Humongous regions: 0->0
[2024-12-18T08:06:52.618+0330][69783.449s][info][gc,metaspace   ] GC(182) Metaspace: 87466K(88064K)->87466K(88064K) NonClass: 75470K(75776K)->75470K(75776K) Class: 11995K(12288K)->11995K(12288K)
[2024-12-18T08:06:52.618+0330][69783.449s][info][gc             ] GC(182) Pause Young (Normal) (G1 Evacuation Pause) 74M->34M(94M) 3.144ms
[2024-12-18T08:06:52.618+0330][69783.449s][info][gc,cpu         ] GC(182) User=0.00s Sys=0.00s Real=0.00s
[2024-12-18T08:15:37.622+0330][70308.439s][info][gc,start       ] GC(183) Pause Young (Normal) (G1 Evacuation Pause)
[2024-12-18T08:15:37.623+0330][70308.439s][info][gc,task        ] GC(183) Using 4 workers of 4 for evacuation
[2024-12-18T08:15:37.623+0330][70308.442s][info][gc,phases      ] GC(183)   Pre Evacuate Collection Set: 0.1ms
[2024-12-18T08:15:37.623+0330][70308.442s][info][gc,phases      ] GC(183)   Merge Heap Roots: 0.1ms
[2024-12-18T08:15:37.623+0330][70308.442s][info][gc,phases      ] GC(183)   Evacuate Collection Set: 1.4ms
[2024-12-18T08:15:37.623+0330][70308.442s][info][gc,phases      ] GC(183)   Post Evacuate Collection Set: 1.2ms
[2024-12-18T08:15:37.623+0330][70308.442s][info][gc,phases      ] GC(183)   Other: 0.3ms
[2024-12-18T08:15:37.623+0330][70308.442s][info][gc,heap        ] GC(183) Eden regions: 20->0(20)
[2024-12-18T08:15:37.623+0330][70308.442s][info][gc,heap        ] GC(183) Survivor regions: 1->1(3)
[2024-12-18T08:15:37.623+0330][70308.443s][info][gc,heap        ] GC(183) Old regions: 20->20
[2024-12-18T08:15:37.623+0330][70308.443s][info][gc,heap        ] GC(183) Archive regions: 0->0
[2024-12-18T08:15:37.623+0330][70308.443s][info][gc,heap        ] GC(183) Humongous regions: 0->0
[2024-12-18T08:15:37.623+0330][70308.443s][info][gc,metaspace   ] GC(183) Metaspace: 87466K(88064K)->87466K(88064K) NonClass: 75470K(75776K)->75470K(75776K) Class: 11995K(12288K)->11995K(12288K)
[2024-12-18T08:15:37.623+0330][70308.443s][info][gc             ] GC(183) Pause Young (Normal) (G1 Evacuation Pause) 74M->33M(94M) 3.946ms
[2024-12-18T08:15:37.623+0330][70308.443s][info][gc,cpu         ] GC(183) User=0.00s Sys=0.02s Real=0.00s
[2024-12-18T08:22:34.735+0330][70725.545s][info][gc,start       ] GC(184) Pause Young (Normal) (G1 Evacuation Pause)
[2024-12-18T08:22:34.735+0330][70725.545s][info][gc,task        ] GC(184) Using 4 workers of 4 for evacuation
[2024-12-18T08:22:34.735+0330][70725.549s][info][gc,phases      ] GC(184)   Pre Evacuate Collection Set: 0.1ms
[2024-12-18T08:22:34.735+0330][70725.549s][info][gc,phases      ] GC(184)   Merge Heap Roots: 0.1ms
[2024-12-18T08:22:34.735+0330][70725.549s][info][gc,phases      ] GC(184)   Evacuate Collection Set: 1.1ms
[2024-12-18T08:22:34.735+0330][70725.549s][info][gc,phases      ] GC(184)   Post Evacuate Collection Set: 0.9ms
[2024-12-18T08:22:34.735+0330][70725.549s][info][gc,phases      ] GC(184)   Other: 1.9ms
[2024-12-18T08:22:34.735+0330][70725.549s][info][gc,heap        ] GC(184) Eden regions: 20->0(20)
[2024-12-18T08:22:34.735+0330][70725.549s][info][gc,heap        ] GC(184) Survivor regions: 1->1(3)
[2024-12-18T08:22:34.735+0330][70725.549s][info][gc,heap        ] GC(184) Old regions: 20->20
[2024-12-18T08:22:34.735+0330][70725.549s][info][gc,heap        ] GC(184) Archive regions: 0->0
[2024-12-18T08:22:34.735+0330][70725.549s][info][gc,heap        ] GC(184) Humongous regions: 0->0
[2024-12-18T08:22:34.735+0330][70725.549s][info][gc,metaspace   ] GC(184) Metaspace: 87466K(88064K)->87466K(88064K) NonClass: 75470K(75776K)->75470K(75776K) Class: 11995K(12288K)->11995K(12288K)
[2024-12-18T08:22:34.735+0330][70725.550s][info][gc             ] GC(184) Pause Young (Normal) (G1 Evacuation Pause) 73M->34M(94M) 4.647ms
[2024-12-18T08:22:34.735+0330][70725.550s][info][gc,cpu         ] GC(184) User=0.00s Sys=0.00s Real=0.00s
[2024-12-18T08:30:09.866+0330][71180.669s][info][gc,start       ] GC(185) Pause Young (Normal) (G1 Evacuation Pause)
[2024-12-18T08:30:09.866+0330][71180.669s][info][gc,task        ] GC(185) Using 4 workers of 4 for evacuation
[2024-12-18T08:30:09.866+0330][71180.672s][info][gc,phases      ] GC(185)   Pre Evacuate Collection Set: 0.1ms
[2024-12-18T08:30:09.866+0330][71180.672s][info][gc,phases      ] GC(185)   Merge Heap Roots: 0.1ms
[2024-12-18T08:30:09.866+0330][71180.672s][info][gc,phases      ] GC(185)   Evacuate Collection Set: 1.3ms
[2024-12-18T08:30:09.866+0330][71180.672s][info][gc,phases      ] GC(185)   Post Evacuate Collection Set: 1.6ms
[2024-12-18T08:30:09.866+0330][71180.672s][info][gc,phases      ] GC(185)   Other: 0.4ms
[2024-12-18T08:30:09.866+0330][71180.673s][info][gc,heap        ] GC(185) Eden regions: 20->0(20)
[2024-12-18T08:30:09.866+0330][71180.673s][info][gc,heap        ] GC(185) Survivor regions: 1->1(3)
[2024-12-18T08:30:09.866+0330][71180.673s][info][gc,heap        ] GC(185) Old regions: 20->20
[2024-12-18T08:30:09.866+0330][71180.673s][info][gc,heap        ] GC(185) Archive regions: 0->0
[2024-12-18T08:30:09.866+0330][71180.673s][info][gc,heap        ] GC(185) Humongous regions: 0->0
[2024-12-18T08:30:09.866+0330][71180.673s][info][gc,metaspace   ] GC(185) Metaspace: 87466K(88064K)->87466K(88064K) NonClass: 75470K(75776K)->75470K(75776K) Class: 11995K(12288K)->11995K(12288K)
[2024-12-18T08:30:09.866+0330][71180.673s][info][gc             ] GC(185) Pause Young (Normal) (G1 Evacuation Pause) 74M->34M(94M) 4.249ms
[2024-12-18T08:30:09.866+0330][71180.673s][info][gc,cpu         ] GC(185) User=0.00s Sys=0.00s Real=0.00s
[2024-12-18T08:38:49.648+0330][71700.445s][info][gc,start       ] GC(186) Pause Young (Normal) (G1 Evacuation Pause)
[2024-12-18T08:38:49.648+0330][71700.445s][info][gc,task        ] GC(186) Using 4 workers of 4 for evacuation
[2024-12-18T08:38:49.648+0330][71700.447s][info][gc,phases      ] GC(186)   Pre Evacuate Collection Set: 0.1ms
[2024-12-18T08:38:49.648+0330][71700.447s][info][gc,phases      ] GC(186)   Merge Heap Roots: 0.1ms
[2024-12-18T08:38:49.648+0330][71700.447s][info][gc,phases      ] GC(186)   Evacuate Collection Set: 0.9ms
[2024-12-18T08:38:49.648+0330][71700.447s][info][gc,phases      ] GC(186)   Post Evacuate Collection Set: 1.0ms
[2024-12-18T08:38:49.648+0330][71700.447s][info][gc,phases      ] GC(186)   Other: 0.3ms
[2024-12-18T08:38:49.648+0330][71700.447s][info][gc,heap        ] GC(186) Eden regions: 20->0(20)
[2024-12-18T08:38:49.648+0330][71700.448s][info][gc,heap        ] GC(186) Survivor regions: 1->1(3)
[2024-12-18T08:38:49.648+0330][71700.448s][info][gc,heap        ] GC(186) Old regions: 20->20
[2024-12-18T08:38:49.648+0330][71700.448s][info][gc,heap        ] GC(186) Archive regions: 0->0
[2024-12-18T08:38:49.648+0330][71700.448s][info][gc,heap        ] GC(186) Humongous regions: 0->0
[2024-12-18T08:38:49.648+0330][71700.448s][info][gc,metaspace   ] GC(186) Metaspace: 87466K(88064K)->87466K(88064K) NonClass: 75470K(75776K)->75470K(75776K) Class: 11995K(12288K)->11995K(12288K)
[2024-12-18T08:38:49.648+0330][71700.448s][info][gc             ] GC(186) Pause Young (Normal) (G1 Evacuation Pause) 74M->33M(94M) 2.920ms
[2024-12-18T08:38:49.648+0330][71700.448s][info][gc,cpu         ] GC(186) User=0.00s Sys=0.00s Real=0.00s
[2024-12-18T08:47:33.275+0330][72224.064s][info][gc,start       ] GC(187) Pause Young (Normal) (G1 Evacuation Pause)
[2024-12-18T08:47:33.275+0330][72224.064s][info][gc,task        ] GC(187) Using 4 workers of 4 for evacuation
[2024-12-18T08:47:33.275+0330][72224.070s][info][gc,phases      ] GC(187)   Pre Evacuate Collection Set: 0.1ms
[2024-12-18T08:47:33.275+0330][72224.070s][info][gc,phases      ] GC(187)   Merge Heap Roots: 0.1ms
[2024-12-18T08:47:33.275+0330][72224.070s][info][gc,phases      ] GC(187)   Evacuate Collection Set: 4.9ms
[2024-12-18T08:47:33.275+0330][72224.071s][info][gc,phases      ] GC(187)   Post Evacuate Collection Set: 1.1ms
[2024-12-18T08:47:33.275+0330][72224.071s][info][gc,phases      ] GC(187)   Other: 0.3ms
[2024-12-18T08:47:33.275+0330][72224.071s][info][gc,heap        ] GC(187) Eden regions: 20->0(20)
[2024-12-18T08:47:33.275+0330][72224.071s][info][gc,heap        ] GC(187) Survivor regions: 1->1(3)
[2024-12-18T08:47:33.275+0330][72224.071s][info][gc,heap        ] GC(187) Old regions: 20->20
[2024-12-18T08:47:33.275+0330][72224.071s][info][gc,heap        ] GC(187) Archive regions: 0->0
[2024-12-18T08:47:33.275+0330][72224.071s][info][gc,heap        ] GC(187) Humongous regions: 0->0
[2024-12-18T08:47:33.275+0330][72224.071s][info][gc,metaspace   ] GC(187) Metaspace: 87466K(88064K)->87466K(88064K) NonClass: 75470K(75776K)->75470K(75776K) Class: 11995K(12288K)->11995K(12288K)
[2024-12-18T08:47:33.275+0330][72224.071s][info][gc             ] GC(187) Pause Young (Normal) (G1 Evacuation Pause) 73M->33M(94M) 7.211ms
[2024-12-18T08:47:33.275+0330][72224.071s][info][gc,cpu         ] GC(187) User=0.00s Sys=0.00s Real=0.00s
[2024-12-18T08:53:37.855+0330][72588.641s][info][gc,start       ] GC(188) Pause Young (Normal) (G1 Evacuation Pause)
[2024-12-18T08:53:37.855+0330][72588.642s][info][gc,task        ] GC(188) Using 4 workers of 4 for evacuation
[2024-12-18T08:53:37.855+0330][72588.646s][info][gc,phases      ] GC(188)   Pre Evacuate Collection Set: 0.4ms
[2024-12-18T08:53:37.855+0330][72588.646s][info][gc,phases      ] GC(188)   Merge Heap Roots: 0.1ms
[2024-12-18T08:53:37.855+0330][72588.646s][info][gc,phases      ] GC(188)   Evacuate Collection Set: 1.4ms
[2024-12-18T08:53:37.855+0330][72588.646s][info][gc,phases      ] GC(188)   Post Evacuate Collection Set: 0.9ms
[2024-12-18T08:53:37.855+0330][72588.646s][info][gc,phases      ] GC(188)   Other: 1.8ms
[2024-12-18T08:53:37.855+0330][72588.646s][info][gc,heap        ] GC(188) Eden regions: 20->0(20)
[2024-12-18T08:53:37.855+0330][72588.646s][info][gc,heap        ] GC(188) Survivor regions: 1->1(3)
[2024-12-18T08:53:37.855+0330][72588.647s][info][gc,heap        ] GC(188) Old regions: 20->20
[2024-12-18T08:53:37.855+0330][72588.647s][info][gc,heap        ] GC(188) Archive regions: 0->0
[2024-12-18T08:53:37.855+0330][72588.647s][info][gc,heap        ] GC(188) Humongous regions: 0->0
[2024-12-18T08:53:37.855+0330][72588.647s][info][gc,metaspace   ] GC(188) Metaspace: 87466K(88064K)->87466K(88064K) NonClass: 75470K(75776K)->75470K(75776K) Class: 11995K(12288K)->11995K(12288K)
[2024-12-18T08:53:37.855+0330][72588.647s][info][gc             ] GC(188) Pause Young (Normal) (G1 Evacuation Pause) 73M->34M(94M) 5.294ms
[2024-12-18T08:53:37.855+0330][72588.647s][info][gc,cpu         ] GC(188) User=0.00s Sys=0.00s Real=0.00s
[2024-12-18T09:01:59.940+0330][73090.726s][info][gc,start       ] GC(189) Pause Young (Normal) (G1 Evacuation Pause)
[2024-12-18T09:01:59.940+0330][73090.726s][info][gc,task        ] GC(189) Using 4 workers of 4 for evacuation
[2024-12-18T09:01:59.940+0330][73090.728s][info][gc,phases      ] GC(189)   Pre Evacuate Collection Set: 0.1ms
[2024-12-18T09:01:59.940+0330][73090.728s][info][gc,phases      ] GC(189)   Merge Heap Roots: 0.1ms
[2024-12-18T09:01:59.940+0330][73090.728s][info][gc,phases      ] GC(189)   Evacuate Collection Set: 1.1ms
[2024-12-18T09:01:59.940+0330][73090.728s][info][gc,phases      ] GC(189)   Post Evacuate Collection Set: 1.1ms
[2024-12-18T09:01:59.940+0330][73090.728s][info][gc,phases      ] GC(189)   Other: 0.3ms
[2024-12-18T09:01:59.940+0330][73090.728s][info][gc,heap        ] GC(189) Eden regions: 20->0(20)
[2024-12-18T09:01:59.940+0330][73090.728s][info][gc,heap        ] GC(189) Survivor regions: 1->1(3)
[2024-12-18T09:01:59.940+0330][73090.729s][info][gc,heap        ] GC(189) Old regions: 20->20
[2024-12-18T09:01:59.940+0330][73090.729s][info][gc,heap        ] GC(189) Archive regions: 0->0
[2024-12-18T09:01:59.940+0330][73090.729s][info][gc,heap        ] GC(189) Humongous regions: 0->0
[2024-12-18T09:01:59.940+0330][73090.729s][info][gc,metaspace   ] GC(189) Metaspace: 87466K(88064K)->87466K(88064K) NonClass: 75470K(75776K)->75470K(75776K) Class: 11995K(12288K)->11995K(12288K)
[2024-12-18T09:01:59.940+0330][73090.729s][info][gc             ] GC(189) Pause Young (Normal) (G1 Evacuation Pause) 74M->34M(94M) 3.233ms
[2024-12-18T09:01:59.940+0330][73090.729s][info][gc,cpu         ] GC(189) User=0.00s Sys=0.00s Real=0.00s
[2024-12-18T09:10:41.677+0330][73612.449s][info][gc,start       ] GC(190) Pause Young (Normal) (G1 Evacuation Pause)
[2024-12-18T09:10:41.678+0330][73612.449s][info][gc,task        ] GC(190) Using 4 workers of 4 for evacuation
[2024-12-18T09:10:41.678+0330][73612.451s][info][gc,phases      ] GC(190)   Pre Evacuate Collection Set: 0.1ms
[2024-12-18T09:10:41.678+0330][73612.451s][info][gc,phases      ] GC(190)   Merge Heap Roots: 0.1ms
[2024-12-18T09:10:41.678+0330][73612.451s][info][gc,phases      ] GC(190)   Evacuate Collection Set: 1.2ms
[2024-12-18T09:10:41.678+0330][73612.451s][info][gc,phases      ] GC(190)   Post Evacuate Collection Set: 1.0ms
[2024-12-18T09:10:41.678+0330][73612.451s][info][gc,phases      ] GC(190)   Other: 0.3ms
[2024-12-18T09:10:41.678+0330][73612.452s][info][gc,heap        ] GC(190) Eden regions: 20->0(20)
[2024-12-18T09:10:41.678+0330][73612.452s][info][gc,heap        ] GC(190) Survivor regions: 1->1(3)
[2024-12-18T09:10:41.678+0330][73612.452s][info][gc,heap        ] GC(190) Old regions: 20->20
[2024-12-18T09:10:41.678+0330][73612.452s][info][gc,heap        ] GC(190) Archive regions: 0->0
[2024-12-18T09:10:41.678+0330][73612.452s][info][gc,heap        ] GC(190) Humongous regions: 0->0
[2024-12-18T09:10:41.678+0330][73612.452s][info][gc,metaspace   ] GC(190) Metaspace: 87466K(88064K)->87466K(88064K) NonClass: 75470K(75776K)->75470K(75776K) Class: 11995K(12288K)->11995K(12288K)
[2024-12-18T09:10:41.678+0330][73612.452s][info][gc             ] GC(190) Pause Young (Normal) (G1 Evacuation Pause) 74M->33M(94M) 3.325ms
[2024-12-18T09:10:41.678+0330][73612.452s][info][gc,cpu         ] GC(190) User=0.00s Sys=0.00s Real=0.00s
[2024-12-18T09:19:07.671+0330][74118.437s][info][gc,start       ] GC(191) Pause Young (Normal) (G1 Evacuation Pause)
[2024-12-18T09:19:07.671+0330][74118.437s][info][gc,task        ] GC(191) Using 4 workers of 4 for evacuation
[2024-12-18T09:19:07.671+0330][74118.439s][info][gc,phases      ] GC(191)   Pre Evacuate Collection Set: 0.1ms
[2024-12-18T09:19:07.671+0330][74118.439s][info][gc,phases      ] GC(191)   Merge Heap Roots: 0.1ms
[2024-12-18T09:19:07.671+0330][74118.439s][info][gc,phases      ] GC(191)   Evacuate Collection Set: 1.0ms
[2024-12-18T09:19:07.671+0330][74118.439s][info][gc,phases      ] GC(191)   Post Evacuate Collection Set: 0.9ms
[2024-12-18T09:19:07.671+0330][74118.439s][info][gc,phases      ] GC(191)   Other: 0.2ms
[2024-12-18T09:19:07.671+0330][74118.440s][info][gc,heap        ] GC(191) Eden regions: 20->0(20)
[2024-12-18T09:19:07.671+0330][74118.440s][info][gc,heap        ] GC(191) Survivor regions: 1->1(3)
[2024-12-18T09:19:07.671+0330][74118.440s][info][gc,heap        ] GC(191) Old regions: 20->20
[2024-12-18T09:19:07.671+0330][74118.440s][info][gc,heap        ] GC(191) Archive regions: 0->0
[2024-12-18T09:19:07.671+0330][74118.440s][info][gc,heap        ] GC(191) Humongous regions: 0->0
[2024-12-18T09:19:07.671+0330][74118.440s][info][gc,metaspace   ] GC(191) Metaspace: 87466K(88064K)->87466K(88064K) NonClass: 75470K(75776K)->75470K(75776K) Class: 11995K(12288K)->11995K(12288K)
[2024-12-18T09:19:07.671+0330][74118.440s][info][gc             ] GC(191) Pause Young (Normal) (G1 Evacuation Pause) 73M->33M(94M) 2.932ms
[2024-12-18T09:19:07.671+0330][74118.440s][info][gc,cpu         ] GC(191) User=0.00s Sys=0.00s Real=0.00s
[2024-12-18T09:25:15.188+0330][74485.950s][info][gc,start       ] GC(192) Pause Young (Normal) (G1 Evacuation Pause)
[2024-12-18T09:25:15.188+0330][74485.950s][info][gc,task        ] GC(192) Using 4 workers of 4 for evacuation
[2024-12-18T09:25:15.188+0330][74485.952s][info][gc,phases      ] GC(192)   Pre Evacuate Collection Set: 0.2ms
[2024-12-18T09:25:15.188+0330][74485.952s][info][gc,phases      ] GC(192)   Merge Heap Roots: 0.1ms
[2024-12-18T09:25:15.188+0330][74485.953s][info][gc,phases      ] GC(192)   Evacuate Collection Set: 1.2ms
[2024-12-18T09:25:15.188+0330][74485.953s][info][gc,phases      ] GC(192)   Post Evacuate Collection Set: 0.9ms
[2024-12-18T09:25:15.188+0330][74485.953s][info][gc,phases      ] GC(192)   Other: 0.3ms
[2024-12-18T09:25:15.188+0330][74485.953s][info][gc,heap        ] GC(192) Eden regions: 20->0(20)
[2024-12-18T09:25:15.188+0330][74485.953s][info][gc,heap        ] GC(192) Survivor regions: 1->1(3)
[2024-12-18T09:25:15.188+0330][74485.953s][info][gc,heap        ] GC(192) Old regions: 20->20
[2024-12-18T09:25:15.188+0330][74485.953s][info][gc,heap        ] GC(192) Archive regions: 0->0
[2024-12-18T09:25:15.188+0330][74485.953s][info][gc,heap        ] GC(192) Humongous regions: 0->0
[2024-12-18T09:25:15.188+0330][74485.953s][info][gc,metaspace   ] GC(192) Metaspace: 87466K(88064K)->87466K(88064K) NonClass: 75470K(75776K)->75470K(75776K) Class: 11995K(12288K)->11995K(12288K)
[2024-12-18T09:25:15.188+0330][74485.953s][info][gc             ] GC(192) Pause Young (Normal) (G1 Evacuation Pause) 73M->34M(94M) 3.148ms
[2024-12-18T09:25:15.188+0330][74485.953s][info][gc,cpu         ] GC(192) User=0.00s Sys=0.00s Real=0.00s
[2024-12-18T09:34:06.004+0330][75016.760s][info][gc,start       ] GC(193) Pause Young (Normal) (G1 Evacuation Pause)
[2024-12-18T09:34:06.004+0330][75016.760s][info][gc,task        ] GC(193) Using 4 workers of 4 for evacuation
[2024-12-18T09:34:06.012+0330][75016.768s][info][gc,phases      ] GC(193)   Pre Evacuate Collection Set: 0.5ms
[2024-12-18T09:34:06.012+0330][75016.768s][info][gc,phases      ] GC(193)   Merge Heap Roots: 0.4ms
[2024-12-18T09:34:06.013+0330][75016.768s][info][gc,phases      ] GC(193)   Evacuate Collection Set: 3.1ms
[2024-12-18T09:34:06.013+0330][75016.769s][info][gc,phases      ] GC(193)   Post Evacuate Collection Set: 3.5ms
[2024-12-18T09:34:06.013+0330][75016.769s][info][gc,phases      ] GC(193)   Other: 1.0ms
[2024-12-18T09:34:06.013+0330][75016.769s][info][gc,heap        ] GC(193) Eden regions: 20->0(20)
[2024-12-18T09:34:06.013+0330][75016.769s][info][gc,heap        ] GC(193) Survivor regions: 1->1(3)
[2024-12-18T09:34:06.013+0330][75016.769s][info][gc,heap        ] GC(193) Old regions: 20->20
[2024-12-18T09:34:06.013+0330][75016.769s][info][gc,heap        ] GC(193) Archive regions: 0->0
[2024-12-18T09:34:06.013+0330][75016.769s][info][gc,heap        ] GC(193) Humongous regions: 0->0
[2024-12-18T09:34:06.013+0330][75016.769s][info][gc,metaspace   ] GC(193) Metaspace: 87466K(88064K)->87466K(88064K) NonClass: 75470K(75776K)->75470K(75776K) Class: 11995K(12288K)->11995K(12288K)
[2024-12-18T09:34:06.014+0330][75016.769s][info][gc             ] GC(193) Pause Young (Normal) (G1 Evacuation Pause) 74M->34M(94M) 9.179ms
[2024-12-18T09:34:06.014+0330][75016.770s][info][gc,cpu         ] GC(193) User=0.00s Sys=0.00s Real=0.01s
